Archive member included to satisfy reference by file (symbol)

../Middlewares/ST/ARM/DSP/Lib/libarm_cortexM4lf_math.a(arm_rfft_fast_init_f32.o)
                              ./Drivers/Modules/FFT_DPS.o (arm_rfft_fast_init_f32)
../Middlewares/ST/ARM/DSP/Lib/libarm_cortexM4lf_math.a(arm_rfft_fast_f32.o)
                              ./Drivers/Modules/FFT_DPS.o (arm_rfft_fast_f32)
../Middlewares/ST/ARM/DSP/Lib/libarm_cortexM4lf_math.a(arm_cfft_f32.o)
                              ../Middlewares/ST/ARM/DSP/Lib/libarm_cortexM4lf_math.a(arm_rfft_fast_f32.o) (arm_cfft_f32)
../Middlewares/ST/ARM/DSP/Lib/libarm_cortexM4lf_math.a(arm_bitreversal2.o)
                              ../Middlewares/ST/ARM/DSP/Lib/libarm_cortexM4lf_math.a(arm_cfft_f32.o) (arm_bitreversal_32)
../Middlewares/ST/ARM/DSP/Lib/libarm_cortexM4lf_math.a(arm_biquad_cascade_df1_init_f32.o)
                              ./Drivers/Modules/IIR_DSP.o (arm_biquad_cascade_df1_init_f32)
../Middlewares/ST/ARM/DSP/Lib/libarm_cortexM4lf_math.a(arm_cmplx_mag_f32.o)
                              ./Drivers/Modules/FFT_DPS.o (arm_cmplx_mag_f32)
../Middlewares/ST/ARM/DSP/Lib/libarm_cortexM4lf_math.a(arm_common_tables.o)
                              ../Middlewares/ST/ARM/DSP/Lib/libarm_cortexM4lf_math.a(arm_rfft_fast_init_f32.o) (twiddleCoef_rfft_4096)
../Middlewares/ST/ARM/DSP/Lib/libarm_cortexM4lf_math.a(arm_cfft_init_f32.o)
                              ../Middlewares/ST/ARM/DSP/Lib/libarm_cortexM4lf_math.a(arm_rfft_fast_init_f32.o) (arm_cfft_init_f32)
../Middlewares/ST/ARM/DSP/Lib/libarm_cortexM4lf_math.a(arm_cfft_radix8_f32.o)
                              ../Middlewares/ST/ARM/DSP/Lib/libarm_cortexM4lf_math.a(arm_cfft_f32.o) (arm_radix8_butterfly_f32)
../Middlewares/ST/ARM/DSP/Lib/libarm_cortexM4lf_math.a(arm_const_structs.o)
                              ../Middlewares/ST/ARM/DSP/Lib/libarm_cortexM4lf_math.a(arm_cfft_init_f32.o) (arm_cfft_sR_f32_len4096)
/Applications/STM32CubeIDE.app/Contents/Eclipse/plugins/com.st.stm32cube.ide.mcu.externaltools.gnu-tools-for-stm32.13.3.rel1.macos64_1.0.100.202509120712/tools/bin/../lib/gcc/arm-none-eabi/13.3.1/../../../../arm-none-eabi/lib/thumb/v7e-m+fp/hard/libc_nano.a(libc_a-exit.o)
                              /Applications/STM32CubeIDE.app/Contents/Eclipse/plugins/com.st.stm32cube.ide.mcu.externaltools.gnu-tools-for-stm32.13.3.rel1.macos64_1.0.100.202509120712/tools/bin/../lib/gcc/arm-none-eabi/13.3.1/../../../../arm-none-eabi/lib/thumb/v7e-m+fp/hard/crt0.o (exit)
/Applications/STM32CubeIDE.app/Contents/Eclipse/plugins/com.st.stm32cube.ide.mcu.externaltools.gnu-tools-for-stm32.13.3.rel1.macos64_1.0.100.202509120712/tools/bin/../lib/gcc/arm-none-eabi/13.3.1/../../../../arm-none-eabi/lib/thumb/v7e-m+fp/hard/libc_nano.a(libc_a-findfp.o)
                              /Applications/STM32CubeIDE.app/Contents/Eclipse/plugins/com.st.stm32cube.ide.mcu.externaltools.gnu-tools-for-stm32.13.3.rel1.macos64_1.0.100.202509120712/tools/bin/../lib/gcc/arm-none-eabi/13.3.1/../../../../arm-none-eabi/lib/thumb/v7e-m+fp/hard/libc_nano.a(libc_a-exit.o) (__stdio_exit_handler)
/Applications/STM32CubeIDE.app/Contents/Eclipse/plugins/com.st.stm32cube.ide.mcu.externaltools.gnu-tools-for-stm32.13.3.rel1.macos64_1.0.100.202509120712/tools/bin/../lib/gcc/arm-none-eabi/13.3.1/../../../../arm-none-eabi/lib/thumb/v7e-m+fp/hard/libc_nano.a(libc_a-fwalk.o)
                              /Applications/STM32CubeIDE.app/Contents/Eclipse/plugins/com.st.stm32cube.ide.mcu.externaltools.gnu-tools-for-stm32.13.3.rel1.macos64_1.0.100.202509120712/tools/bin/../lib/gcc/arm-none-eabi/13.3.1/../../../../arm-none-eabi/lib/thumb/v7e-m+fp/hard/libc_nano.a(libc_a-findfp.o) (_fwalk_sglue)
/Applications/STM32CubeIDE.app/Contents/Eclipse/plugins/com.st.stm32cube.ide.mcu.externaltools.gnu-tools-for-stm32.13.3.rel1.macos64_1.0.100.202509120712/tools/bin/../lib/gcc/arm-none-eabi/13.3.1/../../../../arm-none-eabi/lib/thumb/v7e-m+fp/hard/libc_nano.a(libc_a-memset.o)
                              /Applications/STM32CubeIDE.app/Contents/Eclipse/plugins/com.st.stm32cube.ide.mcu.externaltools.gnu-tools-for-stm32.13.3.rel1.macos64_1.0.100.202509120712/tools/bin/../lib/gcc/arm-none-eabi/13.3.1/../../../../arm-none-eabi/lib/thumb/v7e-m+fp/hard/crt0.o (memset)
/Applications/STM32CubeIDE.app/Contents/Eclipse/plugins/com.st.stm32cube.ide.mcu.externaltools.gnu-tools-for-stm32.13.3.rel1.macos64_1.0.100.202509120712/tools/bin/../lib/gcc/arm-none-eabi/13.3.1/../../../../arm-none-eabi/lib/thumb/v7e-m+fp/hard/libc_nano.a(libc_a-errno.o)
                              ./Core/Src/syscalls.o (__errno)
/Applications/STM32CubeIDE.app/Contents/Eclipse/plugins/com.st.stm32cube.ide.mcu.externaltools.gnu-tools-for-stm32.13.3.rel1.macos64_1.0.100.202509120712/tools/bin/../lib/gcc/arm-none-eabi/13.3.1/../../../../arm-none-eabi/lib/thumb/v7e-m+fp/hard/libc_nano.a(libc_a-init.o)
[...]
Memory Configuration

Name             Origin             Length             Attributes
RAM              0x20000000         0x00020000         xrw
FLASH            0x08000000         0x00080000         xr
*default*        0x00000000         0xffffffff

Linker script and memory map

LOAD /Applications/STM32CubeIDE.app/Contents/Eclipse/plugins/com.st.stm32cube.ide.mcu.externaltools.gnu-tools-for-stm32.13.3.rel1.macos64_1.0.100.202509120712/tools/bin/../lib/gcc/arm-none-eabi/13.3.1/thumb/v7e-m+fp/hard/crti.o
LOAD /Applications/STM32CubeIDE.app/Contents/Eclipse/plugins/com.st.stm32cube.ide.mcu.externaltools.gnu-tools-for-stm32.13.3.rel1.macos64_1.0.100.202509120712/tools/bin/../lib/gcc/arm-none-eabi/13.3.1/thumb/v7e-m+fp/hard/crtbegin.o
LOAD /Applications/STM32CubeIDE.app/Contents/Eclipse/plugins/com.st.stm32cube.ide.mcu.externaltools.gnu-tools-for-stm32.13.3.rel1.macos64_1.0.100.202509120712/tools/bin/../lib/gcc/arm-none-eabi/13.3.1/../../../../arm-none-eabi/lib/thumb/v7e-m+fp/hard/crt0.o
LOAD ./Core/Src/main.o
LOAD ./Core/Src/stm32f4xx_hal_msp.o
LOAD ./Core/Src/stm32f4xx_it.o
LOAD ./Core/Src/syscalls.o
LOAD ./Core/Src/sysmem.o
LOAD ./Core/Src/system_stm32f4xx.o
LOAD ./Core/Startup/startup_stm32f411retx.o
LOAD ./Drivers/Modules/ADC_DMA_Config.o
LOAD ./Drivers/Modules/FFT_DPS.o
LOAD ./Drivers/Modules/HELPER.o
LOAD ./Drivers/Modules/IIR_DSP.o
LOAD ./Drivers/Modules/RadarSignalHelper.o
LOAD ./Drivers/Modules/TimerDriver.o
LOAD ./Drivers/Modules/UARTDriver.o
LOAD ./Drivers/STM32F4xx_HAL_Driver/Src/stm32f4xx_hal.o
LOAD ./Drivers/STM32F4xx_HAL_Driver/Src/stm32f4xx_hal_cortex.o
LOAD ./Drivers/STM32F4xx_HAL_Driver/Src/stm32f4xx_hal_dma.o
LOAD ./Drivers/STM32F4xx_HAL_Driver/Src/stm32f4xx_hal_dma_ex.o
LOAD ./Drivers/STM32F4xx_HAL_Driver/Src/stm32f4xx_hal_exti.o
LOAD ./Drivers/STM32F4xx_HAL_Driver/Src/stm32f4xx_hal_flash.o
LOAD ./Drivers/STM32F4xx_HAL_Driver/Src/stm32f4xx_hal_flash_ex.o
LOAD ./Drivers/STM32F4xx_HAL_Driver/Src/stm32f4xx_hal_flash_ramfunc.o
LOAD ./Drivers/STM32F4xx_HAL_Driver/Src/stm32f4xx_hal_gpio.o
LOAD ./Drivers/STM32F4xx_HAL_Driver/Src/stm32f4xx_hal_pwr.o
LOAD ./Drivers/STM32F4xx_HAL_Driver/Src/stm32f4xx_hal_pwr_ex.o
LOAD ./Drivers/STM32F4xx_HAL_Driver/Src/stm32f4xx_hal_rcc.o
LOAD ./Drivers/STM32F4xx_HAL_Driver/Src/stm32f4xx_hal_rcc_ex.o
LOAD ./Drivers/STM32F4xx_HAL_Driver/Src/stm32f4xx_hal_uart.o
LOAD ../Middlewares/ST/ARM/DSP/Lib/libarm_cortexM4lf_math.a
START GROUP
LOAD /Applications/STM32CubeIDE.app/Contents/Eclipse/plugins/com.st.stm32cube.ide.mcu.externaltools.gnu-tools-for-stm32.13.3.rel1.macos64_1.0.100.202509120712/tools/bin/../lib/gcc/arm-none-eabi/13.3.1/../../../../arm-none-eabi/lib/thumb/v7e-m+fp/hard/libc_nano.a
LOAD /Applications/STM32CubeIDE.app/Contents/Eclipse/plugins/com.st.stm32cube.ide.mcu.externaltools.gnu-tools-for-stm32.13.3.rel1.macos64_1.0.100.202509120712/tools/bin/../lib/gcc/arm-none-eabi/13.3.1/../../../../arm-none-eabi/lib/thumb/v7e-m+fp/hard/libm.a
END GROUP
START GROUP
LOAD /Applications/STM32CubeIDE.app/Contents/Eclipse/plugins/com.st.stm32cube.ide.mcu.externaltools.gnu-tools-for-stm32.13.3.rel1.macos64_1.0.100.202509120712/tools/bin/../lib/gcc/arm-none-eabi/13.3.1/thumb/v7e-m+fp/hard/libgcc.a
LOAD /Applications/STM32CubeIDE.app/Contents/Eclipse/plugins/com.st.stm32cube.ide.mcu.externaltools.gnu-tools-for-stm32.13.3.rel1.macos64_1.0.100.202509120712/tools/bin/../lib/gcc/arm-none-eabi/13.3.1/../../../../arm-none-eabi/lib/thumb/v7e-m+fp/hard/libc_nano.a
END GROUP
START GROUP
LOAD /Applications/STM32CubeIDE.app/Contents/Eclipse/plugins/com.st.stm32cube.ide.mcu.externaltools.gnu-tools-for-stm32.13.3.rel1.macos64_1.0.100.202509120712/tools/bin/../lib/gcc/arm-none-eabi/13.3.1/thumb/v7e-m+fp/hard/libgcc.a
LOAD /Applications/STM32CubeIDE.app/Contents/Eclipse/plugins/com.st.stm32cube.ide.mcu.externaltools.gnu-tools-for-stm32.13.3.rel1.macos64_1.0.100.202509120712/tools/bin/../lib/gcc/arm-none-eabi/13.3.1/../../../../arm-none-eabi/lib/thumb/v7e-m+fp/hard/libc_nano.a
LOAD /Applications/STM32CubeIDE.app/Contents/Eclipse/plugins/com.st.stm32cube.ide.mcu.externaltools.gnu-tools-for-stm32.13.3.rel1.macos64_1.0.100.202509120712/tools/bin/../lib/gcc/arm-none-eabi/13.3.1/../../../../arm-none-eabi/lib/thumb/v7e-m+fp/hard/libnosys.a
END GROUP
START GROUP
LOAD /Applications/STM32CubeIDE.app/Contents/Eclipse/plugins/com.st.stm32cube.ide.mcu.externaltools.gnu-tools-for-stm32.13.3.rel1.macos64_1.0.100.202509120712/tools/bin/../lib/gcc/arm-none-eabi/13.3.1/thumb/v7e-m+fp/hard/libgcc.a
LOAD /Applications/STM32CubeIDE.app/Contents/Eclipse/plugins/com.st.stm32cube.ide.mcu.externaltools.gnu-tools-for-stm32.13.3.rel1.macos64_1.0.100.202509120712/tools/bin/../lib/gcc/arm-none-eabi/13.3.1/../../../../arm-none-eabi/lib/thumb/v7e-m+fp/hard/libc_nano.a
LOAD /Applications/STM32CubeIDE.app/Contents/Eclipse/plugins/com.st.stm32cube.ide.mcu.externaltools.gnu-tools-for-stm32.13.3.rel1.macos64_1.0.100.202509120712/tools/bin/../lib/gcc/arm-none-eabi/13.3.1/../../../../arm-none-eabi/lib/thumb/v7e-m+fp/hard/libnosys.a
END GROUP
LOAD /Applications/STM32CubeIDE.app/Contents/Eclipse/plugins/com.st.stm32cube.ide.mcu.externaltools.gnu-tools-for-stm32.13.3.rel1.macos64_1.0.100.202509120712/tools/bin/../lib/gcc/arm-none-eabi/13.3.1/thumb/v7e-m+fp/hard/crtend.o
LOAD /Applications/STM32CubeIDE.app/Contents/Eclipse/plugins/com.st.stm32cube.ide.mcu.externaltools.gnu-tools-for-stm32.13.3.rel1.macos64_1.0.100.202509120712/tools/bin/../lib/gcc/arm-none-eabi/13.3.1/thumb/v7e-m+fp/hard/crtn.o
                0x20020000                        _estack = (ORIGIN (RAM) + LENGTH (RAM))
                0x00000200                        _Min_Heap_Size = 0x200
                0x00000400                        _Min_Stack_Size = 0x400

.isr_vector     0x08000000      0x198
                0x08000000                        . = ALIGN (0x4)
 *(.isr_vector)
 .isr_vector    0x08000000      0x198 ./Core/Startup/startup_stm32f411retx.o
                0x08000000                g_pfnVectors
                0x08000198                        . = ALIGN (0x4)

.text           0x08000198     0x35d4
                0x08000198                        . = ALIGN (0x4)
 *(.text)
 .text          0x08000198       0x40 /Applications/STM32CubeIDE.app/Contents/Eclipse/plugins/com.st.stm32cube.ide.mcu.externaltools.gnu-tools-for-stm32.13.3.rel1.macos64_1.0.100.202509120712/tools/bin/../lib/gcc/arm-none-eabi/13.3.1/thumb/v7e-m+fp/hard/crtbegin.o
 .text          0x080001d8       0x30 /Applications/STM32CubeIDE.app/Contents/Eclipse/plugins/com.st.stm32cube.ide.mcu.externaltools.gnu-tools-for-stm32.13.3.rel1.macos64_1.0.100.202509120712/tools/bin/../lib/gcc/arm-none-eabi/13.3.1/thumb/v7e-m+fp/hard/libgcc.a(_aeabi_uldivmod.o)
                0x080001d8                __aeabi_uldivmod
 .text          0x08000208      0x2f8 /Applications/STM32CubeIDE.app/Contents/Eclipse/plugins/com.st.stm32cube.ide.mcu.externaltools.gnu-tools-for-stm32.13.3.rel1.macos64_1.0.100.202509120712/tools/bin/../lib/gcc/arm-none-eabi/13.3.1/thumb/v7e-m+fp/hard/libgcc.a(_udivmoddi4.o)
                0x08000208                __udivmoddi4
 .text          0x08000500        0x4 /Applications/STM32CubeIDE.app/Contents/Eclipse/plugins/com.st.stm32cube.ide.mcu.externaltools.gnu-tools-for-stm32.13.3.rel1.macos64_1.0.100.202509120712/tools/bin/../lib/gcc/arm-none-eabi/13.3.1/thumb/v7e-m+fp/hard/libgcc.a(_dvmd_tls.o)
                0x08000500                __aeabi_ldiv0
                0x08000500                __aeabi_idiv0
 *(.text*)
 .text.main     0x08000504       0x74 ./Core/Src/main.o
                0x08000504                main
 .text.SystemClock_Config
                0x08000578       0xd4 ./Core/Src/main.o
                0x08000578                SystemClock_Config
 .text.MX_GPIO_Init
                0x0800064c       0xdc ./Core/Src/main.o
 .text.Error_Handler
                0x08000728        0xc ./Core/Src/main.o
                0x08000728                Error_Handler
 .text.HAL_MspInit
                0x08000734       0x50 ./Core/Src/stm32f4xx_hal_msp.o
                0x08000734                HAL_MspInit
 .text.NMI_Handler
                0x08000784        0x8 ./Core/Src/stm32f4xx_it.o
                0x08000784                NMI_Handler
 .text.HardFault_Handler
                0x0800078c        0x8 ./Core/Src/stm32f4xx_it.o
                0x0800078c                HardFault_Handler
 .text.MemManage_Handler
                0x08000794        0x8 ./Core/Src/stm32f4xx_it.o
                0x08000794                MemManage_Handler
 .text.BusFault_Handler
                0x0800079c        0x8 ./Core/Src/stm32f4xx_it.o
                0x0800079c                BusFault_Handler
 .text.UsageFault_Handler
                0x080007a4        0x8 ./Core/Src/stm32f4xx_it.o
                0x080007a4                UsageFault_Handler
 .text.SVC_Handler
                0x080007ac        0xe ./Core/Src/stm32f4xx_it.o
                0x080007ac                SVC_Handler
 .text.DebugMon_Handler
                0x080007ba        0xe ./Core/Src/stm32f4xx_it.o
                0x080007ba                DebugMon_Handler
 .text.PendSV_Handler
                0x080007c8        0xe ./Core/Src/stm32f4xx_it.o
                0x080007c8                PendSV_Handler
 .text.SysTick_Handler
                0x080007d6        0xc ./Core/Src/stm32f4xx_it.o
                0x080007d6                SysTick_Handler
 *fill*         0x080007e2        0x2 
 .text.SystemInit
                0x080007e4       0x24 ./Core/Src/system_stm32f4xx.o
                0x080007e4                SystemInit
 .text.Reset_Handler
                0x08000808       0x50 ./Core/Startup/startup_stm32f411retx.o
                0x08000808                Reset_Handler
 .text.Default_Handler
                0x08000858        0x2 ./Core/Startup/startup_stm32f411retx.o
                0x08000858                DMA1_Stream3_IRQHandler
                0x08000858                EXTI2_IRQHandler
                0x08000858                SPI4_IRQHandler
                0x08000858                TIM1_CC_IRQHandler
                0x08000858                DMA2_Stream5_IRQHandler
                0x08000858                DMA1_Stream5_IRQHandler
                0x08000858                PVD_IRQHandler
                0x08000858                SDIO_IRQHandler
                0x08000858                TAMP_STAMP_IRQHandler
                0x08000858                EXTI3_IRQHandler
                0x08000858                TIM1_UP_TIM10_IRQHandler
                0x08000858                I2C3_ER_IRQHandler
                0x08000858                EXTI0_IRQHandler
                0x08000858                I2C2_EV_IRQHandler
                0x08000858                DMA1_Stream2_IRQHandler
                0x08000858                FPU_IRQHandler
                0x08000858                DMA2_Stream2_IRQHandler
                0x08000858                SPI1_IRQHandler
                0x08000858                TIM1_BRK_TIM9_IRQHandler
                0x08000858                DMA2_Stream3_IRQHandler
                0x08000858                USART6_IRQHandler
                0x08000858                TIM4_IRQHandler
                0x08000858                I2C1_EV_IRQHandler
                0x08000858                DMA1_Stream6_IRQHandler
                0x08000858                DMA1_Stream1_IRQHandler
                0x08000858                TIM3_IRQHandler
                0x08000858                RCC_IRQHandler
                0x08000858                Default_Handler
                0x08000858                EXTI15_10_IRQHandler
                0x08000858                ADC_IRQHandler
                0x08000858                DMA1_Stream7_IRQHandler
                0x08000858                SPI5_IRQHandler
                0x08000858                TIM5_IRQHandler
                0x08000858                DMA2_Stream7_IRQHandler
                0x08000858                I2C3_EV_IRQHandler
                0x08000858                EXTI9_5_IRQHandler
                0x08000858                RTC_WKUP_IRQHandler
                0x08000858                SPI2_IRQHandler
                0x08000858                DMA1_Stream0_IRQHandler
                0x08000858                EXTI4_IRQHandler
                0x08000858                WWDG_IRQHandler
                0x08000858                TIM2_IRQHandler
                0x08000858                OTG_FS_WKUP_IRQHandler
                0x08000858                TIM1_TRG_COM_TIM11_IRQHandler
                0x08000858                EXTI1_IRQHandler
                0x08000858                I2C2_ER_IRQHandler
                0x08000858                DMA2_Stream1_IRQHandler
                0x08000858                FLASH_IRQHandler
                0x08000858                DMA2_Stream4_IRQHandler
                0x08000858                USART1_IRQHandler
                0x08000858                OTG_FS_IRQHandler
                0x08000858                SPI3_IRQHandler
                0x08000858                DMA1_Stream4_IRQHandler
                0x08000858                I2C1_ER_IRQHandler
                0x08000858                DMA2_Stream6_IRQHandler
                0x08000858                RTC_Alarm_IRQHandler
 *fill*         0x0800085a        0x2 
 .text.__NVIC_EnableIRQ
                0x0800085c       0x3c ./Drivers/Modules/ADC_DMA_Config.o
 .text.__NVIC_SetPriority
                0x08000898       0x54 ./Drivers/Modules/ADC_DMA_Config.o
 .text.dma2_init
                0x080008ec       0xe4 ./Drivers/Modules/ADC_DMA_Config.o
                0x080008ec                dma2_init
 .text.adc1_init
                0x080009d0       0xec ./Drivers/Modules/ADC_DMA_Config.o
                0x080009d0                adc1_init
 .text.DMA2_Stream0_IRQHandler
                0x08000abc       0x94 ./Drivers/Modules/ADC_DMA_Config.o
                0x08000abc                DMA2_Stream0_IRQHandler
 .text.fft_process
                0x08000b50      0x1cc ./Drivers/Modules/FFT_DPS.o
                0x08000b50                fft_process
 .text.FirstOrderIIR_Init
                0x08000d1c       0x5a ./Drivers/Modules/IIR_DSP.o
                0x08000d1c                FirstOrderIIR_Init
 .text.append_char
                0x08000d76       0x4a ./Drivers/Modules/RadarSignalHelper.o
 .text.append_string
                0x08000dc0       0x34 ./Drivers/Modules/RadarSignalHelper.o
 .text.append_uint
                0x08000df4       0x90 ./Drivers/Modules/RadarSignalHelper.o
 .text.float_to_scaled_positive
                0x08000e84       0x4c ./Drivers/Modules/RadarSignalHelper.o
 .text.append_fixed_2
                0x08000ed0       0x98 ./Drivers/Modules/RadarSignalHelper.o
 .text.radar_calculate_speed_kmh
                0x08000f68       0x44 ./Drivers/Modules/RadarSignalHelper.o
                0x08000f68                radar_calculate_speed_kmh
 .text.radar_classify_signal
                0x08000fac       0x4c ./Drivers/Modules/RadarSignalHelper.o
                0x08000fac                radar_classify_signal
 .text.radar_create_report
                0x08000ff8       0x60 ./Drivers/Modules/RadarSignalHelper.o
                0x08000ff8                radar_create_report
 .text.radar_create_report_from_detection
                0x08001058       0x4c ./Drivers/Modules/RadarSignalHelper.o
                0x08001058                radar_create_report_from_detection
 .text.radar_detection_to_text
                0x080010a4       0x38 ./Drivers/Modules/RadarSignalHelper.o
                0x080010a4                radar_detection_to_text
 .text.radar_format_uart_message
                0x080010dc      0x138 ./Drivers/Modules/RadarSignalHelper.o
                0x080010dc                radar_format_uart_message
 .text.TimerDriver_init
                0x08001214       0x70 ./Drivers/Modules/TimerDriver.o
                0x08001214                TimerDriver_init
 .text.__NVIC_EnableIRQ
                0x08001284       0x3c ./Drivers/Modules/UARTDriver.o
 .text.uart_init
                0x080012c0       0xb4 ./Drivers/Modules/UARTDriver.o
                0x080012c0                uart_init
 .text.uart_send_char
                0x08001374       0x30 ./Drivers/Modules/UARTDriver.o
                0x08001374                uart_send_char
 .text.uart_send_string
                0x080013a4       0x2a ./Drivers/Modules/UARTDriver.o
                0x080013a4                uart_send_string
 *fill*         0x080013ce        0x2 
 .text.USART2_IRQHandler
                0x080013d0       0xa0 ./Drivers/Modules/UARTDriver.o
                0x080013d0                USART2_IRQHandler
 .text.HAL_Init
                0x08001470       0x44 ./Drivers/STM32F4xx_HAL_Driver/Src/stm32f4xx_hal.o
                0x08001470                HAL_Init
 .text.HAL_InitTick
                0x080014b4       0x60 ./Drivers/STM32F4xx_HAL_Driver/Src/stm32f4xx_hal.o
                0x080014b4                HAL_InitTick
 .text.HAL_IncTick
                0x08001514       0x28 ./Drivers/STM32F4xx_HAL_Driver/Src/stm32f4xx_hal.o
                0x08001514                HAL_IncTick
 .text.HAL_GetTick
                0x0800153c       0x18 ./Drivers/STM32F4xx_HAL_Driver/Src/stm32f4xx_hal.o
                0x0800153c                HAL_GetTick
 .text.HAL_Delay
                0x08001554       0x48 ./Drivers/STM32F4xx_HAL_Driver/Src/stm32f4xx_hal.o
                0x08001554                HAL_Delay
 .text.__NVIC_SetPriorityGrouping
                0x0800159c       0x48 ./Drivers/STM32F4xx_HAL_Driver/Src/stm32f4xx_hal_cortex.o
 .text.__NVIC_GetPriorityGrouping
                0x080015e4       0x1c ./Drivers/STM32F4xx_HAL_Driver/Src/stm32f4xx_hal_cortex.o
 .text.__NVIC_SetPriority
                0x08001600       0x54 ./Drivers/STM32F4xx_HAL_Driver/Src/stm32f4xx_hal_cortex.o
 .text.NVIC_EncodePriority
                0x08001654       0x66 ./Drivers/STM32F4xx_HAL_Driver/Src/stm32f4xx_hal_cortex.o
 *fill*         0x080016ba        0x2 
 .text.SysTick_Config
                0x080016bc       0x44 ./Drivers/STM32F4xx_HAL_Driver/Src/stm32f4xx_hal_cortex.o
 .text.HAL_NVIC_SetPriorityGrouping
                0x08001700       0x16 ./Drivers/STM32F4xx_HAL_Driver/Src/stm32f4xx_hal_cortex.o
                0x08001700                HAL_NVIC_SetPriorityGrouping
 .text.HAL_NVIC_SetPriority
                0x08001716       0x38 ./Drivers/STM32F4xx_HAL_Driver/Src/stm32f4xx_hal_cortex.o
                0x08001716                HAL_NVIC_SetPriority
 .text.HAL_SYSTICK_Config
                0x0800174e       0x18 ./Drivers/STM32F4xx_HAL_Driver/Src/stm32f4xx_hal_cortex.o
                0x0800174e                HAL_SYSTICK_Config
 *fill*         0x08001766        0x2 
 .text.HAL_GPIO_Init
                0x08001768      0x308 ./Drivers/STM32F4xx_HAL_Driver/Src/stm32f4xx_hal_gpio.o
                0x08001768                HAL_GPIO_Init
 .text.HAL_GPIO_WritePin
                0x08001a70       0x32 ./Drivers/STM32F4xx_HAL_Driver/Src/stm32f4xx_hal_gpio.o
                0x08001a70                HAL_GPIO_WritePin
 *fill*         0x08001aa2        0x2 
 .text.HAL_RCC_OscConfig
                0x08001aa4      0x4f0 ./Drivers/STM32F4xx_HAL_Driver/Src/stm32f4xx_hal_rcc.o
                0x08001aa4                HAL_RCC_OscConfig
 .text.HAL_RCC_ClockConfig
                0x08001f94      0x1cc ./Drivers/STM32F4xx_HAL_Driver/Src/stm32f4xx_hal_rcc.o
                0x08001f94                HAL_RCC_ClockConfig
 .text.HAL_RCC_GetSysClockFreq
                0x08002160      0x20c ./Drivers/STM32F4xx_HAL_Driver/Src/stm32f4xx_hal_rcc.o
                0x08002160                HAL_RCC_GetSysClockFreq
 .text.arm_rfft_32_fast_init_f32
                0x0800236c       0x24 ../Middlewares/ST/ARM/DSP/Lib/libarm_cortexM4lf_math.a(arm_rfft_fast_init_f32.o)
 .text.arm_rfft_64_fast_init_f32
                0x08002390       0x24 ../Middlewares/ST/ARM/DSP/Lib/libarm_cortexM4lf_math.a(arm_rfft_fast_init_f32.o)
 .text.arm_rfft_128_fast_init_f32
                0x080023b4       0x24 ../Middlewares/ST/ARM/DSP/Lib/libarm_cortexM4lf_math.a(arm_rfft_fast_init_f32.o)
 .text.arm_rfft_256_fast_init_f32
                0x080023d8       0x24 ../Middlewares/ST/ARM/DSP/Lib/libarm_cortexM4lf_math.a(arm_rfft_fast_init_f32.o)
 .text.arm_rfft_512_fast_init_f32
                0x080023fc       0x28 ../Middlewares/ST/ARM/DSP/Lib/libarm_cortexM4lf_math.a(arm_rfft_fast_init_f32.o)
 .text.arm_rfft_1024_fast_init_f32
                0x08002424       0x28 ../Middlewares/ST/ARM/DSP/Lib/libarm_cortexM4lf_math.a(arm_rfft_fast_init_f32.o)
 .text.arm_rfft_2048_fast_init_f32
                0x0800244c       0x28 ../Middlewares/ST/ARM/DSP/Lib/libarm_cortexM4lf_math.a(arm_rfft_fast_init_f32.o)
 .text.arm_rfft_4096_fast_init_f32
                0x08002474       0x28 ../Middlewares/ST/ARM/DSP/Lib/libarm_cortexM4lf_math.a(arm_rfft_fast_init_f32.o)
 .text.arm_rfft_fast_init_f32
                0x0800249c       0x74 ../Middlewares/ST/ARM/DSP/Lib/libarm_cortexM4lf_math.a(arm_rfft_fast_init_f32.o)
                0x0800249c                arm_rfft_fast_init_f32
 .text.stage_rfft_f32
                0x08002510       0xb4 ../Middlewares/ST/ARM/DSP/Lib/libarm_cortexM4lf_math.a(arm_rfft_fast_f32.o)
                0x08002510                stage_rfft_f32
 .text.merge_rfft_f32
                0x080025c4       0xac ../Middlewares/ST/ARM/DSP/Lib/libarm_cortexM4lf_math.a(arm_rfft_fast_f32.o)
                0x080025c4                merge_rfft_f32
 .text.arm_rfft_fast_f32
                0x08002670       0x38 ../Middlewares/ST/ARM/DSP/Lib/libarm_cortexM4lf_math.a(arm_rfft_fast_f32.o)
                0x08002670                arm_rfft_fast_f32
 .text.arm_cfft_radix8by2_f32
                0x080026a8      0x1a4 ../Middlewares/ST/ARM/DSP/Lib/libarm_cortexM4lf_math.a(arm_cfft_f32.o)
                0x080026a8                arm_cfft_radix8by2_f32
 .text.arm_cfft_radix8by4_f32
                0x0800284c      0x4ac ../Middlewares/ST/ARM/DSP/Lib/libarm_cortexM4lf_math.a(arm_cfft_f32.o)
                0x0800284c                arm_cfft_radix8by4_f32
 .text.arm_cfft_f32
                0x08002cf8       0xf0 ../Middlewares/ST/ARM/DSP/Lib/libarm_cortexM4lf_math.a(arm_cfft_f32.o)
                0x08002cf8                arm_cfft_f32
 .text.arm_bitreversal_32
                0x08002de8       0x40 ../Middlewares/ST/ARM/DSP/Lib/libarm_cortexM4lf_math.a(arm_bitreversal2.o)
                0x08002de8                arm_bitreversal_32
 .text.arm_cmplx_mag_f32
                0x08002e28      0x248 ../Middlewares/ST/ARM/DSP/Lib/libarm_cortexM4lf_math.a(arm_cmplx_mag_f32.o)
                0x08002e28                arm_cmplx_mag_f32
 .text.arm_cfft_init_f32
                0x08003070       0xa4 ../Middlewares/ST/ARM/DSP/Lib/libarm_cortexM4lf_math.a(arm_cfft_init_f32.o)
                0x08003070                arm_cfft_init_f32
 .text.arm_radix8_butterfly_f32
                0x08003114      0x598 ../Middlewares/ST/ARM/DSP/Lib/libarm_cortexM4lf_math.a(arm_cfft_radix8_f32.o)
                0x08003114                arm_radix8_butterfly_f32
 .text.memset   0x080036ac       0x10 /Applications/STM32CubeIDE.app/Contents/Eclipse/plugins/com.st.stm32cube.ide.mcu.externaltools.gnu-tools-for-stm32.13.3.rel1.macos64_1.0.100.202509120712/tools/bin/../lib/gcc/arm-none-eabi/13.3.1/../../../../arm-none-eabi/lib/thumb/v7e-m+fp/hard/libc_nano.a(libc_a-memset.o)
                0x080036ac                memset
 .text.__errno  0x080036bc        0xc /Applications/STM32CubeIDE.app/Contents/Eclipse/plugins/com.st.stm32cube.ide.mcu.externaltools.gnu-tools-for-stm32.13.3.rel1.macos64_1.0.100.202509120712/tools/bin/../lib/gcc/arm-none-eabi/13.3.1/../../../../arm-none-eabi/lib/thumb/v7e-m+fp/hard/libc_nano.a(libc_a-errno.o)
                0x080036bc                __errno
 .text.__libc_init_array
                0x080036c8       0x48 /Applications/STM32CubeIDE.app/Contents/Eclipse/plugins/com.st.stm32cube.ide.mcu.externaltools.gnu-tools-for-stm32.13.3.rel1.macos64_1.0.100.202509120712/tools/bin/../lib/gcc/arm-none-eabi/13.3.1/../../../../arm-none-eabi/lib/thumb/v7e-m+fp/hard/libc_nano.a(libc_a-init.o)
                0x080036c8                __libc_init_array
 .text.sqrtf    0x08003710       0x3c /Applications/STM32CubeIDE.app/Contents/Eclipse/plugins/com.st.stm32cube.ide.mcu.externaltools.gnu-tools-for-stm32.13.3.rel1.macos64_1.0.100.202509120712/tools/bin/../lib/gcc/arm-none-eabi/13.3.1/../../../../arm-none-eabi/lib/thumb/v7e-m+fp/hard/libm.a(libm_a-wf_sqrt.o)
                0x08003710                sqrtf
 .text.__ieee754_sqrtf
                0x0800374c        0x6 /Applications/STM32CubeIDE.app/Contents/Eclipse/plugins/com.st.stm32cube.ide.mcu.externaltools.gnu-tools-for-stm32.13.3.rel1.macos64_1.0.100.202509120712/tools/bin/../lib/gcc/arm-none-eabi/13.3.1/../../../../arm-none-eabi/lib/thumb/v7e-m+fp/hard/libm.a(libm_a-ef_sqrt.o)
                0x0800374c                __ieee754_sqrtf
 *(.glue_7)
 .glue_7        0x08003752        0x0 linker stubs
 *(.glue_7t)
 .glue_7t       0x08003752        0x0 linker stubs
 *(.eh_frame)
 *fill*         0x08003752        0x2 
 .eh_frame      0x08003754        0x0 /Applications/STM32CubeIDE.app/Contents/Eclipse/plugins/com.st.stm32cube.ide.mcu.externaltools.gnu-tools-for-stm32.13.3.rel1.macos64_1.0.100.202509120712/tools/bin/../lib/gcc/arm-none-eabi/13.3.1/thumb/v7e-m+fp/hard/crtbegin.o
 *(.init)
 .init          0x08003754        0x4 /Applications/STM32CubeIDE.app/Contents/Eclipse/plugins/com.st.stm32cube.ide.mcu.externaltools.gnu-tools-for-stm32.13.3.rel1.macos64_1.0.100.202509120712/tools/bin/../lib/gcc/arm-none-eabi/13.3.1/thumb/v7e-m+fp/hard/crti.o
                0x08003754                _init
 .init          0x08003758        0x8 /Applications/STM32CubeIDE.app/Contents/Eclipse/plugins/com.st.stm32cube.ide.mcu.externaltools.gnu-tools-for-stm32.13.3.rel1.macos64_1.0.100.202509120712/tools/bin/../lib/gcc/arm-none-eabi/13.3.1/thumb/v7e-m+fp/hard/crtn.o
 *(.fini)
 .fini          0x08003760        0x4 /Applications/STM32CubeIDE.app/Contents/Eclipse/plugins/com.st.stm32cube.ide.mcu.externaltools.gnu-tools-for-stm32.13.3.rel1.macos64_1.0.100.202509120712/tools/bin/../lib/gcc/arm-none-eabi/13.3.1/thumb/v7e-m+fp/hard/crti.o
                0x08003760                _fini
 .fini          0x08003764        0x8 /Applications/STM32CubeIDE.app/Contents/Eclipse/plugins/com.st.stm32cube.ide.mcu.externaltools.gnu-tools-for-stm32.13.3.rel1.macos64_1.0.100.202509120712/tools/bin/../lib/gcc/arm-none-eabi/13.3.1/thumb/v7e-m+fp/hard/crtn.o
                0x0800376c                        . = ALIGN (0x4)
                0x0800376c                        _etext = .

.vfp11_veneer   0x0800376c        0x0
 .vfp11_veneer  0x0800376c        0x0 linker stubs

.v4_bx          0x0800376c        0x0
 .v4_bx         0x0800376c        0x0 linker stubs

.iplt           0x0800376c        0x0
 .iplt          0x0800376c        0x0 /Applications/STM32CubeIDE.app/Contents/Eclipse/plugins/com.st.stm32cube.ide.mcu.externaltools.gnu-tools-for-stm32.13.3.rel1.macos64_1.0.100.202509120712/tools/bin/../lib/gcc/arm-none-eabi/13.3.1/thumb/v7e-m+fp/hard/crtbegin.o

.rodata         0x0800376c    0x1d4cc
                0x0800376c                        . = ALIGN (0x4)
 *(.rodata)
 .rodata        0x0800376c       0x53 ./Drivers/Modules/RadarSignalHelper.o
 *(.rodata*)
 *fill*         0x080037bf        0x1 
 .rodata.AHBPrescTable
                0x080037c0       0x10 ./Core/Src/system_stm32f4xx.o
                0x080037c0                AHBPrescTable
 .rodata.armBitRevIndexTable1024
                0x080037d0      0xe10 ../Middlewares/ST/ARM/DSP/Lib/libarm_cortexM4lf_math.a(arm_common_tables.o)
                0x080037d0                armBitRevIndexTable1024
 .rodata.armBitRevIndexTable128
                0x080045e0      0x1a0 ../Middlewares/ST/ARM/DSP/Lib/libarm_cortexM4lf_math.a(arm_common_tables.o)
                0x080045e0                armBitRevIndexTable128
 .rodata.armBitRevIndexTable16
                0x08004780       0x28 ../Middlewares/ST/ARM/DSP/Lib/libarm_cortexM4lf_math.a(arm_common_tables.o)
                0x08004780                armBitRevIndexTable16
 .rodata.armBitRevIndexTable2048
                0x080047a8     0x1dc0 ../Middlewares/ST/ARM/DSP/Lib/libarm_cortexM4lf_math.a(arm_common_tables.o)
                0x080047a8                armBitRevIndexTable2048
 .rodata.armBitRevIndexTable256
                0x08006568      0x370 ../Middlewares/ST/ARM/DSP/Lib/libarm_cortexM4lf_math.a(arm_common_tables.o)
                0x08006568                armBitRevIndexTable256
 .rodata.armBitRevIndexTable32
                0x080068d8       0x60 ../Middlewares/ST/ARM/DSP/Lib/libarm_cortexM4lf_math.a(arm_common_tables.o)
                0x080068d8                armBitRevIndexTable32
 .rodata.armBitRevIndexTable4096
                0x08006938     0x1f80 ../Middlewares/ST/ARM/DSP/Lib/libarm_cortexM4lf_math.a(arm_common_tables.o)
                0x08006938                armBitRevIndexTable4096
 .rodata.armBitRevIndexTable512
                0x080088b8      0x380 ../Middlewares/ST/ARM/DSP/Lib/libarm_cortexM4lf_math.a(arm_common_tables.o)
                0x080088b8                armBitRevIndexTable512
 .rodata.armBitRevIndexTable64
                0x08008c38       0x70 ../Middlewares/ST/ARM/DSP/Lib/libarm_cortexM4lf_math.a(arm_common_tables.o)
                0x08008c38                armBitRevIndexTable64
 .rodata.twiddleCoef_1024
                0x08008ca8     0x2000 ../Middlewares/ST/ARM/DSP/Lib/libarm_cortexM4lf_math.a(arm_common_tables.o)
                0x08008ca8                twiddleCoef_1024
 .rodata.twiddleCoef_128
                0x0800aca8      0x400 ../Middlewares/ST/ARM/DSP/Lib/libarm_cortexM4lf_math.a(arm_common_tables.o)
                0x0800aca8                twiddleCoef_128
 .rodata.twiddleCoef_16
                0x0800b0a8       0x80 ../Middlewares/ST/ARM/DSP/Lib/libarm_cortexM4lf_math.a(arm_common_tables.o)
                0x0800b0a8                twiddleCoef_16
 .rodata.twiddleCoef_2048
                0x0800b128     0x4000 ../Middlewares/ST/ARM/DSP/Lib/libarm_cortexM4lf_math.a(arm_common_tables.o)
                0x0800b128                twiddleCoef_2048
 .rodata.twiddleCoef_256
                0x0800f128      0x800 ../Middlewares/ST/ARM/DSP/Lib/libarm_cortexM4lf_math.a(arm_common_tables.o)
                0x0800f128                twiddleCoef_256
 .rodata.twiddleCoef_32
                0x0800f928      0x100 ../Middlewares/ST/ARM/DSP/Lib/libarm_cortexM4lf_math.a(arm_common_tables.o)
                0x0800f928                twiddleCoef_32
 .rodata.twiddleCoef_4096
                0x0800fa28     0x8000 ../Middlewares/ST/ARM/DSP/Lib/libarm_cortexM4lf_math.a(arm_common_tables.o)
                0x0800fa28                twiddleCoef_4096
 .rodata.twiddleCoef_512
                0x08017a28     0x1000 ../Middlewares/ST/ARM/DSP/Lib/libarm_cortexM4lf_math.a(arm_common_tables.o)
                0x08017a28                twiddleCoef_512
 .rodata.twiddleCoef_64
                0x08018a28      0x200 ../Middlewares/ST/ARM/DSP/Lib/libarm_cortexM4lf_math.a(arm_common_tables.o)
                0x08018a28                twiddleCoef_64
 .rodata.twiddleCoef_rfft_1024
                0x08018c28     0x1000 ../Middlewares/ST/ARM/DSP/Lib/libarm_cortexM4lf_math.a(arm_common_tables.o)
                0x08018c28                twiddleCoef_rfft_1024
 .rodata.twiddleCoef_rfft_128
                0x08019c28      0x200 ../Middlewares/ST/ARM/DSP/Lib/libarm_cortexM4lf_math.a(arm_common_tables.o)
                0x08019c28                twiddleCoef_rfft_128
 .rodata.twiddleCoef_rfft_2048
                0x08019e28     0x2000 ../Middlewares/ST/ARM/DSP/Lib/libarm_cortexM4lf_math.a(arm_common_tables.o)
                0x08019e28                twiddleCoef_rfft_2048
 .rodata.twiddleCoef_rfft_256
                0x0801be28      0x400 ../Middlewares/ST/ARM/DSP/Lib/libarm_cortexM4lf_math.a(arm_common_tables.o)
                0x0801be28                twiddleCoef_rfft_256
 .rodata.twiddleCoef_rfft_32
                0x0801c228       0x80 ../Middlewares/ST/ARM/DSP/Lib/libarm_cortexM4lf_math.a(arm_common_tables.o)
                0x0801c228                twiddleCoef_rfft_32
 .rodata.twiddleCoef_rfft_4096
                0x0801c2a8     0x4000 ../Middlewares/ST/ARM/DSP/Lib/libarm_cortexM4lf_math.a(arm_common_tables.o)
                0x0801c2a8                twiddleCoef_rfft_4096
 .rodata.twiddleCoef_rfft_512
                0x080202a8      0x800 ../Middlewares/ST/ARM/DSP/Lib/libarm_cortexM4lf_math.a(arm_common_tables.o)
                0x080202a8                twiddleCoef_rfft_512
 .rodata.twiddleCoef_rfft_64
                0x08020aa8      0x100 ../Middlewares/ST/ARM/DSP/Lib/libarm_cortexM4lf_math.a(arm_common_tables.o)
                0x08020aa8                twiddleCoef_rfft_64
 .rodata.arm_cfft_sR_f32_len1024
                0x08020ba8       0x10 ../Middlewares/ST/ARM/DSP/Lib/libarm_cortexM4lf_math.a(arm_const_structs.o)
                0x08020ba8                arm_cfft_sR_f32_len1024
 .rodata.arm_cfft_sR_f32_len128
                0x08020bb8       0x10 ../Middlewares/ST/ARM/DSP/Lib/libarm_cortexM4lf_math.a(arm_const_structs.o)
                0x08020bb8                arm_cfft_sR_f32_len128
 .rodata.arm_cfft_sR_f32_len16
                0x08020bc8       0x10 ../Middlewares/ST/ARM/DSP/Lib/libarm_cortexM4lf_math.a(arm_const_structs.o)
                0x08020bc8                arm_cfft_sR_f32_len16
 .rodata.arm_cfft_sR_f32_len2048
                0x08020bd8       0x10 ../Middlewares/ST/ARM/DSP/Lib/libarm_cortexM4lf_math.a(arm_const_structs.o)
                0x08020bd8                arm_cfft_sR_f32_len2048
 .rodata.arm_cfft_sR_f32_len256
                0x08020be8       0x10 ../Middlewares/ST/ARM/DSP/Lib/libarm_cortexM4lf_math.a(arm_const_structs.o)
                0x08020be8                arm_cfft_sR_f32_len256
 .rodata.arm_cfft_sR_f32_len32
                0x08020bf8       0x10 ../Middlewares/ST/ARM/DSP/Lib/libarm_cortexM4lf_math.a(arm_const_structs.o)
                0x08020bf8                arm_cfft_sR_f32_len32
 .rodata.arm_cfft_sR_f32_len4096
                0x08020c08       0x10 ../Middlewares/ST/ARM/DSP/Lib/libarm_cortexM4lf_math.a(arm_const_structs.o)
                0x08020c08                arm_cfft_sR_f32_len4096
 .rodata.arm_cfft_sR_f32_len512
                0x08020c18       0x10 ../Middlewares/ST/ARM/DSP/Lib/libarm_cortexM4lf_math.a(arm_const_structs.o)
                0x08020c18                arm_cfft_sR_f32_len512
 .rodata.arm_cfft_sR_f32_len64
                0x08020c28       0x10 ../Middlewares/ST/ARM/DSP/Lib/libarm_cortexM4lf_math.a(arm_const_structs.o)
                0x08020c28                arm_cfft_sR_f32_len64
                0x08020c38                        . = ALIGN (0x4)

.ARM.extab      0x08020c38        0x0
                0x08020c38                        . = ALIGN (0x4)
 *(.ARM.extab* .gnu.linkonce.armextab.*)
                0x08020c38                        . = ALIGN (0x4)

.ARM            0x08020c38        0x8
                0x08020c38                        . = ALIGN (0x4)
                0x08020c38                        __exidx_start = .
 *(.ARM.exidx*)
 .ARM.exidx     0x08020c38        0x8 /Applications/STM32CubeIDE.app/Contents/Eclipse/plugins/com.st.stm32cube.ide.mcu.externaltools.gnu-tools-for-stm32.13.3.rel1.macos64_1.0.100.202509120712/tools/bin/../lib/gcc/arm-none-eabi/13.3.1/thumb/v7e-m+fp/hard/libgcc.a(_udivmoddi4.o)
                0x08020c40                        __exidx_end = .
                0x08020c40                        . = ALIGN (0x4)

.preinit_array  0x08020c40        0x0
                0x08020c40                        . = ALIGN (0x4)
                0x08020c40                        PROVIDE (__preinit_array_start = .)
 *(.preinit_array*)
                0x08020c40                        PROVIDE (__preinit_array_end = .)
                0x08020c40                        . = ALIGN (0x4)

.init_array     0x08020c40        0x4
                0x08020c40                        . = ALIGN (0x4)
                0x08020c40                        PROVIDE (__init_array_start = .)
 *(SORT_BY_NAME(.init_array.*))
 *(.init_array*)
 .init_array    0x08020c40        0x4 /Applications/STM32CubeIDE.app/Contents/Eclipse/plugins/com.st.stm32cube.ide.mcu.externaltools.gnu-tools-for-stm32.13.3.rel1.macos64_1.0.100.202509120712/tools/bin/../lib/gcc/arm-none-eabi/13.3.1/thumb/v7e-m+fp/hard/crtbegin.o
                0x08020c44                        PROVIDE (__init_array_end = .)
                0x08020c44                        . = ALIGN (0x4)

.fini_array     0x08020c44        0x4
                0x08020c44                        . = ALIGN (0x4)
                [!provide]                        PROVIDE (__fini_array_start = .)
 *(SORT_BY_NAME(.fini_array.*))
 *(.fini_array*)
 .fini_array    0x08020c44        0x4 /Applications/STM32CubeIDE.app/Contents/Eclipse/plugins/com.st.stm32cube.ide.mcu.externaltools.gnu-tools-for-stm32.13.3.rel1.macos64_1.0.100.202509120712/tools/bin/../lib/gcc/arm-none-eabi/13.3.1/thumb/v7e-m+fp/hard/crtbegin.o
                [!provide]                        PROVIDE (__fini_array_end = .)
                0x08020c48                        . = ALIGN (0x4)
                0x08020c48                        _sidata = LOADADDR (.data)

.rel.dyn        0x08020c48        0x0
 .rel.iplt      0x08020c48        0x0 /Applications/STM32CubeIDE.app/Contents/Eclipse/plugins/com.st.stm32cube.ide.mcu.externaltools.gnu-tools-for-stm32.13.3.rel1.macos64_1.0.100.202509120712/tools/bin/../lib/gcc/arm-none-eabi/13.3.1/thumb/v7e-m+fp/hard/crtbegin.o

.data           0x20000000       0x5c load address 0x08020c48
                0x20000000                        . = ALIGN (0x4)
                0x20000000                        _sdata = .
 *(.data)
 *(.data*)
 .data.SystemCoreClock
                0x20000000        0x4 ./Core/Src/system_stm32f4xx.o
                0x20000000                SystemCoreClock
 .data.uwTickPrio
                0x20000004        0x4 ./Drivers/STM32F4xx_HAL_Driver/Src/stm32f4xx_hal.o
                0x20000004                uwTickPrio
 .data.uwTickFreq
                0x20000008        0x1 ./Drivers/STM32F4xx_HAL_Driver/Src/stm32f4xx_hal.o
                0x20000008                uwTickFreq
 *fill*         0x20000009        0x3 
 .data._impure_ptr
                0x2000000c        0x4 /Applications/STM32CubeIDE.app/Contents/Eclipse/plugins/com.st.stm32cube.ide.mcu.externaltools.gnu-tools-for-stm32.13.3.rel1.macos64_1.0.100.202509120712/tools/bin/../lib/gcc/arm-none-eabi/13.3.1/../../../../arm-none-eabi/lib/thumb/v7e-m+fp/hard/libc_nano.a(libc_a-impure.o)
                0x2000000c                _impure_ptr
 .data._impure_data
                0x20000010       0x4c /Applications/STM32CubeIDE.app/Contents/Eclipse/plugins/com.st.stm32cube.ide.mcu.externaltools.gnu-tools-for-stm32.13.3.rel1.macos64_1.0.100.202509120712/tools/bin/../lib/gcc/arm-none-eabi/13.3.1/../../../../arm-none-eabi/lib/thumb/v7e-m+fp/hard/libc_nano.a(libc_a-impure.o)
                0x20000010                _impure_data
 *(.RamFunc)
 *(.RamFunc*)
                0x2000005c                        . = ALIGN (0x4)
                0x2000005c                        _edata = .

.igot.plt       0x2000005c        0x0 load address 0x08020ca4
 .igot.plt      0x2000005c        0x0 /Applications/STM32CubeIDE.app/Contents/Eclipse/plugins/com.st.stm32cube.ide.mcu.externaltools.gnu-tools-for-stm32.13.3.rel1.macos64_1.0.100.202509120712/tools/bin/../lib/gcc/arm-none-eabi/13.3.1/thumb/v7e-m+fp/hard/crtbegin.o
                0x2000005c                        . = ALIGN (0x4)

.bss            0x2000005c      0xff4 load address 0x08020ca4
                0x2000005c                        _sbss = .
                0x2000005c                        __bss_start__ = _sbss
 *(.bss)
 .bss           0x2000005c       0x1c /Applications/STM32CubeIDE.app/Contents/Eclipse/plugins/com.st.stm32cube.ide.mcu.externaltools.gnu-tools-for-stm32.13.3.rel1.macos64_1.0.100.202509120712/tools/bin/../lib/gcc/arm-none-eabi/13.3.1/thumb/v7e-m+fp/hard/crtbegin.o
 *(.bss*)
 .bss.adc_buffer
                0x20000078      0x200 ./Core/Src/main.o
                0x20000078                adc_buffer
 .bss.adc_fft_buffer
                0x20000278      0x200 ./Core/Src/main.o
                0x20000278                adc_fft_buffer
 .bss.fft_ready_flag
                0x20000478        0x1 ./Core/Src/main.o
                0x20000478                fft_ready_flag
 *fill*         0x20000479        0x3 
 .bss.debug_raw_sample
                0x2000047c        0x4 ./Core/Src/main.o
                0x2000047c                debug_raw_sample
 .bss.debug_filtered_sample
                0x20000480        0x4 ./Core/Src/main.o
                0x20000480                debug_filtered_sample
 .bss.radar_uart_message
                0x20000484       0x60 ./Core/Src/main.o
 .bss.filt      0x200004e4        0x8 ./Drivers/Modules/ADC_DMA_Config.o
                0x200004e4                filt
 .bss.fft_input
                0x200004ec      0x400 ./Drivers/Modules/FFT_DPS.o
 .bss.fft_output
                0x200008ec      0x400 ./Drivers/Modules/FFT_DPS.o
 .bss.fft_mag   0x20000cec      0x200 ./Drivers/Modules/FFT_DPS.o
 .bss.fft_instance
                0x20000eec       0x18 ./Drivers/Modules/FFT_DPS.o
 .bss.fft_is_ready
                0x20000f04        0x1 ./Drivers/Modules/FFT_DPS.o
 *fill*         0x20000f05        0x3 
 .bss.tx_buffer
                0x20000f08        0x4 ./Drivers/Modules/UARTDriver.o
                0x20000f08                tx_buffer
 .bss.tx_index  0x20000f0c        0x2 ./Drivers/Modules/UARTDriver.o
                0x20000f0c                tx_index
 .bss.tx_len    0x20000f0e        0x2 ./Drivers/Modules/UARTDriver.o
                0x20000f0e                tx_len
 .bss.rx_data   0x20000f10        0x1 ./Drivers/Modules/UARTDriver.o
                0x20000f10                rx_data
 .bss.rx_flag   0x20000f11        0x1 ./Drivers/Modules/UARTDriver.o
                0x20000f11                rx_flag
 *fill*         0x20000f12        0x2 
 .bss.uwTick    0x20000f14        0x4 ./Drivers/STM32F4xx_HAL_Driver/Src/stm32f4xx_hal.o
                0x20000f14                uwTick
 .bss.__sf      0x20000f18      0x138 /Applications/STM32CubeIDE.app/Contents/Eclipse/plugins/com.st.stm32cube.ide.mcu.externaltools.gnu-tools-for-stm32.13.3.rel1.macos64_1.0.100.202509120712/tools/bin/../lib/gcc/arm-none-eabi/13.3.1/../../../../arm-none-eabi/lib/thumb/v7e-m+fp/hard/libc_nano.a(libc_a-findfp.o)
                0x20000f18                __sf
 *(COMMON)
                0x20001050                        . = ALIGN (0x4)
                0x20001050                        _ebss = .
                0x20001050                        __bss_end__ = _ebss

._user_heap_stack
                0x20001050      0x600 load address 0x08020ca4
                0x20001050                        . = ALIGN (0x8)
                [!provide]                        PROVIDE (end = .)
                0x20001050                        PROVIDE (_end = .)
                0x20001250                        . = (. + _Min_Heap_Size)
 *fill*         0x20001050      0x200 
                0x20001650                        . = (. + _Min_Stack_Size)
 *fill*         0x20001250      0x400 
                0x20001650                        . = ALIGN (0x8)

/DISCARD/
 libc.a(*)
 libm.a(*)
 libgcc.a(*)

.ARM.attributes
                0x00000000       0x30
 *(.ARM.attributes)
 .ARM.attributes
                0x00000000       0x22 /Applications/STM32CubeIDE.app/Contents/Eclipse/plugins/com.st.stm32cube.ide.mcu.externaltools.gnu-tools-for-stm32.13.3.rel1.macos64_1.0.100.202509120712/tools/bin/../lib/gcc/arm-none-eabi/13.3.1/thumb/v7e-m+fp/hard/crti.o
 .ARM.attributes
                0x00000022       0x34 /Applications/STM32CubeIDE.app/Contents/Eclipse/plugins/com.st.stm32cube.ide.mcu.externaltools.gnu-tools-for-stm32.13.3.rel1.macos64_1.0.100.202509120712/tools/bin/../lib/gcc/arm-none-eabi/13.3.1/thumb/v7e-m+fp/hard/crtbegin.o
 .ARM.attributes
                0x00000056       0x34 ./Core/Src/main.o
 .ARM.attributes
                0x0000008a       0x34 ./Core/Src/stm32f4xx_hal_msp.o
 .ARM.attributes
                0x000000be       0x34 ./Core/Src/stm32f4xx_it.o
 .ARM.attributes
                0x000000f2       0x34 ./Core/Src/system_stm32f4xx.o
 .ARM.attributes
                0x00000126       0x21 ./Core/Startup/startup_stm32f411retx.o
 .ARM.attributes
                0x00000147       0x34 ./Drivers/Modules/ADC_DMA_Config.o
 .ARM.attributes
                0x0000017b       0x34 ./Drivers/Modules/FFT_DPS.o
 .ARM.attributes
                0x000001af       0x34 ./Drivers/Modules/IIR_DSP.o
 .ARM.attributes
                0x000001e3       0x34 ./Drivers/Modules/RadarSignalHelper.o
 .ARM.attributes
                0x00000217       0x34 ./Drivers/Modules/TimerDriver.o
 .ARM.attributes
                0x0000024b       0x34 ./Drivers/Modules/UARTDriver.o
 .ARM.attributes
                0x0000027f       0x34 ./Drivers/STM32F4xx_HAL_Driver/Src/stm32f4xx_hal.o
 .ARM.attributes
                0x000002b3       0x34 ./Drivers/STM32F4xx_HAL_Driver/Src/stm32f4xx_hal_cortex.o
 .ARM.attributes
                0x000002e7       0x34 ./Drivers/STM32F4xx_HAL_Driver/Src/stm32f4xx_hal_gpio.o
 .ARM.attributes
                0x0000031b       0x34 ./Drivers/STM32F4xx_HAL_Driver/Src/stm32f4xx_hal_rcc.o
 .ARM.attributes
                0x0000034f       0x34 ../Middlewares/ST/ARM/DSP/Lib/libarm_cortexM4lf_math.a(arm_rfft_fast_init_f32.o)
 .ARM.attributes
                0x00000383       0x34 ../Middlewares/ST/ARM/DSP/Lib/libarm_cortexM4lf_math.a(arm_rfft_fast_f32.o)
 .ARM.attributes
                0x000003b7       0x34 ../Middlewares/ST/ARM/DSP/Lib/libarm_cortexM4lf_math.a(arm_cfft_f32.o)
 .ARM.attributes
                0x000003eb       0x34 ../Middlewares/ST/ARM/DSP/Lib/libarm_cortexM4lf_math.a(arm_bitreversal2.o)
 .ARM.attributes
                0x0000041f       0x34 ../Middlewares/ST/ARM/DSP/Lib/libarm_cortexM4lf_math.a(arm_cmplx_mag_f32.o)
 .ARM.attributes
                0x00000453       0x39 ../Middlewares/ST/ARM/DSP/Lib/libarm_cortexM4lf_math.a(arm_common_tables.o)
 .ARM.attributes
                0x0000048c       0x34 ../Middlewares/ST/ARM/DSP/Lib/libarm_cortexM4lf_math.a(arm_cfft_init_f32.o)
 .ARM.attributes
                0x000004c0       0x34 ../Middlewares/ST/ARM/DSP/Lib/libarm_cortexM4lf_math.a(arm_cfft_radix8_f32.o)
 .ARM.attributes
                0x000004f4       0x39 ../Middlewares/ST/ARM/DSP/Lib/libarm_cortexM4lf_math.a(arm_const_structs.o)
 .ARM.attributes
                0x0000052d       0x34 /Applications/STM32CubeIDE.app/Contents/Eclipse/plugins/com.st.stm32cube.ide.mcu.externaltools.gnu-tools-for-stm32.13.3.rel1.macos64_1.0.100.202509120712/tools/bin/../lib/gcc/arm-none-eabi/13.3.1/../../../../arm-none-eabi/lib/thumb/v7e-m+fp/hard/libc_nano.a(libc_a-findfp.o)
 .ARM.attributes
                0x00000561       0x34 /Applications/STM32CubeIDE.app/Contents/Eclipse/plugins/com.st.stm32cube.ide.mcu.externaltools.gnu-tools-for-stm32.13.3.rel1.macos64_1.0.100.202509120712/tools/bin/../lib/gcc/arm-none-eabi/13.3.1/../../../../arm-none-eabi/lib/thumb/v7e-m+fp/hard/libc_nano.a(libc_a-memset.o)
 .ARM.attributes
                0x00000595       0x34 /Applications/STM32CubeIDE.app/Contents/Eclipse/plugins/com.st.stm32cube.ide.mcu.externaltools.gnu-tools-for-stm32.13.3.rel1.macos64_1.0.100.202509120712/tools/bin/../lib/gcc/arm-none-eabi/13.3.1/../../../../arm-none-eabi/lib/thumb/v7e-m+fp/hard/libc_nano.a(libc_a-errno.o)
 .ARM.attributes
                0x000005c9       0x34 /Applications/STM32CubeIDE.app/Contents/Eclipse/plugins/com.st.stm32cube.ide.mcu.externaltools.gnu-tools-for-stm32.13.3.rel1.macos64_1.0.100.202509120712/tools/bin/../lib/gcc/arm-none-eabi/13.3.1/../../../../arm-none-eabi/lib/thumb/v7e-m+fp/hard/libc_nano.a(libc_a-init.o)
 .ARM.attributes
                0x000005fd       0x34 /Applications/STM32CubeIDE.app/Contents/Eclipse/plugins/com.st.stm32cube.ide.mcu.externaltools.gnu-tools-for-stm32.13.3.rel1.macos64_1.0.100.202509120712/tools/bin/../lib/gcc/arm-none-eabi/13.3.1/../../../../arm-none-eabi/lib/thumb/v7e-m+fp/hard/libc_nano.a(libc_a-impure.o)
 .ARM.attributes
                0x00000631       0x34 /Applications/STM32CubeIDE.app/Contents/Eclipse/plugins/com.st.stm32cube.ide.mcu.externaltools.gnu-tools-for-stm32.13.3.rel1.macos64_1.0.100.202509120712/tools/bin/../lib/gcc/arm-none-eabi/13.3.1/../../../../arm-none-eabi/lib/thumb/v7e-m+fp/hard/libm.a(libm_a-wf_sqrt.o)
 .ARM.attributes
                0x00000665       0x34 /Applications/STM32CubeIDE.app/Contents/Eclipse/plugins/com.st.stm32cube.ide.mcu.externaltools.gnu-tools-for-stm32.13.3.rel1.macos64_1.0.100.202509120712/tools/bin/../lib/gcc/arm-none-eabi/13.3.1/../../../../arm-none-eabi/lib/thumb/v7e-m+fp/hard/libm.a(libm_a-ef_sqrt.o)
 .ARM.attributes
                0x00000699       0x22 /Applications/STM32CubeIDE.app/Contents/Eclipse/plugins/com.st.stm32cube.ide.mcu.externaltools.gnu-tools-for-stm32.13.3.rel1.macos64_1.0.100.202509120712/tools/bin/../lib/gcc/arm-none-eabi/13.3.1/thumb/v7e-m+fp/hard/libgcc.a(_aeabi_uldivmod.o)
 .ARM.attributes
                0x000006bb       0x34 /Applications/STM32CubeIDE.app/Contents/Eclipse/plugins/com.st.stm32cube.ide.mcu.externaltools.gnu-tools-for-stm32.13.3.rel1.macos64_1.0.100.202509120712/tools/bin/../lib/gcc/arm-none-eabi/13.3.1/thumb/v7e-m+fp/hard/libgcc.a(_udivmoddi4.o)
 .ARM.attributes
                0x000006ef       0x22 /Applications/STM32CubeIDE.app/Contents/Eclipse/plugins/com.st.stm32cube.ide.mcu.externaltools.gnu-tools-for-stm32.13.3.rel1.macos64_1.0.100.202509120712/tools/bin/../lib/gcc/arm-none-eabi/13.3.1/thumb/v7e-m+fp/hard/libgcc.a(_dvmd_tls.o)
 .ARM.attributes
                0x00000711       0x22 /Applications/STM32CubeIDE.app/Contents/Eclipse/plugins/com.st.stm32cube.ide.mcu.externaltools.gnu-tools-for-stm32.13.3.rel1.macos64_1.0.100.202509120712/tools/bin/../lib/gcc/arm-none-eabi/13.3.1/thumb/v7e-m+fp/hard/crtn.o
OUTPUT(HB100_RADAR_DETECTION_WITH_STM32F4.elf elf32-littlearm)
LOAD linker stubs
LOAD /Applications/STM32CubeIDE.app/Contents/Eclipse/plugins/com.st.stm32cube.ide.mcu.externaltools.gnu-tools-for-stm32.13.3.rel1.macos64_1.0.100.202509120712/tools/bin/../lib/gcc/arm-none-eabi/13.3.1/../../../../arm-none-eabi/lib/thumb/v7e-m+fp/hard/libc.a
LOAD /Applications/STM32CubeIDE.app/Contents/Eclipse/plugins/com.st.stm32cube.ide.mcu.externaltools.gnu-tools-for-stm32.13.3.rel1.macos64_1.0.100.202509120712/tools/bin/../lib/gcc/arm-none-eabi/13.3.1/../../../../arm-none-eabi/lib/thumb/v7e-m+fp/hard/libm.a
LOAD /Applications/STM32CubeIDE.app/Contents/Eclipse/plugins/com.st.stm32cube.ide.mcu.externaltools.gnu-tools-for-stm32.13.3.rel1.macos64_1.0.100.202509120712/tools/bin/../lib/gcc/arm-none-eabi/13.3.1/thumb/v7e-m+fp/hard/libgcc.a

.debug_info     0x00000000    0x13d7e
 .debug_info    0x00000000      0x98c ./Core/Src/main.o
 .debug_info    0x0000098c      0x92d ./Core/Src/stm32f4xx_hal_msp.o
 .debug_info    0x000012b9      0x112 ./Core/Src/stm32f4xx_it.o
 .debug_info    0x000013cb      0x53e ./Core/Src/system_stm32f4xx.o
 .debug_info    0x00001909       0x30 ./Core/Startup/startup_stm32f411retx.o
 .debug_info    0x00001939      0xb24 ./Drivers/Modules/ADC_DMA_Config.o
 .debug_info    0x0000245d      0x419 ./Drivers/Modules/FFT_DPS.o
 .debug_info    0x00002876      0x258 ./Drivers/Modules/IIR_DSP.o
 .debug_info    0x00002ace      0x4a7 ./Drivers/Modules/RadarSignalHelper.o
 .debug_info    0x00002f75      0x378 ./Drivers/Modules/TimerDriver.o
 .debug_info    0x000032ed      0x86a ./Drivers/Modules/UARTDriver.o
 .debug_info    0x00003b57      0x8c4 ./Drivers/STM32F4xx_HAL_Driver/Src/stm32f4xx_hal.o
 .debug_info    0x0000441b      0xcfc ./Drivers/STM32F4xx_HAL_Driver/Src/stm32f4xx_hal_cortex.o
 .debug_info    0x00005117      0x6f9 ./Drivers/STM32F4xx_HAL_Driver/Src/stm32f4xx_hal_gpio.o
 .debug_info    0x00005810      0x904 ./Drivers/STM32F4xx_HAL_Driver/Src/stm32f4xx_hal_rcc.o
 .debug_info    0x00006114     0x1c2f ../Middlewares/ST/ARM/DSP/Lib/libarm_cortexM4lf_math.a(arm_rfft_fast_init_f32.o)
 .debug_info    0x00007d43      0xfb8 ../Middlewares/ST/ARM/DSP/Lib/libarm_cortexM4lf_math.a(arm_rfft_fast_f32.o)
 .debug_info    0x00008cfb     0x1ed6 ../Middlewares/ST/ARM/DSP/Lib/libarm_cortexM4lf_math.a(arm_cfft_f32.o)
 .debug_info    0x0000abd1     0x19aa ../Middlewares/ST/ARM/DSP/Lib/libarm_cortexM4lf_math.a(arm_bitreversal2.o)
 .debug_info    0x0000c57b      0xcbb ../Middlewares/ST/ARM/DSP/Lib/libarm_cortexM4lf_math.a(arm_cmplx_mag_f32.o)
 .debug_info    0x0000d236     0x1e86 ../Middlewares/ST/ARM/DSP/Lib/libarm_cortexM4lf_math.a(arm_common_tables.o)
 .debug_info    0x0000f0bc     0x1c05 ../Middlewares/ST/ARM/DSP/Lib/libarm_cortexM4lf_math.a(arm_cfft_init_f32.o)
 .debug_info    0x00010cc1      0xeda ../Middlewares/ST/ARM/DSP/Lib/libarm_cortexM4lf_math.a(arm_cfft_radix8_f32.o)
 .debug_info    0x00011b9b     0x21e3 ../Middlewares/ST/ARM/DSP/Lib/libarm_cortexM4lf_math.a(arm_const_structs.o)

.debug_abbrev   0x00000000     0x2d9b
 .debug_abbrev  0x00000000      0x25b ./Core/Src/main.o
 .debug_abbrev  0x0000025b      0x1c1 ./Core/Src/stm32f4xx_hal_msp.o
 .debug_abbrev  0x0000041c       0x73 ./Core/Src/stm32f4xx_it.o
 .debug_abbrev  0x0000048f      0x11a ./Core/Src/system_stm32f4xx.o
 .debug_abbrev  0x000005a9       0x24 ./Core/Startup/startup_stm32f411retx.o
 .debug_abbrev  0x000005cd      0x20e ./Drivers/Modules/ADC_DMA_Config.o
 .debug_abbrev  0x000007db      0x19d ./Drivers/Modules/FFT_DPS.o
 .debug_abbrev  0x00000978      0x176 ./Drivers/Modules/IIR_DSP.o
 .debug_abbrev  0x00000aee      0x148 ./Drivers/Modules/RadarSignalHelper.o
 .debug_abbrev  0x00000c36       0xc6 ./Drivers/Modules/TimerDriver.o
 .debug_abbrev  0x00000cfc      0x242 ./Drivers/Modules/UARTDriver.o
 .debug_abbrev  0x00000f3e      0x24b ./Drivers/STM32F4xx_HAL_Driver/Src/stm32f4xx_hal.o
 .debug_abbrev  0x00001189      0x31d ./Drivers/STM32F4xx_HAL_Driver/Src/stm32f4xx_hal_cortex.o
 .debug_abbrev  0x000014a6      0x1d3 ./Drivers/STM32F4xx_HAL_Driver/Src/stm32f4xx_hal_gpio.o
 .debug_abbrev  0x00001679      0x2b6 ./Drivers/STM32F4xx_HAL_Driver/Src/stm32f4xx_hal_rcc.o
 .debug_abbrev  0x0000192f      0x2c9 ../Middlewares/ST/ARM/DSP/Lib/libarm_cortexM4lf_math.a(arm_rfft_fast_init_f32.o)
 .debug_abbrev  0x00001bf8      0x260 ../Middlewares/ST/ARM/DSP/Lib/libarm_cortexM4lf_math.a(arm_rfft_fast_f32.o)
 .debug_abbrev  0x00001e58      0x288 ../Middlewares/ST/ARM/DSP/Lib/libarm_cortexM4lf_math.a(arm_cfft_f32.o)
 .debug_abbrev  0x000020e0      0x21a ../Middlewares/ST/ARM/DSP/Lib/libarm_cortexM4lf_math.a(arm_bitreversal2.o)
 .debug_abbrev  0x000022fa      0x288 ../Middlewares/ST/ARM/DSP/Lib/libarm_cortexM4lf_math.a(arm_cmplx_mag_f32.o)
 .debug_abbrev  0x00002582      0x1ec ../Middlewares/ST/ARM/DSP/Lib/libarm_cortexM4lf_math.a(arm_common_tables.o)
 .debug_abbrev  0x0000276e      0x232 ../Middlewares/ST/ARM/DSP/Lib/libarm_cortexM4lf_math.a(arm_cfft_init_f32.o)
 .debug_abbrev  0x000029a0      0x20b ../Middlewares/ST/ARM/DSP/Lib/libarm_cortexM4lf_math.a(arm_cfft_radix8_f32.o)
 .debug_abbrev  0x00002bab      0x1f0 ../Middlewares/ST/ARM/DSP/Lib/libarm_cortexM4lf_math.a(arm_const_structs.o)

.debug_aranges  0x00000000      0x710
 .debug_aranges
                0x00000000       0x38 ./Core/Src/main.o
 .debug_aranges
                0x00000038       0x30 ./Core/Src/stm32f4xx_hal_msp.o
 .debug_aranges
                0x00000068       0x60 ./Core/Src/stm32f4xx_it.o
 .debug_aranges
                0x000000c8       0x28 ./Core/Src/system_stm32f4xx.o
 .debug_aranges
                0x000000f0       0x28 ./Core/Startup/startup_stm32f411retx.o
 .debug_aranges
                0x00000118       0x40 ./Drivers/Modules/ADC_DMA_Config.o
 .debug_aranges
                0x00000158       0x20 ./Drivers/Modules/FFT_DPS.o
 .debug_aranges
                0x00000178       0x30 ./Drivers/Modules/IIR_DSP.o
 .debug_aranges
                0x000001a8       0x70 ./Drivers/Modules/RadarSignalHelper.o
 .debug_aranges
                0x00000218       0x20 ./Drivers/Modules/TimerDriver.o
 .debug_aranges
                0x00000238       0x58 ./Drivers/Modules/UARTDriver.o
 .debug_aranges
                0x00000290       0xf0 ./Drivers/STM32F4xx_HAL_Driver/Src/stm32f4xx_hal.o
 .debug_aranges
                0x00000380      0x130 ./Drivers/STM32F4xx_HAL_Driver/Src/stm32f4xx_hal_cortex.o
 .debug_aranges
                0x000004b0       0x58 ./Drivers/STM32F4xx_HAL_Driver/Src/stm32f4xx_hal_gpio.o
 .debug_aranges
                0x00000508       0x88 ./Drivers/STM32F4xx_HAL_Driver/Src/stm32f4xx_hal_rcc.o
 .debug_aranges
                0x00000590       0x60 ../Middlewares/ST/ARM/DSP/Lib/libarm_cortexM4lf_math.a(arm_rfft_fast_init_f32.o)
 .debug_aranges
                0x000005f0       0x30 ../Middlewares/ST/ARM/DSP/Lib/libarm_cortexM4lf_math.a(arm_rfft_fast_f32.o)
 .debug_aranges
                0x00000620       0x30 ../Middlewares/ST/ARM/DSP/Lib/libarm_cortexM4lf_math.a(arm_cfft_f32.o)
 .debug_aranges
                0x00000650       0x30 ../Middlewares/ST/ARM/DSP/Lib/libarm_cortexM4lf_math.a(arm_bitreversal2.o)
 .debug_aranges
                0x00000680       0x20 ../Middlewares/ST/ARM/DSP/Lib/libarm_cortexM4lf_math.a(arm_cmplx_mag_f32.o)
 .debug_aranges
                0x000006a0       0x18 ../Middlewares/ST/ARM/DSP/Lib/libarm_cortexM4lf_math.a(arm_common_tables.o)
 .debug_aranges
                0x000006b8       0x20 ../Middlewares/ST/ARM/DSP/Lib/libarm_cortexM4lf_math.a(arm_cfft_init_f32.o)
 .debug_aranges
                0x000006d8       0x20 ../Middlewares/ST/ARM/DSP/Lib/libarm_cortexM4lf_math.a(arm_cfft_radix8_f32.o)
 .debug_aranges
                0x000006f8       0x18 ../Middlewares/ST/ARM/DSP/Lib/libarm_cortexM4lf_math.a(arm_const_structs.o)

.debug_rnglists
                0x00000000      0x3f6
 .debug_rnglists
                0x00000000       0x27 ./Core/Src/main.o
 .debug_rnglists
                0x00000027       0x20 ./Core/Src/stm32f4xx_hal_msp.o
 .debug_rnglists
                0x00000047       0x43 ./Core/Src/stm32f4xx_it.o
 .debug_rnglists
                0x0000008a       0x1a ./Core/Src/system_stm32f4xx.o
 .debug_rnglists
                0x000000a4       0x19 ./Core/Startup/startup_stm32f411retx.o
 .debug_rnglists
                0x000000bd       0x2e ./Drivers/Modules/ADC_DMA_Config.o
 .debug_rnglists
                0x000000eb       0x14 ./Drivers/Modules/FFT_DPS.o
 .debug_rnglists
                0x000000ff       0x1f ./Drivers/Modules/IIR_DSP.o
 .debug_rnglists
                0x0000011e       0x52 ./Drivers/Modules/RadarSignalHelper.o
 .debug_rnglists
                0x00000170       0x13 ./Drivers/Modules/TimerDriver.o
 .debug_rnglists
                0x00000183       0x3f ./Drivers/Modules/UARTDriver.o
 .debug_rnglists
                0x000001c2       0xaf ./Drivers/STM32F4xx_HAL_Driver/Src/stm32f4xx_hal.o
 .debug_rnglists
                0x00000271       0xe0 ./Drivers/STM32F4xx_HAL_Driver/Src/stm32f4xx_hal_cortex.o
 .debug_rnglists
                0x00000351       0x3f ./Drivers/STM32F4xx_HAL_Driver/Src/stm32f4xx_hal_gpio.o
 .debug_rnglists
                0x00000390       0x66 ./Drivers/STM32F4xx_HAL_Driver/Src/stm32f4xx_hal_rcc.o

.debug_macro    0x00000000    0x1636b
 .debug_macro   0x00000000      0x355 ./Core/Src/main.o
 .debug_macro   0x00000355      0xad8 ./Core/Src/main.o
 .debug_macro   0x00000e2d      0x295 ./Core/Src/main.o
 .debug_macro   0x000010c2       0x2e ./Core/Src/main.o
 .debug_macro   0x000010f0       0x28 ./Core/Src/main.o
 .debug_macro   0x00001118       0x22 ./Core/Src/main.o
 .debug_macro   0x0000113a       0x8e ./Core/Src/main.o
 .debug_macro   0x000011c8       0x51 ./Core/Src/main.o
 .debug_macro   0x00001219      0x103 ./Core/Src/main.o
 .debug_macro   0x0000131c       0x6a ./Core/Src/main.o
 .debug_macro   0x00001386      0x1df ./Core/Src/main.o
 .debug_macro   0x00001565       0x1c ./Core/Src/main.o
 .debug_macro   0x00001581       0x22 ./Core/Src/main.o
 .debug_macro   0x000015a3       0xfb ./Core/Src/main.o
 .debug_macro   0x0000169e     0x1011 ./Core/Src/main.o
 .debug_macro   0x000026af      0x11f ./Core/Src/main.o
 .debug_macro   0x000027ce     0xb968 ./Core/Src/main.o
 .debug_macro   0x0000e136       0x6d ./Core/Src/main.o
 .debug_macro   0x0000e1a3     0x3693 ./Core/Src/main.o
 .debug_macro   0x00011836      0x190 ./Core/Src/main.o
 .debug_macro   0x000119c6       0x5c ./Core/Src/main.o
 .debug_macro   0x00011a22      0x45c ./Core/Src/main.o
 .debug_macro   0x00011e7e      0x9e9 ./Core/Src/main.o
 .debug_macro   0x00012867      0x115 ./Core/Src/main.o
 .debug_macro   0x0001297c      0x11b ./Core/Src/main.o
 .debug_macro   0x00012a97       0xa5 ./Core/Src/main.o
 .debug_macro   0x00012b3c      0x15f ./Core/Src/main.o
 .debug_macro   0x00012c9b      0x287 ./Core/Src/main.o
 .debug_macro   0x00012f22       0x5f ./Core/Src/main.o
 .debug_macro   0x00012f81      0x236 ./Core/Src/main.o
 .debug_macro   0x000131b7      0x132 ./Core/Src/main.o
 .debug_macro   0x000132e9      0x264 ./Core/Src/main.o
 .debug_macro   0x0001354d       0x2e ./Core/Src/main.o
 .debug_macro   0x0001357b      0x127 ./Core/Src/main.o
 .debug_macro   0x000136a2       0x85 ./Core/Src/main.o
 .debug_macro   0x00013727       0x89 ./Core/Src/main.o
 .debug_macro   0x000137b0      0x2aa ./Core/Src/main.o
 .debug_macro   0x00013a5a      0x126 ./Core/Src/main.o
 .debug_macro   0x00013b80       0x58 ./Core/Src/main.o
 .debug_macro   0x00013bd8       0x61 ./Core/Src/main.o
 .debug_macro   0x00013c39       0x2a ./Core/Src/main.o
 .debug_macro   0x00013c63       0x43 ./Core/Src/main.o
 .debug_macro   0x00013ca6       0x34 ./Core/Src/main.o
 .debug_macro   0x00013cda      0x370 ./Core/Src/main.o
 .debug_macro   0x0001404a       0x16 ./Core/Src/main.o
 .debug_macro   0x00014060       0x4a ./Core/Src/main.o
 .debug_macro   0x000140aa       0x34 ./Core/Src/main.o
 .debug_macro   0x000140de       0x10 ./Core/Src/main.o
 .debug_macro   0x000140ee       0x58 ./Core/Src/main.o
 .debug_macro   0x00014146       0x8e ./Core/Src/main.o
 .debug_macro   0x000141d4       0x1c ./Core/Src/main.o
 .debug_macro   0x000141f0      0x185 ./Core/Src/main.o
 .debug_macro   0x00014375       0x10 ./Core/Src/main.o
 .debug_macro   0x00014385       0x3c ./Core/Src/main.o
 .debug_macro   0x000143c1       0x20 ./Core/Src/main.o
 .debug_macro   0x000143e1      0x19b ./Core/Src/main.o
 .debug_macro   0x0001457c      0x201 ./Core/Src/main.o
 .debug_macro   0x0001477d       0x7c ./Core/Src/main.o
 .debug_macro   0x000147f9       0x17 ./Core/Src/main.o
 .debug_macro   0x00014810      0x118 ./Core/Src/main.o
 .debug_macro   0x00014928      0x169 ./Core/Src/main.o
 .debug_macro   0x00014a91       0x22 ./Core/Src/main.o
 .debug_macro   0x00014ab3       0x10 ./Core/Src/main.o
 .debug_macro   0x00014ac3       0x10 ./Core/Src/main.o
 .debug_macro   0x00014ad3      0x1c9 ./Core/Src/stm32f4xx_hal_msp.o
 .debug_macro   0x00014c9c      0x1d3 ./Core/Src/stm32f4xx_it.o
 .debug_macro   0x00014e6f      0x1ba ./Core/Src/system_stm32f4xx.o
 .debug_macro   0x00015029      0x1da ./Drivers/Modules/ADC_DMA_Config.o
 .debug_macro   0x00015203      0x1ce ./Drivers/Modules/FFT_DPS.o
 .debug_macro   0x000153d1       0x1c ./Drivers/Modules/FFT_DPS.o
 .debug_macro   0x000153ed       0x16 ./Drivers/Modules/FFT_DPS.o
 .debug_macro   0x00015403      0x1c6 ./Drivers/Modules/IIR_DSP.o
 .debug_macro   0x000155c9      0x1da ./Drivers/Modules/RadarSignalHelper.o
 .debug_macro   0x000157a3      0x1c4 ./Drivers/Modules/TimerDriver.o
 .debug_macro   0x00015967      0x292 ./Drivers/Modules/UARTDriver.o
 .debug_macro   0x00015bf9      0x21a ./Drivers/STM32F4xx_HAL_Driver/Src/stm32f4xx_hal.o
 .debug_macro   0x00015e13      0x1ba ./Drivers/STM32F4xx_HAL_Driver/Src/stm32f4xx_hal_cortex.o
 .debug_macro   0x00015fcd      0x1c0 ./Drivers/STM32F4xx_HAL_Driver/Src/stm32f4xx_hal_gpio.o
 .debug_macro   0x0001618d      0x1de ./Drivers/STM32F4xx_HAL_Driver/Src/stm32f4xx_hal_rcc.o

.debug_line     0x00000000     0xb175
 .debug_line    0x00000000      0xa1b ./Core/Src/main.o
 .debug_line    0x00000a1b      0x700 ./Core/Src/stm32f4xx_hal_msp.o
 .debug_line    0x0000111b      0x761 ./Core/Src/stm32f4xx_it.o
 .debug_line    0x0000187c      0x728 ./Core/Src/system_stm32f4xx.o
 .debug_line    0x00001fa4       0x7a ./Core/Startup/startup_stm32f411retx.o
 .debug_line    0x0000201e      0x889 ./Drivers/Modules/ADC_DMA_Config.o
 .debug_line    0x000028a7      0x6b4 ./Drivers/Modules/FFT_DPS.o
 .debug_line    0x00002f5b      0x63f ./Drivers/Modules/IIR_DSP.o
 .debug_line    0x0000359a      0x816 ./Drivers/Modules/RadarSignalHelper.o
 .debug_line    0x00003db0      0x6e2 ./Drivers/Modules/TimerDriver.o
 .debug_line    0x00004492      0xa0a ./Drivers/Modules/UARTDriver.o
 .debug_line    0x00004e9c      0x9a4 ./Drivers/STM32F4xx_HAL_Driver/Src/stm32f4xx_hal.o
 .debug_line    0x00005840      0xc74 ./Drivers/STM32F4xx_HAL_Driver/Src/stm32f4xx_hal_cortex.o
 .debug_line    0x000064b4      0xac0 ./Drivers/STM32F4xx_HAL_Driver/Src/stm32f4xx_hal_gpio.o
 .debug_line    0x00006f74      0xdb3 ./Drivers/STM32F4xx_HAL_Driver/Src/stm32f4xx_hal_rcc.o
 .debug_line    0x00007d27      0x4d0 ../Middlewares/ST/ARM/DSP/Lib/libarm_cortexM4lf_math.a(arm_rfft_fast_init_f32.o)
 .debug_line    0x000081f7      0x4ab ../Middlewares/ST/ARM/DSP/Lib/libarm_cortexM4lf_math.a(arm_rfft_fast_f32.o)
 .debug_line    0x000086a2      0xef2 ../Middlewares/ST/ARM/DSP/Lib/libarm_cortexM4lf_math.a(arm_cfft_f32.o)
 .debug_line    0x00009594      0x39a ../Middlewares/ST/ARM/DSP/Lib/libarm_cortexM4lf_math.a(arm_bitreversal2.o)
 .debug_line    0x0000992e      0x501 ../Middlewares/ST/ARM/DSP/Lib/libarm_cortexM4lf_math.a(arm_cmplx_mag_f32.o)
 .debug_line    0x00009e2f      0x1f7 ../Middlewares/ST/ARM/DSP/Lib/libarm_cortexM4lf_math.a(arm_common_tables.o)
 .debug_line    0x0000a026      0x2a5 ../Middlewares/ST/ARM/DSP/Lib/libarm_cortexM4lf_math.a(arm_cfft_init_f32.o)
 .debug_line    0x0000a2cb      0xc9c ../Middlewares/ST/ARM/DSP/Lib/libarm_cortexM4lf_math.a(arm_cfft_radix8_f32.o)
 .debug_line    0x0000af67      0x20e ../Middlewares/ST/ARM/DSP/Lib/libarm_cortexM4lf_math.a(arm_const_structs.o)

.debug_str      0x00000000    0x88714
 .debug_str     0x00000000    0x88714 ./Core/Src/main.o
                              0x8542e (size before relaxing)
 .debug_str     0x00088714        0x0 ./Core/Src/stm32f4xx_hal_msp.o
                              0x806d4 (size before relaxing)
 .debug_str     0x00088714        0x0 ./Core/Src/stm32f4xx_it.o
                              0x8010c (size before relaxing)
 .debug_str     0x00088714        0x0 ./Core/Src/system_stm32f4xx.o
                              0x80122 (size before relaxing)
 .debug_str     0x00088714        0x0 ./Core/Startup/startup_stm32f411retx.o
                                 0x8e (size before relaxing)
 .debug_str     0x00088714        0x0 ./Drivers/Modules/ADC_DMA_Config.o
                              0x806b5 (size before relaxing)
 .debug_str     0x00088714        0x0 ./Drivers/Modules/FFT_DPS.o
                               0x9b72 (size before relaxing)
 .debug_str     0x00088714        0x0 ./Drivers/Modules/IIR_DSP.o
                               0x9927 (size before relaxing)
 .debug_str     0x00088714        0x0 ./Drivers/Modules/RadarSignalHelper.o
                               0x9b4a (size before relaxing)
 .debug_str     0x00088714        0x0 ./Drivers/Modules/TimerDriver.o
                              0x800d2 (size before relaxing)
 .debug_str     0x00088714        0x0 ./Drivers/Modules/UARTDriver.o
                              0x83780 (size before relaxing)
 .debug_str     0x00088714        0x0 ./Drivers/STM32F4xx_HAL_Driver/Src/stm32f4xx_hal.o
                              0x80b4e (size before relaxing)
 .debug_str     0x00088714        0x0 ./Drivers/STM32F4xx_HAL_Driver/Src/stm32f4xx_hal_cortex.o
                              0x808b8 (size before relaxing)
 .debug_str     0x00088714        0x0 ./Drivers/STM32F4xx_HAL_Driver/Src/stm32f4xx_hal_gpio.o
                              0x8029d (size before relaxing)
 .debug_str     0x00088714        0x0 ./Drivers/STM32F4xx_HAL_Driver/Src/stm32f4xx_hal_rcc.o
                              0x80556 (size before relaxing)
 .debug_str     0x00088714        0x0 ../Middlewares/ST/ARM/DSP/Lib/libarm_cortexM4lf_math.a(arm_rfft_fast_init_f32.o)
                               0x11c9 (size before relaxing)
 .debug_str     0x00088714        0x0 ../Middlewares/ST/ARM/DSP/Lib/libarm_cortexM4lf_math.a(arm_rfft_fast_f32.o)
                                0x73b (size before relaxing)
 .debug_str     0x00088714        0x0 ../Middlewares/ST/ARM/DSP/Lib/libarm_cortexM4lf_math.a(arm_cfft_f32.o)
                               0x10f3 (size before relaxing)
 .debug_str     0x00088714        0x0 ../Middlewares/ST/ARM/DSP/Lib/libarm_cortexM4lf_math.a(arm_bitreversal2.o)
                                0xffe (size before relaxing)
 .debug_str     0x00088714        0x0 ../Middlewares/ST/ARM/DSP/Lib/libarm_cortexM4lf_math.a(arm_cmplx_mag_f32.o)
                                0x736 (size before relaxing)
 .debug_str     0x00088714        0x0 ../Middlewares/ST/ARM/DSP/Lib/libarm_cortexM4lf_math.a(arm_common_tables.o)
                                0xf92 (size before relaxing)
 .debug_str     0x00088714        0x0 ../Middlewares/ST/ARM/DSP/Lib/libarm_cortexM4lf_math.a(arm_cfft_init_f32.o)
                               0x1412 (size before relaxing)
 .debug_str     0x00088714        0x0 ../Middlewares/ST/ARM/DSP/Lib/libarm_cortexM4lf_math.a(arm_cfft_radix8_f32.o)
                                0x69d (size before relaxing)
 .debug_str     0x00088714        0x0 ../Middlewares/ST/ARM/DSP/Lib/libarm_cortexM4lf_math.a(arm_const_structs.o)
                               0x17bc (size before relaxing)

.comment        0x00000000       0xbc
 .comment       0x00000000       0xbc ./Core/Src/main.o
                                 0x44 (size before relaxing)
 .comment       0x000000bc        0x0 ./Core/Src/stm32f4xx_hal_msp.o
                                 0x44 (size before relaxing)
 .comment       0x000000bc        0x0 ./Core/Src/stm32f4xx_it.o
                                 0x44 (size before relaxing)
 .comment       0x000000bc        0x0 ./Core/Src/system_stm32f4xx.o
                                 0x44 (size before relaxing)
 .comment       0x000000bc        0x0 ./Drivers/Modules/ADC_DMA_Config.o
                                 0x44 (size before relaxing)
 .comment       0x000000bc        0x0 ./Drivers/Modules/FFT_DPS.o
                                 0x44 (size before relaxing)
 .comment       0x000000bc        0x0 ./Drivers/Modules/IIR_DSP.o
                                 0x44 (size before relaxing)
 .comment       0x000000bc        0x0 ./Drivers/Modules/RadarSignalHelper.o
                                 0x44 (size before relaxing)
 .comment       0x000000bc        0x0 ./Drivers/Modules/TimerDriver.o
                                 0x44 (size before relaxing)
 .comment       0x000000bc        0x0 ./Drivers/Modules/UARTDriver.o
                                 0x44 (size before relaxing)
 .comment       0x000000bc        0x0 ./Drivers/STM32F4xx_HAL_Driver/Src/stm32f4xx_hal.o
                                 0x44 (size before relaxing)
 .comment       0x000000bc        0x0 ./Drivers/STM32F4xx_HAL_Driver/Src/stm32f4xx_hal_cortex.o
                                 0x44 (size before relaxing)
 .comment       0x000000bc        0x0 ./Drivers/STM32F4xx_HAL_Driver/Src/stm32f4xx_hal_gpio.o
                                 0x44 (size before relaxing)
 .comment       0x000000bc        0x0 ./Drivers/STM32F4xx_HAL_Driver/Src/stm32f4xx_hal_rcc.o
                                 0x44 (size before relaxing)
 .comment       0x000000bc        0x0 ../Middlewares/ST/ARM/DSP/Lib/libarm_cortexM4lf_math.a(arm_rfft_fast_init_f32.o)
                                 0x7a (size before relaxing)
 .comment       0x000000bc        0x0 ../Middlewares/ST/ARM/DSP/Lib/libarm_cortexM4lf_math.a(arm_rfft_fast_f32.o)
                                 0x7a (size before relaxing)
 .comment       0x000000bc        0x0 ../Middlewares/ST/ARM/DSP/Lib/libarm_cortexM4lf_math.a(arm_cfft_f32.o)
                                 0x7a (size before relaxing)
 .comment       0x000000bc        0x0 ../Middlewares/ST/ARM/DSP/Lib/libarm_cortexM4lf_math.a(arm_bitreversal2.o)
                                 0x7a (size before relaxing)
 .comment       0x000000bc        0x0 ../Middlewares/ST/ARM/DSP/Lib/libarm_cortexM4lf_math.a(arm_cmplx_mag_f32.o)
                                 0x7a (size before relaxing)
 .comment       0x000000bc        0x0 ../Middlewares/ST/ARM/DSP/Lib/libarm_cortexM4lf_math.a(arm_common_tables.o)
                                 0x7a (size before relaxing)
 .comment       0x000000bc        0x0 ../Middlewares/ST/ARM/DSP/Lib/libarm_cortexM4lf_math.a(arm_cfft_init_f32.o)
                                 0x7a (size before relaxing)
 .comment       0x000000bc        0x0 ../Middlewares/ST/ARM/DSP/Lib/libarm_cortexM4lf_math.a(arm_cfft_radix8_f32.o)
                                 0x7a (size before relaxing)
 .comment       0x000000bc        0x0 ../Middlewares/ST/ARM/DSP/Lib/libarm_cortexM4lf_math.a(arm_const_structs.o)
                                 0x7a (size before relaxing)

.debug_frame    0x00000000     0x1934
 .debug_frame   0x00000000       0x90 ./Core/Src/main.o
 .debug_frame   0x00000090       0x7c ./Core/Src/stm32f4xx_hal_msp.o
 .debug_frame   0x0000010c      0x104 ./Core/Src/stm32f4xx_it.o
 .debug_frame   0x00000210       0x58 ./Core/Src/system_stm32f4xx.o
 .debug_frame   0x00000268       0xc0 ./Drivers/Modules/ADC_DMA_Config.o
 .debug_frame   0x00000328       0x38 ./Drivers/Modules/FFT_DPS.o
 .debug_frame   0x00000360       0x7c ./Drivers/Modules/IIR_DSP.o
 .debug_frame   0x000003dc      0x1b4 ./Drivers/Modules/RadarSignalHelper.o
 .debug_frame   0x00000590       0x38 ./Drivers/Modules/TimerDriver.o
 .debug_frame   0x000005c8      0x12c ./Drivers/Modules/UARTDriver.o
 .debug_frame   0x000006f4      0x374 ./Drivers/STM32F4xx_HAL_Driver/Src/stm32f4xx_hal.o
 .debug_frame   0x00000a68      0x508 ./Drivers/STM32F4xx_HAL_Driver/Src/stm32f4xx_hal_cortex.o
 .debug_frame   0x00000f70      0x14c ./Drivers/STM32F4xx_HAL_Driver/Src/stm32f4xx_hal_gpio.o
 .debug_frame   0x000010bc      0x1f4 ./Drivers/STM32F4xx_HAL_Driver/Src/stm32f4xx_hal_rcc.o
 .debug_frame   0x000012b0      0x100 ../Middlewares/ST/ARM/DSP/Lib/libarm_cortexM4lf_math.a(arm_rfft_fast_init_f32.o)
 .debug_frame   0x000013b0       0x7c ../Middlewares/ST/ARM/DSP/Lib/libarm_cortexM4lf_math.a(arm_rfft_fast_f32.o)
 .debug_frame   0x0000142c      0x108 ../Middlewares/ST/ARM/DSP/Lib/libarm_cortexM4lf_math.a(arm_cfft_f32.o)
 .debug_frame   0x00001534       0x84 ../Middlewares/ST/ARM/DSP/Lib/libarm_cortexM4lf_math.a(arm_bitreversal2.o)
 .debug_frame   0x000015b8       0x4c ../Middlewares/ST/ARM/DSP/Lib/libarm_cortexM4lf_math.a(arm_cmplx_mag_f32.o)
 .debug_frame   0x00001604       0x34 ../Middlewares/ST/ARM/DSP/Lib/libarm_cortexM4lf_math.a(arm_cfft_init_f32.o)
 .debug_frame   0x00001638       0x94 ../Middlewares/ST/ARM/DSP/Lib/libarm_cortexM4lf_math.a(arm_cfft_radix8_f32.o)
 .debug_frame   0x000016cc      0x144 /Applications/STM32CubeIDE.app/Contents/Eclipse/plugins/com.st.stm32cube.ide.mcu.externaltools.gnu-tools-for-stm32.13.3.rel1.macos64_1.0.100.202509120712/tools/bin/../lib/gcc/arm-none-eabi/13.3.1/../../../../arm-none-eabi/lib/thumb/v7e-m+fp/hard/libc_nano.a(libc_a-findfp.o)
 .debug_frame   0x00001810       0x20 /Applications/STM32CubeIDE.app/Contents/Eclipse/plugins/com.st.stm32cube.ide.mcu.externaltools.gnu-tools-for-stm32.13.3.rel1.macos64_1.0.100.202509120712/tools/bin/../lib/gcc/arm-none-eabi/13.3.1/../../../../arm-none-eabi/lib/thumb/v7e-m+fp/hard/libc_nano.a(libc_a-memset.o)
 .debug_frame   0x00001830       0x20 /Applications/STM32CubeIDE.app/Contents/Eclipse/plugins/com.st.stm32cube.ide.mcu.externaltools.gnu-tools-for-stm32.13.3.rel1.macos64_1.0.100.202509120712/tools/bin/../lib/gcc/arm-none-eabi/13.3.1/../../../../arm-none-eabi/lib/thumb/v7e-m+fp/hard/libc_nano.a(libc_a-errno.o)
 .debug_frame   0x00001850       0x2c /Applications/STM32CubeIDE.app/Contents/Eclipse/plugins/com.st.stm32cube.ide.mcu.externaltools.gnu-tools-for-stm32.13.3.rel1.macos64_1.0.100.202509120712/tools/bin/../lib/gcc/arm-none-eabi/13.3.1/../../../../arm-none-eabi/lib/thumb/v7e-m+fp/hard/libc_nano.a(libc_a-init.o)
 .debug_frame   0x0000187c       0x38 /Applications/STM32CubeIDE.app/Contents/Eclipse/plugins/com.st.stm32cube.ide.mcu.externaltools.gnu-tools-for-stm32.13.3.rel1.macos64_1.0.100.202509120712/tools/bin/../lib/gcc/arm-none-eabi/13.3.1/../../../../arm-none-eabi/lib/thumb/v7e-m+fp/hard/libm.a(libm_a-wf_sqrt.o)
 .debug_frame   0x000018b4       0x20 /Applications/STM32CubeIDE.app/Contents/Eclipse/plugins/com.st.stm32cube.ide.mcu.externaltools.gnu-tools-for-stm32.13.3.rel1.macos64_1.0.100.202509120712/tools/bin/../lib/gcc/arm-none-eabi/13.3.1/../../../../arm-none-eabi/lib/thumb/v7e-m+fp/hard/libm.a(libm_a-ef_sqrt.o)
 .debug_frame   0x000018d4       0x2c /Applications/STM32CubeIDE.app/Contents/Eclipse/plugins/com.st.stm32cube.ide.mcu.externaltools.gnu-tools-for-stm32.13.3.rel1.macos64_1.0.100.202509120712/tools/bin/../lib/gcc/arm-none-eabi/13.3.1/thumb/v7e-m+fp/hard/libgcc.a(_aeabi_uldivmod.o)
 .debug_frame   0x00001900       0x34 /Applications/STM32CubeIDE.app/Contents/Eclipse/plugins/com.st.stm32cube.ide.mcu.externaltools.gnu-tools-for-stm32.13.3.rel1.macos64_1.0.100.202509120712/tools/bin/../lib/gcc/arm-none-eabi/13.3.1/thumb/v7e-m+fp/hard/libgcc.a(_udivmoddi4.o)

.debug_line_str
                0x00000000       0x72
 .debug_line_str
                0x00000000       0x72 ./Core/Startup/startup_stm32f411retx.o

.debug_loc      0x00000000     0x391c
 .debug_loc     0x00000000      0x519 ../Middlewares/ST/ARM/DSP/Lib/libarm_cortexM4lf_math.a(arm_rfft_fast_init_f32.o)
 .debug_loc     0x00000519      0x9d7 ../Middlewares/ST/ARM/DSP/Lib/libarm_cortexM4lf_math.a(arm_rfft_fast_f32.o)
 .debug_loc     0x00000ef0     0x1406 ../Middlewares/ST/ARM/DSP/Lib/libarm_cortexM4lf_math.a(arm_cfft_f32.o)
 .debug_loc     0x000022f6      0x2cf ../Middlewares/ST/ARM/DSP/Lib/libarm_cortexM4lf_math.a(arm_bitreversal2.o)
 .debug_loc     0x000025c5      0x961 ../Middlewares/ST/ARM/DSP/Lib/libarm_cortexM4lf_math.a(arm_cmplx_mag_f32.o)
 .debug_loc     0x00002f26       0xee ../Middlewares/ST/ARM/DSP/Lib/libarm_cortexM4lf_math.a(arm_cfft_init_f32.o)
 .debug_loc     0x00003014      0x908 ../Middlewares/ST/ARM/DSP/Lib/libarm_cortexM4lf_math.a(arm_cfft_radix8_f32.o)

.debug_ranges   0x00000000      0x1b0
 .debug_ranges  0x00000000       0x50 ../Middlewares/ST/ARM/DSP/Lib/libarm_cortexM4lf_math.a(arm_rfft_fast_init_f32.o)
 .debug_ranges  0x00000050       0x20 ../Middlewares/ST/ARM/DSP/Lib/libarm_cortexM4lf_math.a(arm_rfft_fast_f32.o)
 .debug_ranges  0x00000070       0x20 ../Middlewares/ST/ARM/DSP/Lib/libarm_cortexM4lf_math.a(arm_cfft_f32.o)
 .debug_ranges  0x00000090       0x20 ../Middlewares/ST/ARM/DSP/Lib/libarm_cortexM4lf_math.a(arm_bitreversal2.o)
 .debug_ranges  0x000000b0       0xe0 ../Middlewares/ST/ARM/DSP/Lib/libarm_cortexM4lf_math.a(arm_cmplx_mag_f32.o)
 .debug_ranges  0x00000190       0x10 ../Middlewares/ST/ARM/DSP/Lib/libarm_cortexM4lf_math.a(arm_cfft_init_f32.o)
 .debug_ranges  0x000001a0       0x10 ../Middlewares/ST/ARM/DSP/Lib/libarm_cortexM4lf_math.a(arm_cfft_radix8_f32.o)
