Archive member included to satisfy reference by file (symbol)

../Middlewares/ST/ARM/DSP/Lib/libarm_cortexM4lf_math.a(arm_rfft_fast_init_f32.o)
                              ./Drivers/Modules/FFT_DPS.o (arm_rfft_fast_init_f32)
../Middlewares/ST/ARM/DSP/Lib/libarm_cortexM4lf_math.a(arm_rfft_fast_f32.o)
                              ./Drivers/Modules/FFT_DPS.o (arm_rfft_fast_f32)
../Middlewares/ST/ARM/DSP/Lib/libarm_cortexM4lf_math.a(arm_cfft_f32.o)
                              ../Middlewares/ST/ARM/DSP/Lib/libarm_cortexM4lf_math.a(arm_rfft_fast_f32.o) (arm_cfft_f32)
../Middlewares/ST/ARM/DSP/Lib/libarm_cortexM4lf_math.a(arm_bitreversal2.o)
                              ../Middlewares/ST/ARM/DSP/Lib/libarm_cortexM4lf_math.a(arm_cfft_f32.o) (arm_bitreversal_32)
../Middlewares/ST/ARM/DSP/Lib/libarm_cortexM4lf_math.a(arm_biquad_cascade_df1_init_f32.o)
                              ./Drivers/Modules/IIR_DSP.o (arm_biquad_cascade_df1_init_f32)
../Middlewares/ST/ARM/DSP/Lib/libarm_cortexM4lf_math.a(arm_cmplx_mag_f32.o)
                              ./Drivers/Modules/FFT_DPS.o (arm_cmplx_mag_f32)
../Middlewares/ST/ARM/DSP/Lib/libarm_cortexM4lf_math.a(arm_common_tables.o)
                              ../Middlewares/ST/ARM/DSP/Lib/libarm_cortexM4lf_math.a(arm_rfft_fast_init_f32.o) (twiddleCoef_rfft_4096)
../Middlewares/ST/ARM/DSP/Lib/libarm_cortexM4lf_math.a(arm_cfft_init_f32.o)
                              ../Middlewares/ST/ARM/DSP/Lib/libarm_cortexM4lf_math.a(arm_rfft_fast_init_f32.o) (arm_cfft_init_f32)
../Middlewares/ST/ARM/DSP/Lib/libarm_cortexM4lf_math.a(arm_cfft_radix8_f32.o)
                              ../Middlewares/ST/ARM/DSP/Lib/libarm_cortexM4lf_math.a(arm_cfft_f32.o) (arm_radix8_butterfly_f32)
../Middlewares/ST/ARM/DSP/Lib/libarm_cortexM4lf_math.a(arm_const_structs.o)
                              ../Middlewares/ST/ARM/DSP/Lib/libarm_cortexM4lf_math.a(arm_cfft_init_f32.o) (arm_cfft_sR_f32_len4096)
/Applications/STM32CubeIDE.app/Contents/Eclipse/plugins/com.st.stm32cube.ide.mcu.externaltools.gnu-tools-for-stm32.13.3.rel1.macos64_1.0.100.202509120712/tools/bin/../lib/gcc/arm-none-eabi/13.3.1/../../../../arm-none-eabi/lib/thumb/v7e-m+fp/hard/libc_nano.a(libc_a-exit.o)
                              /Applications/STM32CubeIDE.app/Contents/Eclipse/plugins/com.st.stm32cube.ide.mcu.externaltools.gnu-tools-for-stm32.13.3.rel1.macos64_1.0.100.202509120712/tools/bin/../lib/gcc/arm-none-eabi/13.3.1/../../../../arm-none-eabi/lib/thumb/v7e-m+fp/hard/crt0.o (exit)
/Applications/STM32CubeIDE.app/Contents/Eclipse/plugins/com.st.stm32cube.ide.mcu.externaltools.gnu-tools-for-stm32.13.3.rel1.macos64_1.0.100.202509120712/tools/bin/../lib/gcc/arm-none-eabi/13.3.1/../../../../arm-none-eabi/lib/thumb/v7e-m+fp/hard/libc_nano.a(libc_a-findfp.o)
                              /Applications/STM32CubeIDE.app/Contents/Eclipse/plugins/com.st.stm32cube.ide.mcu.externaltools.gnu-tools-for-stm32.13.3.rel1.macos64_1.0.100.202509120712/tools/bin/../lib/gcc/arm-none-eabi/13.3.1/../../../../arm-none-eabi/lib/thumb/v7e-m+fp/hard/libc_nano.a(libc_a-exit.o) (__stdio_exit_handler)
/Applications/STM32CubeIDE.app/Contents/Eclipse/plugins/com.st.stm32cube.ide.mcu.externaltools.gnu-tools-for-stm32.13.3.rel1.macos64_1.0.100.202509120712/tools/bin/../lib/gcc/arm-none-eabi/13.3.1/../../../../arm-none-eabi/lib/thumb/v7e-m+fp/hard/libc_nano.a(libc_a-fwalk.o)
                              /Applications/STM32CubeIDE.app/Contents/Eclipse/plugins/com.st.stm32cube.ide.mcu.externaltools.gnu-tools-for-stm32.13.3.rel1.macos64_1.0.100.202509120712/tools/bin/../lib/gcc/arm-none-eabi/13.3.1/../../../../arm-none-eabi/lib/thumb/v7e-m+fp/hard/libc_nano.a(libc_a-findfp.o) (_fwalk_sglue)
/Applications/STM32CubeIDE.app/Contents/Eclipse/plugins/com.st.stm32cube.ide.mcu.externaltools.gnu-tools-for-stm32.13.3.rel1.macos64_1.0.100.202509120712/tools/bin/../lib/gcc/arm-none-eabi/13.3.1/../../../../arm-none-eabi/lib/thumb/v7e-m+fp/hard/libc_nano.a(libc_a-memset.o)
                              /Applications/STM32CubeIDE.app/Contents/Eclipse/plugins/com.st.stm32cube.ide.mcu.externaltools.gnu-tools-for-stm32.13.3.rel1.macos64_1.0.100.202509120712/tools/bin/../lib/gcc/arm-none-eabi/13.3.1/../../../../arm-none-eabi/lib/thumb/v7e-m+fp/hard/crt0.o (memset)
/Applications/STM32CubeIDE.app/Contents/Eclipse/plugins/com.st.stm32cube.ide.mcu.externaltools.gnu-tools-for-stm32.13.3.rel1.macos64_1.0.100.202509120712/tools/bin/../lib/gcc/arm-none-eabi/13.3.1/../../../../arm-none-eabi/lib/thumb/v7e-m+fp/hard/libc_nano.a(libc_a-errno.o)
                              ./Core/Src/syscalls.o (__errno)
/Applications/STM32CubeIDE.app/Contents/Eclipse/plugins/com.st.stm32cube.ide.mcu.externaltools.gnu-tools-for-stm32.13.3.rel1.macos64_1.0.100.202509120712/tools/bin/../lib/gcc/arm-none-eabi/13.3.1/../../../../arm-none-eabi/lib/thumb/v7e-m+fp/hard/libc_nano.a(libc_a-init.o)
[...]
Memory Configuration

Name             Origin             Length             Attributes
RAM              0x20000000         0x00020000         xrw
FLASH            0x08000000         0x00080000         xr
*default*        0x00000000         0xffffffff

Linker script and memory map

LOAD /Applications/STM32CubeIDE.app/Contents/Eclipse/plugins/com.st.stm32cube.ide.mcu.externaltools.gnu-tools-for-stm32.13.3.rel1.macos64_1.0.100.202509120712/tools/bin/../lib/gcc/arm-none-eabi/13.3.1/thumb/v7e-m+fp/hard/crti.o
LOAD /Applications/STM32CubeIDE.app/Contents/Eclipse/plugins/com.st.stm32cube.ide.mcu.externaltools.gnu-tools-for-stm32.13.3.rel1.macos64_1.0.100.202509120712/tools/bin/../lib/gcc/arm-none-eabi/13.3.1/thumb/v7e-m+fp/hard/crtbegin.o
LOAD /Applications/STM32CubeIDE.app/Contents/Eclipse/plugins/com.st.stm32cube.ide.mcu.externaltools.gnu-tools-for-stm32.13.3.rel1.macos64_1.0.100.202509120712/tools/bin/../lib/gcc/arm-none-eabi/13.3.1/../../../../arm-none-eabi/lib/thumb/v7e-m+fp/hard/crt0.o
LOAD ./Core/Src/main.o
LOAD ./Core/Src/stm32f4xx_hal_msp.o
LOAD ./Core/Src/stm32f4xx_it.o
LOAD ./Core/Src/syscalls.o
LOAD ./Core/Src/sysmem.o
LOAD ./Core/Src/system_stm32f4xx.o
LOAD ./Core/Startup/startup_stm32f411retx.o
LOAD ./Drivers/Modules/ADC_DMA_Config.o
LOAD ./Drivers/Modules/FFT_DPS.o
LOAD ./Drivers/Modules/HELPER.o
LOAD ./Drivers/Modules/IIR_DSP.o
LOAD ./Drivers/Modules/RadarSignalHelper.o
LOAD ./Drivers/Modules/TimerDriver.o
LOAD ./Drivers/Modules/UARTDriver.o
LOAD ./Drivers/STM32F4xx_HAL_Driver/Src/stm32f4xx_hal.o
LOAD ./Drivers/STM32F4xx_HAL_Driver/Src/stm32f4xx_hal_cortex.o
LOAD ./Drivers/STM32F4xx_HAL_Driver/Src/stm32f4xx_hal_dma.o
LOAD ./Drivers/STM32F4xx_HAL_Driver/Src/stm32f4xx_hal_dma_ex.o
LOAD ./Drivers/STM32F4xx_HAL_Driver/Src/stm32f4xx_hal_exti.o
LOAD ./Drivers/STM32F4xx_HAL_Driver/Src/stm32f4xx_hal_flash.o
LOAD ./Drivers/STM32F4xx_HAL_Driver/Src/stm32f4xx_hal_flash_ex.o
LOAD ./Drivers/STM32F4xx_HAL_Driver/Src/stm32f4xx_hal_flash_ramfunc.o
LOAD ./Drivers/STM32F4xx_HAL_Driver/Src/stm32f4xx_hal_gpio.o
LOAD ./Drivers/STM32F4xx_HAL_Driver/Src/stm32f4xx_hal_pwr.o
LOAD ./Drivers/STM32F4xx_HAL_Driver/Src/stm32f4xx_hal_pwr_ex.o
LOAD ./Drivers/STM32F4xx_HAL_Driver/Src/stm32f4xx_hal_rcc.o
LOAD ./Drivers/STM32F4xx_HAL_Driver/Src/stm32f4xx_hal_rcc_ex.o
LOAD ./Drivers/STM32F4xx_HAL_Driver/Src/stm32f4xx_hal_uart.o
LOAD ../Middlewares/ST/ARM/DSP/Lib/libarm_cortexM4lf_math.a
START GROUP
LOAD /Applications/STM32CubeIDE.app/Contents/Eclipse/plugins/com.st.stm32cube.ide.mcu.externaltools.gnu-tools-for-stm32.13.3.rel1.macos64_1.0.100.202509120712/tools/bin/../lib/gcc/arm-none-eabi/13.3.1/../../../../arm-none-eabi/lib/thumb/v7e-m+fp/hard/libc_nano.a
LOAD /Applications/STM32CubeIDE.app/Contents/Eclipse/plugins/com.st.stm32cube.ide.mcu.externaltools.gnu-tools-for-stm32.13.3.rel1.macos64_1.0.100.202509120712/tools/bin/../lib/gcc/arm-none-eabi/13.3.1/../../../../arm-none-eabi/lib/thumb/v7e-m+fp/hard/libm.a
END GROUP
START GROUP
LOAD /Applications/STM32CubeIDE.app/Contents/Eclipse/plugins/com.st.stm32cube.ide.mcu.externaltools.gnu-tools-for-stm32.13.3.rel1.macos64_1.0.100.202509120712/tools/bin/../lib/gcc/arm-none-eabi/13.3.1/thumb/v7e-m+fp/hard/libgcc.a
LOAD /Applications/STM32CubeIDE.app/Contents/Eclipse/plugins/com.st.stm32cube.ide.mcu.externaltools.gnu-tools-for-stm32.13.3.rel1.macos64_1.0.100.202509120712/tools/bin/../lib/gcc/arm-none-eabi/13.3.1/../../../../arm-none-eabi/lib/thumb/v7e-m+fp/hard/libc_nano.a
END GROUP
START GROUP
LOAD /Applications/STM32CubeIDE.app/Contents/Eclipse/plugins/com.st.stm32cube.ide.mcu.externaltools.gnu-tools-for-stm32.13.3.rel1.macos64_1.0.100.202509120712/tools/bin/../lib/gcc/arm-none-eabi/13.3.1/thumb/v7e-m+fp/hard/libgcc.a
LOAD /Applications/STM32CubeIDE.app/Contents/Eclipse/plugins/com.st.stm32cube.ide.mcu.externaltools.gnu-tools-for-stm32.13.3.rel1.macos64_1.0.100.202509120712/tools/bin/../lib/gcc/arm-none-eabi/13.3.1/../../../../arm-none-eabi/lib/thumb/v7e-m+fp/hard/libc_nano.a
LOAD /Applications/STM32CubeIDE.app/Contents/Eclipse/plugins/com.st.stm32cube.ide.mcu.externaltools.gnu-tools-for-stm32.13.3.rel1.macos64_1.0.100.202509120712/tools/bin/../lib/gcc/arm-none-eabi/13.3.1/../../../../arm-none-eabi/lib/thumb/v7e-m+fp/hard/libnosys.a
END GROUP
START GROUP
LOAD /Applications/STM32CubeIDE.app/Contents/Eclipse/plugins/com.st.stm32cube.ide.mcu.externaltools.gnu-tools-for-stm32.13.3.rel1.macos64_1.0.100.202509120712/tools/bin/../lib/gcc/arm-none-eabi/13.3.1/thumb/v7e-m+fp/hard/libgcc.a
LOAD /Applications/STM32CubeIDE.app/Contents/Eclipse/plugins/com.st.stm32cube.ide.mcu.externaltools.gnu-tools-for-stm32.13.3.rel1.macos64_1.0.100.202509120712/tools/bin/../lib/gcc/arm-none-eabi/13.3.1/../../../../arm-none-eabi/lib/thumb/v7e-m+fp/hard/libc_nano.a
LOAD /Applications/STM32CubeIDE.app/Contents/Eclipse/plugins/com.st.stm32cube.ide.mcu.externaltools.gnu-tools-for-stm32.13.3.rel1.macos64_1.0.100.202509120712/tools/bin/../lib/gcc/arm-none-eabi/13.3.1/../../../../arm-none-eabi/lib/thumb/v7e-m+fp/hard/libnosys.a
END GROUP
LOAD /Applications/STM32CubeIDE.app/Contents/Eclipse/plugins/com.st.stm32cube.ide.mcu.externaltools.gnu-tools-for-stm32.13.3.rel1.macos64_1.0.100.202509120712/tools/bin/../lib/gcc/arm-none-eabi/13.3.1/thumb/v7e-m+fp/hard/crtend.o
LOAD /Applications/STM32CubeIDE.app/Contents/Eclipse/plugins/com.st.stm32cube.ide.mcu.externaltools.gnu-tools-for-stm32.13.3.rel1.macos64_1.0.100.202509120712/tools/bin/../lib/gcc/arm-none-eabi/13.3.1/thumb/v7e-m+fp/hard/crtn.o
                0x20020000                        _estack = (ORIGIN (RAM) + LENGTH (RAM))
                0x00000200                        _Min_Heap_Size = 0x200
                0x00000400                        _Min_Stack_Size = 0x400

.isr_vector     0x08000000      0x198
                0x08000000                        . = ALIGN (0x4)
 *(.isr_vector)
 .isr_vector    0x08000000      0x198 ./Core/Startup/startup_stm32f411retx.o
                0x08000000                g_pfnVectors
                0x08000198                        . = ALIGN (0x4)

.text           0x08000198     0x38dc
                0x08000198                        . = ALIGN (0x4)
 *(.text)
 .text          0x08000198       0x40 /Applications/STM32CubeIDE.app/Contents/Eclipse/plugins/com.st.stm32cube.ide.mcu.externaltools.gnu-tools-for-stm32.13.3.rel1.macos64_1.0.100.202509120712/tools/bin/../lib/gcc/arm-none-eabi/13.3.1/thumb/v7e-m+fp/hard/crtbegin.o
 .text          0x080001d8       0x30 /Applications/STM32CubeIDE.app/Contents/Eclipse/plugins/com.st.stm32cube.ide.mcu.externaltools.gnu-tools-for-stm32.13.3.rel1.macos64_1.0.100.202509120712/tools/bin/../lib/gcc/arm-none-eabi/13.3.1/thumb/v7e-m+fp/hard/libgcc.a(_aeabi_uldivmod.o)
                0x080001d8                __aeabi_uldivmod
 .text          0x08000208      0x2f8 /Applications/STM32CubeIDE.app/Contents/Eclipse/plugins/com.st.stm32cube.ide.mcu.externaltools.gnu-tools-for-stm32.13.3.rel1.macos64_1.0.100.202509120712/tools/bin/../lib/gcc/arm-none-eabi/13.3.1/thumb/v7e-m+fp/hard/libgcc.a(_udivmoddi4.o)
                0x08000208                __udivmoddi4
 .text          0x08000500        0x4 /Applications/STM32CubeIDE.app/Contents/Eclipse/plugins/com.st.stm32cube.ide.mcu.externaltools.gnu-tools-for-stm32.13.3.rel1.macos64_1.0.100.202509120712/tools/bin/../lib/gcc/arm-none-eabi/13.3.1/thumb/v7e-m+fp/hard/libgcc.a(_dvmd_tls.o)
                0x08000500                __aeabi_ldiv0
                0x08000500                __aeabi_idiv0
 *(.text*)
 .text.main     0x08000504       0xf4 ./Core/Src/main.o
                0x08000504                main
 .text.check_motor_detected_count
                0x080005f8       0x48 ./Core/Src/main.o
                0x080005f8                check_motor_detected_count
 .text.SystemClock_Config
                0x08000640       0xd4 ./Core/Src/main.o
                0x08000640                SystemClock_Config
 .text.MX_GPIO_Init
                0x08000714       0xdc ./Core/Src/main.o
 .text.Error_Handler
                0x080007f0        0xc ./Core/Src/main.o
                0x080007f0                Error_Handler
 .text.HAL_MspInit
                0x080007fc       0x50 ./Core/Src/stm32f4xx_hal_msp.o
                0x080007fc                HAL_MspInit
 .text.NMI_Handler
                0x0800084c        0x8 ./Core/Src/stm32f4xx_it.o
                0x0800084c                NMI_Handler
 .text.HardFault_Handler
                0x08000854        0x8 ./Core/Src/stm32f4xx_it.o
                0x08000854                HardFault_Handler
 .text.MemManage_Handler
                0x0800085c        0x8 ./Core/Src/stm32f4xx_it.o
                0x0800085c                MemManage_Handler
 .text.BusFault_Handler
                0x08000864        0x8 ./Core/Src/stm32f4xx_it.o
                0x08000864                BusFault_Handler
 .text.UsageFault_Handler
                0x0800086c        0x8 ./Core/Src/stm32f4xx_it.o
                0x0800086c                UsageFault_Handler
 .text.SVC_Handler
                0x08000874        0xe ./Core/Src/stm32f4xx_it.o
                0x08000874                SVC_Handler
 .text.DebugMon_Handler
                0x08000882        0xe ./Core/Src/stm32f4xx_it.o
                0x08000882                DebugMon_Handler
 .text.PendSV_Handler
                0x08000890        0xe ./Core/Src/stm32f4xx_it.o
                0x08000890                PendSV_Handler
 .text.SysTick_Handler
                0x0800089e        0xc ./Core/Src/stm32f4xx_it.o
                0x0800089e                SysTick_Handler
 *fill*         0x080008aa        0x2 
 .text.SystemInit
                0x080008ac       0x24 ./Core/Src/system_stm32f4xx.o
                0x080008ac                SystemInit
 .text.Reset_Handler
                0x080008d0       0x50 ./Core/Startup/startup_stm32f411retx.o
                0x080008d0                Reset_Handler
 .text.Default_Handler
                0x08000920        0x2 ./Core/Startup/startup_stm32f411retx.o
                0x08000920                DMA1_Stream3_IRQHandler
                0x08000920                EXTI2_IRQHandler
                0x08000920                SPI4_IRQHandler
                0x08000920                TIM1_CC_IRQHandler
                0x08000920                DMA2_Stream5_IRQHandler
                0x08000920                DMA1_Stream5_IRQHandler
                0x08000920                PVD_IRQHandler
                0x08000920                SDIO_IRQHandler
                0x08000920                TAMP_STAMP_IRQHandler
                0x08000920                EXTI3_IRQHandler
                0x08000920                TIM1_UP_TIM10_IRQHandler
                0x08000920                I2C3_ER_IRQHandler
                0x08000920                EXTI0_IRQHandler
                0x08000920                I2C2_EV_IRQHandler
                0x08000920                DMA1_Stream2_IRQHandler
                0x08000920                FPU_IRQHandler
                0x08000920                DMA2_Stream2_IRQHandler
                0x08000920                SPI1_IRQHandler
                0x08000920                TIM1_BRK_TIM9_IRQHandler
                0x08000920                DMA2_Stream3_IRQHandler
                0x08000920                USART6_IRQHandler
                0x08000920                TIM4_IRQHandler
                0x08000920                I2C1_EV_IRQHandler
                0x08000920                DMA1_Stream6_IRQHandler
                0x08000920                DMA1_Stream1_IRQHandler
                0x08000920                TIM3_IRQHandler
                0x08000920                RCC_IRQHandler
                0x08000920                Default_Handler
                0x08000920                EXTI15_10_IRQHandler
                0x08000920                ADC_IRQHandler
                0x08000920                DMA1_Stream7_IRQHandler
                0x08000920                SPI5_IRQHandler
                0x08000920                TIM5_IRQHandler
                0x08000920                DMA2_Stream7_IRQHandler
                0x08000920                I2C3_EV_IRQHandler
                0x08000920                EXTI9_5_IRQHandler
                0x08000920                RTC_WKUP_IRQHandler
                0x08000920                SPI2_IRQHandler
                0x08000920                DMA1_Stream0_IRQHandler
                0x08000920                EXTI4_IRQHandler
                0x08000920                WWDG_IRQHandler
                0x08000920                TIM2_IRQHandler
                0x08000920                OTG_FS_WKUP_IRQHandler
                0x08000920                TIM1_TRG_COM_TIM11_IRQHandler
                0x08000920                EXTI1_IRQHandler
                0x08000920                I2C2_ER_IRQHandler
                0x08000920                DMA2_Stream1_IRQHandler
                0x08000920                FLASH_IRQHandler
                0x08000920                DMA2_Stream4_IRQHandler
                0x08000920                OTG_FS_IRQHandler
                0x08000920                SPI3_IRQHandler
                0x08000920                DMA1_Stream4_IRQHandler
                0x08000920                I2C1_ER_IRQHandler
                0x08000920                DMA2_Stream6_IRQHandler
                0x08000920                RTC_Alarm_IRQHandler
 *fill*         0x08000922        0x2 
 .text.__NVIC_EnableIRQ
                0x08000924       0x3c ./Drivers/Modules/ADC_DMA_Config.o
 .text.__NVIC_SetPriority
                0x08000960       0x54 ./Drivers/Modules/ADC_DMA_Config.o
 .text.dma2_init
                0x080009b4       0xe4 ./Drivers/Modules/ADC_DMA_Config.o
                0x080009b4                dma2_init
 .text.adc1_init
                0x08000a98       0xdc ./Drivers/Modules/ADC_DMA_Config.o
                0x08000a98                adc1_init
 .text.DMA2_Stream0_IRQHandler
                0x08000b74       0x94 ./Drivers/Modules/ADC_DMA_Config.o
                0x08000b74                DMA2_Stream0_IRQHandler
 .text.fft_process
                0x08000c08      0x1f4 ./Drivers/Modules/FFT_DPS.o
                0x08000c08                fft_process
 .text.append_char
                0x08000dfc       0x4a ./Drivers/Modules/RadarSignalHelper.o
 .text.append_string
                0x08000e46       0x34 ./Drivers/Modules/RadarSignalHelper.o
 *fill*         0x08000e7a        0x2 
 .text.append_uint
                0x08000e7c       0x90 ./Drivers/Modules/RadarSignalHelper.o
 .text.float_to_scaled_positive
                0x08000f0c       0x4c ./Drivers/Modules/RadarSignalHelper.o
 .text.append_fixed_2
                0x08000f58       0x98 ./Drivers/Modules/RadarSignalHelper.o
 .text.radar_calculate_speed_kmh
                0x08000ff0       0x44 ./Drivers/Modules/RadarSignalHelper.o
                0x08000ff0                radar_calculate_speed_kmh
 .text.radar_classify_signal
                0x08001034       0x68 ./Drivers/Modules/RadarSignalHelper.o
                0x08001034                radar_classify_signal
 .text.radar_create_report
                0x0800109c       0x60 ./Drivers/Modules/RadarSignalHelper.o
                0x0800109c                radar_create_report
 .text.radar_create_report_from_detection
                0x080010fc       0x4c ./Drivers/Modules/RadarSignalHelper.o
                0x080010fc                radar_create_report_from_detection
 .text.radar_detection_to_text
                0x08001148       0x38 ./Drivers/Modules/RadarSignalHelper.o
                0x08001148                radar_detection_to_text
 .text.radar_format_uart_message
                0x08001180      0x138 ./Drivers/Modules/RadarSignalHelper.o
                0x08001180                radar_format_uart_message
 .text.radar_format_final_uart_message
                0x080012b8      0x178 ./Drivers/Modules/RadarSignalHelper.o
                0x080012b8                radar_format_final_uart_message
 .text.TimerDriver_init
                0x08001430       0x70 ./Drivers/Modules/TimerDriver.o
                0x08001430                TimerDriver_init
 .text.__NVIC_EnableIRQ
                0x080014a0       0x3c ./Drivers/Modules/UARTDriver.o
 .text.uart_init
                0x080014dc      0x100 ./Drivers/Modules/UARTDriver.o
                0x080014dc                uart_init
 .text.USART1_IRQHandler
                0x080015dc       0xa0 ./Drivers/Modules/UARTDriver.o
                0x080015dc                USART1_IRQHandler
 .text.uart_send_char
                0x0800167c       0x30 ./Drivers/Modules/UARTDriver.o
                0x0800167c                uart_send_char
 .text.uart_send_string
                0x080016ac       0x2a ./Drivers/Modules/UARTDriver.o
                0x080016ac                uart_send_string
 *fill*         0x080016d6        0x2 
 .text.USART2_IRQHandler
                0x080016d8       0xa0 ./Drivers/Modules/UARTDriver.o
                0x080016d8                USART2_IRQHandler
 .text.HAL_Init
                0x08001778       0x44 ./Drivers/STM32F4xx_HAL_Driver/Src/stm32f4xx_hal.o
                0x08001778                HAL_Init
 .text.HAL_InitTick
                0x080017bc       0x60 ./Drivers/STM32F4xx_HAL_Driver/Src/stm32f4xx_hal.o
                0x080017bc                HAL_InitTick
 .text.HAL_IncTick
                0x0800181c       0x28 ./Drivers/STM32F4xx_HAL_Driver/Src/stm32f4xx_hal.o
                0x0800181c                HAL_IncTick
 .text.HAL_GetTick
                0x08001844       0x18 ./Drivers/STM32F4xx_HAL_Driver/Src/stm32f4xx_hal.o
                0x08001844                HAL_GetTick
 .text.HAL_Delay
                0x0800185c       0x48 ./Drivers/STM32F4xx_HAL_Driver/Src/stm32f4xx_hal.o
                0x0800185c                HAL_Delay
 .text.__NVIC_SetPriorityGrouping
                0x080018a4       0x48 ./Drivers/STM32F4xx_HAL_Driver/Src/stm32f4xx_hal_cortex.o
 .text.__NVIC_GetPriorityGrouping
                0x080018ec       0x1c ./Drivers/STM32F4xx_HAL_Driver/Src/stm32f4xx_hal_cortex.o
 .text.__NVIC_SetPriority
                0x08001908       0x54 ./Drivers/STM32F4xx_HAL_Driver/Src/stm32f4xx_hal_cortex.o
 .text.NVIC_EncodePriority
                0x0800195c       0x66 ./Drivers/STM32F4xx_HAL_Driver/Src/stm32f4xx_hal_cortex.o
 *fill*         0x080019c2        0x2 
 .text.SysTick_Config
                0x080019c4       0x44 ./Drivers/STM32F4xx_HAL_Driver/Src/stm32f4xx_hal_cortex.o
 .text.HAL_NVIC_SetPriorityGrouping
                0x08001a08       0x16 ./Drivers/STM32F4xx_HAL_Driver/Src/stm32f4xx_hal_cortex.o
                0x08001a08                HAL_NVIC_SetPriorityGrouping
 .text.HAL_NVIC_SetPriority
                0x08001a1e       0x38 ./Drivers/STM32F4xx_HAL_Driver/Src/stm32f4xx_hal_cortex.o
                0x08001a1e                HAL_NVIC_SetPriority
 .text.HAL_SYSTICK_Config
                0x08001a56       0x18 ./Drivers/STM32F4xx_HAL_Driver/Src/stm32f4xx_hal_cortex.o
                0x08001a56                HAL_SYSTICK_Config
 *fill*         0x08001a6e        0x2 
 .text.HAL_GPIO_Init
                0x08001a70      0x308 ./Drivers/STM32F4xx_HAL_Driver/Src/stm32f4xx_hal_gpio.o
                0x08001a70                HAL_GPIO_Init
 .text.HAL_GPIO_WritePin
                0x08001d78       0x32 ./Drivers/STM32F4xx_HAL_Driver/Src/stm32f4xx_hal_gpio.o
                0x08001d78                HAL_GPIO_WritePin
 *fill*         0x08001daa        0x2 
 .text.HAL_RCC_OscConfig
                0x08001dac      0x4f0 ./Drivers/STM32F4xx_HAL_Driver/Src/stm32f4xx_hal_rcc.o
                0x08001dac                HAL_RCC_OscConfig
 .text.HAL_RCC_ClockConfig
                0x0800229c      0x1cc ./Drivers/STM32F4xx_HAL_Driver/Src/stm32f4xx_hal_rcc.o
                0x0800229c                HAL_RCC_ClockConfig
 .text.HAL_RCC_GetSysClockFreq
                0x08002468      0x20c ./Drivers/STM32F4xx_HAL_Driver/Src/stm32f4xx_hal_rcc.o
                0x08002468                HAL_RCC_GetSysClockFreq
 .text.arm_rfft_32_fast_init_f32
                0x08002674       0x24 ../Middlewares/ST/ARM/DSP/Lib/libarm_cortexM4lf_math.a(arm_rfft_fast_init_f32.o)
 .text.arm_rfft_64_fast_init_f32
                0x08002698       0x24 ../Middlewares/ST/ARM/DSP/Lib/libarm_cortexM4lf_math.a(arm_rfft_fast_init_f32.o)
 .text.arm_rfft_128_fast_init_f32
                0x080026bc       0x24 ../Middlewares/ST/ARM/DSP/Lib/libarm_cortexM4lf_math.a(arm_rfft_fast_init_f32.o)
 .text.arm_rfft_256_fast_init_f32
                0x080026e0       0x24 ../Middlewares/ST/ARM/DSP/Lib/libarm_cortexM4lf_math.a(arm_rfft_fast_init_f32.o)
 .text.arm_rfft_512_fast_init_f32
                0x08002704       0x28 ../Middlewares/ST/ARM/DSP/Lib/libarm_cortexM4lf_math.a(arm_rfft_fast_init_f32.o)
 .text.arm_rfft_1024_fast_init_f32
                0x0800272c       0x28 ../Middlewares/ST/ARM/DSP/Lib/libarm_cortexM4lf_math.a(arm_rfft_fast_init_f32.o)
 .text.arm_rfft_2048_fast_init_f32
                0x08002754       0x28 ../Middlewares/ST/ARM/DSP/Lib/libarm_cortexM4lf_math.a(arm_rfft_fast_init_f32.o)
 .text.arm_rfft_4096_fast_init_f32
                0x0800277c       0x28 ../Middlewares/ST/ARM/DSP/Lib/libarm_cortexM4lf_math.a(arm_rfft_fast_init_f32.o)
 .text.arm_rfft_fast_init_f32
                0x080027a4       0x74 ../Middlewares/ST/ARM/DSP/Lib/libarm_cortexM4lf_math.a(arm_rfft_fast_init_f32.o)
                0x080027a4                arm_rfft_fast_init_f32
 .text.stage_rfft_f32
                0x08002818       0xb4 ../Middlewares/ST/ARM/DSP/Lib/libarm_cortexM4lf_math.a(arm_rfft_fast_f32.o)
                0x08002818                stage_rfft_f32
 .text.merge_rfft_f32
                0x080028cc       0xac ../Middlewares/ST/ARM/DSP/Lib/libarm_cortexM4lf_math.a(arm_rfft_fast_f32.o)
                0x080028cc                merge_rfft_f32
 .text.arm_rfft_fast_f32
                0x08002978       0x38 ../Middlewares/ST/ARM/DSP/Lib/libarm_cortexM4lf_math.a(arm_rfft_fast_f32.o)
                0x08002978                arm_rfft_fast_f32
 .text.arm_cfft_radix8by2_f32
                0x080029b0      0x1a4 ../Middlewares/ST/ARM/DSP/Lib/libarm_cortexM4lf_math.a(arm_cfft_f32.o)
                0x080029b0                arm_cfft_radix8by2_f32
 .text.arm_cfft_radix8by4_f32
                0x08002b54      0x4ac ../Middlewares/ST/ARM/DSP/Lib/libarm_cortexM4lf_math.a(arm_cfft_f32.o)
                0x08002b54                arm_cfft_radix8by4_f32
 .text.arm_cfft_f32
                0x08003000       0xf0 ../Middlewares/ST/ARM/DSP/Lib/libarm_cortexM4lf_math.a(arm_cfft_f32.o)
                0x08003000                arm_cfft_f32
 .text.arm_bitreversal_32
                0x080030f0       0x40 ../Middlewares/ST/ARM/DSP/Lib/libarm_cortexM4lf_math.a(arm_bitreversal2.o)
                0x080030f0                arm_bitreversal_32
 .text.arm_cmplx_mag_f32
                0x08003130      0x248 ../Middlewares/ST/ARM/DSP/Lib/libarm_cortexM4lf_math.a(arm_cmplx_mag_f32.o)
                0x08003130                arm_cmplx_mag_f32
 .text.arm_cfft_init_f32
                0x08003378       0xa4 ../Middlewares/ST/ARM/DSP/Lib/libarm_cortexM4lf_math.a(arm_cfft_init_f32.o)
                0x08003378                arm_cfft_init_f32
 .text.arm_radix8_butterfly_f32
                0x0800341c      0x598 ../Middlewares/ST/ARM/DSP/Lib/libarm_cortexM4lf_math.a(arm_cfft_radix8_f32.o)
                0x0800341c                arm_radix8_butterfly_f32
 .text.memset   0x080039b4       0x10 /Applications/STM32CubeIDE.app/Contents/Eclipse/plugins/com.st.stm32cube.ide.mcu.externaltools.gnu-tools-for-stm32.13.3.rel1.macos64_1.0.100.202509120712/tools/bin/../lib/gcc/arm-none-eabi/13.3.1/../../../../arm-none-eabi/lib/thumb/v7e-m+fp/hard/libc_nano.a(libc_a-memset.o)
                0x080039b4                memset
 .text.__errno  0x080039c4        0xc /Applications/STM32CubeIDE.app/Contents/Eclipse/plugins/com.st.stm32cube.ide.mcu.externaltools.gnu-tools-for-stm32.13.3.rel1.macos64_1.0.100.202509120712/tools/bin/../lib/gcc/arm-none-eabi/13.3.1/../../../../arm-none-eabi/lib/thumb/v7e-m+fp/hard/libc_nano.a(libc_a-errno.o)
                0x080039c4                __errno
 .text.__libc_init_array
                0x080039d0       0x48 /Applications/STM32CubeIDE.app/Contents/Eclipse/plugins/com.st.stm32cube.ide.mcu.externaltools.gnu-tools-for-stm32.13.3.rel1.macos64_1.0.100.202509120712/tools/bin/../lib/gcc/arm-none-eabi/13.3.1/../../../../arm-none-eabi/lib/thumb/v7e-m+fp/hard/libc_nano.a(libc_a-init.o)
                0x080039d0                __libc_init_array
 .text.sqrtf    0x08003a18       0x3c /Applications/STM32CubeIDE.app/Contents/Eclipse/plugins/com.st.stm32cube.ide.mcu.externaltools.gnu-tools-for-stm32.13.3.rel1.macos64_1.0.100.202509120712/tools/bin/../lib/gcc/arm-none-eabi/13.3.1/../../../../arm-none-eabi/lib/thumb/v7e-m+fp/hard/libm.a(libm_a-wf_sqrt.o)
                0x08003a18                sqrtf
 .text.__ieee754_sqrtf
                0x08003a54        0x6 /Applications/STM32CubeIDE.app/Contents/Eclipse/plugins/com.st.stm32cube.ide.mcu.externaltools.gnu-tools-for-stm32.13.3.rel1.macos64_1.0.100.202509120712/tools/bin/../lib/gcc/arm-none-eabi/13.3.1/../../../../arm-none-eabi/lib/thumb/v7e-m+fp/hard/libm.a(libm_a-ef_sqrt.o)
                0x08003a54                __ieee754_sqrtf
 *(.glue_7)
 .glue_7        0x08003a5a        0x0 linker stubs
 *(.glue_7t)
 .glue_7t       0x08003a5a        0x0 linker stubs
 *(.eh_frame)
 *fill*         0x08003a5a        0x2 
 .eh_frame      0x08003a5c        0x0 /Applications/STM32CubeIDE.app/Contents/Eclipse/plugins/com.st.stm32cube.ide.mcu.externaltools.gnu-tools-for-stm32.13.3.rel1.macos64_1.0.100.202509120712/tools/bin/../lib/gcc/arm-none-eabi/13.3.1/thumb/v7e-m+fp/hard/crtbegin.o
 *(.init)
 .init          0x08003a5c        0x4 /Applications/STM32CubeIDE.app/Contents/Eclipse/plugins/com.st.stm32cube.ide.mcu.externaltools.gnu-tools-for-stm32.13.3.rel1.macos64_1.0.100.202509120712/tools/bin/../lib/gcc/arm-none-eabi/13.3.1/thumb/v7e-m+fp/hard/crti.o
                0x08003a5c                _init
 .init          0x08003a60        0x8 /Applications/STM32CubeIDE.app/Contents/Eclipse/plugins/com.st.stm32cube.ide.mcu.externaltools.gnu-tools-for-stm32.13.3.rel1.macos64_1.0.100.202509120712/tools/bin/../lib/gcc/arm-none-eabi/13.3.1/thumb/v7e-m+fp/hard/crtn.o
 *(.fini)
 .fini          0x08003a68        0x4 /Applications/STM32CubeIDE.app/Contents/Eclipse/plugins/com.st.stm32cube.ide.mcu.externaltools.gnu-tools-for-stm32.13.3.rel1.macos64_1.0.100.202509120712/tools/bin/../lib/gcc/arm-none-eabi/13.3.1/thumb/v7e-m+fp/hard/crti.o
                0x08003a68                _fini
 .fini          0x08003a6c        0x8 /Applications/STM32CubeIDE.app/Contents/Eclipse/plugins/com.st.stm32cube.ide.mcu.externaltools.gnu-tools-for-stm32.13.3.rel1.macos64_1.0.100.202509120712/tools/bin/../lib/gcc/arm-none-eabi/13.3.1/thumb/v7e-m+fp/hard/crtn.o
                0x08003a74                        . = ALIGN (0x4)
                0x08003a74                        _etext = .

.vfp11_veneer   0x08003a74        0x0
 .vfp11_veneer  0x08003a74        0x0 linker stubs

.v4_bx          0x08003a74        0x0
 .v4_bx         0x08003a74        0x0 linker stubs

.iplt           0x08003a74        0x0
 .iplt          0x08003a74        0x0 /Applications/STM32CubeIDE.app/Contents/Eclipse/plugins/com.st.stm32cube.ide.mcu.externaltools.gnu-tools-for-stm32.13.3.rel1.macos64_1.0.100.202509120712/tools/bin/../lib/gcc/arm-none-eabi/13.3.1/thumb/v7e-m+fp/hard/crtbegin.o

.rodata         0x08003a74    0x1d4ec
                0x08003a74                        . = ALIGN (0x4)
 *(.rodata)
 .rodata        0x08003a74       0x72 ./Drivers/Modules/RadarSignalHelper.o
 *(.rodata*)
 *fill*         0x08003ae6        0x2 
 .rodata.AHBPrescTable
                0x08003ae8       0x10 ./Core/Src/system_stm32f4xx.o
                0x08003ae8                AHBPrescTable
 .rodata.armBitRevIndexTable1024
                0x08003af8      0xe10 ../Middlewares/ST/ARM/DSP/Lib/libarm_cortexM4lf_math.a(arm_common_tables.o)
                0x08003af8                armBitRevIndexTable1024
 .rodata.armBitRevIndexTable128
                0x08004908      0x1a0 ../Middlewares/ST/ARM/DSP/Lib/libarm_cortexM4lf_math.a(arm_common_tables.o)
                0x08004908                armBitRevIndexTable128
 .rodata.armBitRevIndexTable16
                0x08004aa8       0x28 ../Middlewares/ST/ARM/DSP/Lib/libarm_cortexM4lf_math.a(arm_common_tables.o)
                0x08004aa8                armBitRevIndexTable16
 .rodata.armBitRevIndexTable2048
                0x08004ad0     0x1dc0 ../Middlewares/ST/ARM/DSP/Lib/libarm_cortexM4lf_math.a(arm_common_tables.o)
                0x08004ad0                armBitRevIndexTable2048
 .rodata.armBitRevIndexTable256
                0x08006890      0x370 ../Middlewares/ST/ARM/DSP/Lib/libarm_cortexM4lf_math.a(arm_common_tables.o)
                0x08006890                armBitRevIndexTable256
 .rodata.armBitRevIndexTable32
                0x08006c00       0x60 ../Middlewares/ST/ARM/DSP/Lib/libarm_cortexM4lf_math.a(arm_common_tables.o)
                0x08006c00                armBitRevIndexTable32
 .rodata.armBitRevIndexTable4096
                0x08006c60     0x1f80 ../Middlewares/ST/ARM/DSP/Lib/libarm_cortexM4lf_math.a(arm_common_tables.o)
                0x08006c60                armBitRevIndexTable4096
 .rodata.armBitRevIndexTable512
                0x08008be0      0x380 ../Middlewares/ST/ARM/DSP/Lib/libarm_cortexM4lf_math.a(arm_common_tables.o)
                0x08008be0                armBitRevIndexTable512
 .rodata.armBitRevIndexTable64
                0x08008f60       0x70 ../Middlewares/ST/ARM/DSP/Lib/libarm_cortexM4lf_math.a(arm_common_tables.o)
                0x08008f60                armBitRevIndexTable64
 .rodata.twiddleCoef_1024
                0x08008fd0     0x2000 ../Middlewares/ST/ARM/DSP/Lib/libarm_cortexM4lf_math.a(arm_common_tables.o)
                0x08008fd0                twiddleCoef_1024
 .rodata.twiddleCoef_128
                0x0800afd0      0x400 ../Middlewares/ST/ARM/DSP/Lib/libarm_cortexM4lf_math.a(arm_common_tables.o)
                0x0800afd0                twiddleCoef_128
 .rodata.twiddleCoef_16
                0x0800b3d0       0x80 ../Middlewares/ST/ARM/DSP/Lib/libarm_cortexM4lf_math.a(arm_common_tables.o)
                0x0800b3d0                twiddleCoef_16
 .rodata.twiddleCoef_2048
                0x0800b450     0x4000 ../Middlewares/ST/ARM/DSP/Lib/libarm_cortexM4lf_math.a(arm_common_tables.o)
                0x0800b450                twiddleCoef_2048
 .rodata.twiddleCoef_256
                0x0800f450      0x800 ../Middlewares/ST/ARM/DSP/Lib/libarm_cortexM4lf_math.a(arm_common_tables.o)
                0x0800f450                twiddleCoef_256
 .rodata.twiddleCoef_32
                0x0800fc50      0x100 ../Middlewares/ST/ARM/DSP/Lib/libarm_cortexM4lf_math.a(arm_common_tables.o)
                0x0800fc50                twiddleCoef_32
 .rodata.twiddleCoef_4096
                0x0800fd50     0x8000 ../Middlewares/ST/ARM/DSP/Lib/libarm_cortexM4lf_math.a(arm_common_tables.o)
                0x0800fd50                twiddleCoef_4096
 .rodata.twiddleCoef_512
                0x08017d50     0x1000 ../Middlewares/ST/ARM/DSP/Lib/libarm_cortexM4lf_math.a(arm_common_tables.o)
                0x08017d50                twiddleCoef_512
 .rodata.twiddleCoef_64
                0x08018d50      0x200 ../Middlewares/ST/ARM/DSP/Lib/libarm_cortexM4lf_math.a(arm_common_tables.o)
                0x08018d50                twiddleCoef_64
 .rodata.twiddleCoef_rfft_1024
                0x08018f50     0x1000 ../Middlewares/ST/ARM/DSP/Lib/libarm_cortexM4lf_math.a(arm_common_tables.o)
                0x08018f50                twiddleCoef_rfft_1024
 .rodata.twiddleCoef_rfft_128
                0x08019f50      0x200 ../Middlewares/ST/ARM/DSP/Lib/libarm_cortexM4lf_math.a(arm_common_tables.o)
                0x08019f50                twiddleCoef_rfft_128
 .rodata.twiddleCoef_rfft_2048
                0x0801a150     0x2000 ../Middlewares/ST/ARM/DSP/Lib/libarm_cortexM4lf_math.a(arm_common_tables.o)
                0x0801a150                twiddleCoef_rfft_2048
 .rodata.twiddleCoef_rfft_256
                0x0801c150      0x400 ../Middlewares/ST/ARM/DSP/Lib/libarm_cortexM4lf_math.a(arm_common_tables.o)
                0x0801c150                twiddleCoef_rfft_256
 .rodata.twiddleCoef_rfft_32
                0x0801c550       0x80 ../Middlewares/ST/ARM/DSP/Lib/libarm_cortexM4lf_math.a(arm_common_tables.o)
                0x0801c550                twiddleCoef_rfft_32
 .rodata.twiddleCoef_rfft_4096
                0x0801c5d0     0x4000 ../Middlewares/ST/ARM/DSP/Lib/libarm_cortexM4lf_math.a(arm_common_tables.o)
                0x0801c5d0                twiddleCoef_rfft_4096
 .rodata.twiddleCoef_rfft_512
                0x080205d0      0x800 ../Middlewares/ST/ARM/DSP/Lib/libarm_cortexM4lf_math.a(arm_common_tables.o)
                0x080205d0                twiddleCoef_rfft_512
 .rodata.twiddleCoef_rfft_64
                0x08020dd0      0x100 ../Middlewares/ST/ARM/DSP/Lib/libarm_cortexM4lf_math.a(arm_common_tables.o)
                0x08020dd0                twiddleCoef_rfft_64
 .rodata.arm_cfft_sR_f32_len1024
                0x08020ed0       0x10 ../Middlewares/ST/ARM/DSP/Lib/libarm_cortexM4lf_math.a(arm_const_structs.o)
                0x08020ed0                arm_cfft_sR_f32_len1024
 .rodata.arm_cfft_sR_f32_len128
                0x08020ee0       0x10 ../Middlewares/ST/ARM/DSP/Lib/libarm_cortexM4lf_math.a(arm_const_structs.o)
                0x08020ee0                arm_cfft_sR_f32_len128
 .rodata.arm_cfft_sR_f32_len16
                0x08020ef0       0x10 ../Middlewares/ST/ARM/DSP/Lib/libarm_cortexM4lf_math.a(arm_const_structs.o)
                0x08020ef0                arm_cfft_sR_f32_len16
 .rodata.arm_cfft_sR_f32_len2048
                0x08020f00       0x10 ../Middlewares/ST/ARM/DSP/Lib/libarm_cortexM4lf_math.a(arm_const_structs.o)
                0x08020f00                arm_cfft_sR_f32_len2048
 .rodata.arm_cfft_sR_f32_len256
                0x08020f10       0x10 ../Middlewares/ST/ARM/DSP/Lib/libarm_cortexM4lf_math.a(arm_const_structs.o)
                0x08020f10                arm_cfft_sR_f32_len256
 .rodata.arm_cfft_sR_f32_len32
                0x08020f20       0x10 ../Middlewares/ST/ARM/DSP/Lib/libarm_cortexM4lf_math.a(arm_const_structs.o)
                0x08020f20                arm_cfft_sR_f32_len32
 .rodata.arm_cfft_sR_f32_len4096
                0x08020f30       0x10 ../Middlewares/ST/ARM/DSP/Lib/libarm_cortexM4lf_math.a(arm_const_structs.o)
                0x08020f30                arm_cfft_sR_f32_len4096
 .rodata.arm_cfft_sR_f32_len512
                0x08020f40       0x10 ../Middlewares/ST/ARM/DSP/Lib/libarm_cortexM4lf_math.a(arm_const_structs.o)
                0x08020f40                arm_cfft_sR_f32_len512
 .rodata.arm_cfft_sR_f32_len64
                0x08020f50       0x10 ../Middlewares/ST/ARM/DSP/Lib/libarm_cortexM4lf_math.a(arm_const_structs.o)
                0x08020f50                arm_cfft_sR_f32_len64
                0x08020f60                        . = ALIGN (0x4)

.ARM.extab      0x08020f60        0x0
                0x08020f60                        . = ALIGN (0x4)
 *(.ARM.extab* .gnu.linkonce.armextab.*)
                0x08020f60                        . = ALIGN (0x4)

.ARM            0x08020f60        0x8
                0x08020f60                        . = ALIGN (0x4)
                0x08020f60                        __exidx_start = .
 *(.ARM.exidx*)
 .ARM.exidx     0x08020f60        0x8 /Applications/STM32CubeIDE.app/Contents/Eclipse/plugins/com.st.stm32cube.ide.mcu.externaltools.gnu-tools-for-stm32.13.3.rel1.macos64_1.0.100.202509120712/tools/bin/../lib/gcc/arm-none-eabi/13.3.1/thumb/v7e-m+fp/hard/libgcc.a(_udivmoddi4.o)
                0x08020f68                        __exidx_end = .
                0x08020f68                        . = ALIGN (0x4)

.preinit_array  0x08020f68        0x0
                0x08020f68                        . = ALIGN (0x4)
                0x08020f68                        PROVIDE (__preinit_array_start = .)
 *(.preinit_array*)
                0x08020f68                        PROVIDE (__preinit_array_end = .)
                0x08020f68                        . = ALIGN (0x4)

.init_array     0x08020f68        0x4
                0x08020f68                        . = ALIGN (0x4)
                0x08020f68                        PROVIDE (__init_array_start = .)
 *(SORT_BY_NAME(.init_array.*))
 *(.init_array*)
 .init_array    0x08020f68        0x4 /Applications/STM32CubeIDE.app/Contents/Eclipse/plugins/com.st.stm32cube.ide.mcu.externaltools.gnu-tools-for-stm32.13.3.rel1.macos64_1.0.100.202509120712/tools/bin/../lib/gcc/arm-none-eabi/13.3.1/thumb/v7e-m+fp/hard/crtbegin.o
                0x08020f6c                        PROVIDE (__init_array_end = .)
                0x08020f6c                        . = ALIGN (0x4)

.fini_array     0x08020f6c        0x4
                0x08020f6c                        . = ALIGN (0x4)
                [!provide]                        PROVIDE (__fini_array_start = .)
 *(SORT_BY_NAME(.fini_array.*))
 *(.fini_array*)
 .fini_array    0x08020f6c        0x4 /Applications/STM32CubeIDE.app/Contents/Eclipse/plugins/com.st.stm32cube.ide.mcu.externaltools.gnu-tools-for-stm32.13.3.rel1.macos64_1.0.100.202509120712/tools/bin/../lib/gcc/arm-none-eabi/13.3.1/thumb/v7e-m+fp/hard/crtbegin.o
                [!provide]                        PROVIDE (__fini_array_end = .)
                0x08020f70                        . = ALIGN (0x4)
                0x08020f70                        _sidata = LOADADDR (.data)

.rel.dyn        0x08020f70        0x0
 .rel.iplt      0x08020f70        0x0 /Applications/STM32CubeIDE.app/Contents/Eclipse/plugins/com.st.stm32cube.ide.mcu.externaltools.gnu-tools-for-stm32.13.3.rel1.macos64_1.0.100.202509120712/tools/bin/../lib/gcc/arm-none-eabi/13.3.1/thumb/v7e-m+fp/hard/crtbegin.o

.data           0x20000000       0x5c load address 0x08020f70
                0x20000000                        . = ALIGN (0x4)
                0x20000000                        _sdata = .
 *(.data)
 *(.data*)
 .data.SystemCoreClock
                0x20000000        0x4 ./Core/Src/system_stm32f4xx.o
                0x20000000                SystemCoreClock
 .data.uwTickPrio
                0x20000004        0x4 ./Drivers/STM32F4xx_HAL_Driver/Src/stm32f4xx_hal.o
                0x20000004                uwTickPrio
 .data.uwTickFreq
                0x20000008        0x1 ./Drivers/STM32F4xx_HAL_Driver/Src/stm32f4xx_hal.o
                0x20000008                uwTickFreq
 *fill*         0x20000009        0x3 
 .data._impure_ptr
                0x2000000c        0x4 /Applications/STM32CubeIDE.app/Contents/Eclipse/plugins/com.st.stm32cube.ide.mcu.externaltools.gnu-tools-for-stm32.13.3.rel1.macos64_1.0.100.202509120712/tools/bin/../lib/gcc/arm-none-eabi/13.3.1/../../../../arm-none-eabi/lib/thumb/v7e-m+fp/hard/libc_nano.a(libc_a-impure.o)
                0x2000000c                _impure_ptr
 .data._impure_data
                0x20000010       0x4c /Applications/STM32CubeIDE.app/Contents/Eclipse/plugins/com.st.stm32cube.ide.mcu.externaltools.gnu-tools-for-stm32.13.3.rel1.macos64_1.0.100.202509120712/tools/bin/../lib/gcc/arm-none-eabi/13.3.1/../../../../arm-none-eabi/lib/thumb/v7e-m+fp/hard/libc_nano.a(libc_a-impure.o)
                0x20000010                _impure_data
 *(.RamFunc)
 *(.RamFunc*)
                0x2000005c                        . = ALIGN (0x4)
                0x2000005c                        _edata = .

.igot.plt       0x2000005c        0x0 load address 0x08020fcc
 .igot.plt      0x2000005c        0x0 /Applications/STM32CubeIDE.app/Contents/Eclipse/plugins/com.st.stm32cube.ide.mcu.externaltools.gnu-tools-for-stm32.13.3.rel1.macos64_1.0.100.202509120712/tools/bin/../lib/gcc/arm-none-eabi/13.3.1/thumb/v7e-m+fp/hard/crtbegin.o
                0x2000005c                        . = ALIGN (0x4)

.bss            0x2000005c      0xfec load address 0x08020fcc
                0x2000005c                        _sbss = .
                0x2000005c                        __bss_start__ = _sbss
 *(.bss)
 .bss           0x2000005c       0x1c /Applications/STM32CubeIDE.app/Contents/Eclipse/plugins/com.st.stm32cube.ide.mcu.externaltools.gnu-tools-for-stm32.13.3.rel1.macos64_1.0.100.202509120712/tools/bin/../lib/gcc/arm-none-eabi/13.3.1/thumb/v7e-m+fp/hard/crtbegin.o
 *(.bss*)
 .bss.adc_buffer
                0x20000078      0x200 ./Core/Src/main.o
                0x20000078                adc_buffer
 .bss.adc_fft_buffer
                0x20000278      0x200 ./Core/Src/main.o
                0x20000278                adc_fft_buffer
 .bss.fft_ready_flag
                0x20000478        0x1 ./Core/Src/main.o
                0x20000478                fft_ready_flag
 *fill*         0x20000479        0x3 
 .bss.debug_raw_sample
                0x2000047c        0x4 ./Core/Src/main.o
                0x2000047c                debug_raw_sample
 .bss.debug_filtered_sample
                0x20000480        0x4 ./Core/Src/main.o
                0x20000480                debug_filtered_sample
 .bss.radar_uart_message
                0x20000484       0x60 ./Core/Src/main.o
 .bss.fft_input
                0x200004e4      0x400 ./Drivers/Modules/FFT_DPS.o
 .bss.fft_output
                0x200008e4      0x400 ./Drivers/Modules/FFT_DPS.o
 .bss.fft_mag   0x20000ce4      0x200 ./Drivers/Modules/FFT_DPS.o
 .bss.fft_instance
                0x20000ee4       0x18 ./Drivers/Modules/FFT_DPS.o
 .bss.fft_is_ready
                0x20000efc        0x1 ./Drivers/Modules/FFT_DPS.o
 *fill*         0x20000efd        0x3 
 .bss.tx_buffer
                0x20000f00        0x4 ./Drivers/Modules/UARTDriver.o
                0x20000f00                tx_buffer
 .bss.tx_index  0x20000f04        0x2 ./Drivers/Modules/UARTDriver.o
                0x20000f04                tx_index
 .bss.tx_len    0x20000f06        0x2 ./Drivers/Modules/UARTDriver.o
                0x20000f06                tx_len
 .bss.rx_data   0x20000f08        0x1 ./Drivers/Modules/UARTDriver.o
                0x20000f08                rx_data
 .bss.rx_flag   0x20000f09        0x1 ./Drivers/Modules/UARTDriver.o
                0x20000f09                rx_flag
 *fill*         0x20000f0a        0x2 
 .bss.uwTick    0x20000f0c        0x4 ./Drivers/STM32F4xx_HAL_Driver/Src/stm32f4xx_hal.o
                0x20000f0c                uwTick
 .bss.__sf      0x20000f10      0x138 /Applications/STM32CubeIDE.app/Contents/Eclipse/plugins/com.st.stm32cube.ide.mcu.externaltools.gnu-tools-for-stm32.13.3.rel1.macos64_1.0.100.202509120712/tools/bin/../lib/gcc/arm-none-eabi/13.3.1/../../../../arm-none-eabi/lib/thumb/v7e-m+fp/hard/libc_nano.a(libc_a-findfp.o)
                0x20000f10                __sf
 *(COMMON)
                0x20001048                        . = ALIGN (0x4)
                0x20001048                        _ebss = .
                0x20001048                        __bss_end__ = _ebss

._user_heap_stack
                0x20001048      0x600 load address 0x08020fcc
                0x20001048                        . = ALIGN (0x8)
                [!provide]                        PROVIDE (end = .)
                0x20001048                        PROVIDE (_end = .)
                0x20001248                        . = (. + _Min_Heap_Size)
 *fill*         0x20001048      0x200 
                0x20001648                        . = (. + _Min_Stack_Size)
 *fill*         0x20001248      0x400 
                0x20001648                        . = ALIGN (0x8)

/DISCARD/
 libc.a(*)
 libm.a(*)
 libgcc.a(*)

.ARM.attributes
                0x00000000       0x30
 *(.ARM.attributes)
 .ARM.attributes
                0x00000000       0x22 /Applications/STM32CubeIDE.app/Contents/Eclipse/plugins/com.st.stm32cube.ide.mcu.externaltools.gnu-tools-for-stm32.13.3.rel1.macos64_1.0.100.202509120712/tools/bin/../lib/gcc/arm-none-eabi/13.3.1/thumb/v7e-m+fp/hard/crti.o
 .ARM.attributes
                0x00000022       0x34 /Applications/STM32CubeIDE.app/Contents/Eclipse/plugins/com.st.stm32cube.ide.mcu.externaltools.gnu-tools-for-stm32.13.3.rel1.macos64_1.0.100.202509120712/tools/bin/../lib/gcc/arm-none-eabi/13.3.1/thumb/v7e-m+fp/hard/crtbegin.o
 .ARM.attributes
                0x00000056       0x34 ./Core/Src/main.o
 .ARM.attributes
                0x0000008a       0x34 ./Core/Src/stm32f4xx_hal_msp.o
 .ARM.attributes
                0x000000be       0x34 ./Core/Src/stm32f4xx_it.o
 .ARM.attributes
                0x000000f2       0x34 ./Core/Src/system_stm32f4xx.o
 .ARM.attributes
                0x00000126       0x21 ./Core/Startup/startup_stm32f411retx.o
 .ARM.attributes
                0x00000147       0x34 ./Drivers/Modules/ADC_DMA_Config.o
 .ARM.attributes
                0x0000017b       0x34 ./Drivers/Modules/FFT_DPS.o
 .ARM.attributes
                0x000001af       0x34 ./Drivers/Modules/RadarSignalHelper.o
 .ARM.attributes
                0x000001e3       0x34 ./Drivers/Modules/TimerDriver.o
 .ARM.attributes
                0x00000217       0x34 ./Drivers/Modules/UARTDriver.o
 .ARM.attributes
                0x0000024b       0x34 ./Drivers/STM32F4xx_HAL_Driver/Src/stm32f4xx_hal.o
 .ARM.attributes
                0x0000027f       0x34 ./Drivers/STM32F4xx_HAL_Driver/Src/stm32f4xx_hal_cortex.o
 .ARM.attributes
                0x000002b3       0x34 ./Drivers/STM32F4xx_HAL_Driver/Src/stm32f4xx_hal_gpio.o
 .ARM.attributes
                0x000002e7       0x34 ./Drivers/STM32F4xx_HAL_Driver/Src/stm32f4xx_hal_rcc.o
 .ARM.attributes
                0x0000031b       0x34 ../Middlewares/ST/ARM/DSP/Lib/libarm_cortexM4lf_math.a(arm_rfft_fast_init_f32.o)
 .ARM.attributes
                0x0000034f       0x34 ../Middlewares/ST/ARM/DSP/Lib/libarm_cortexM4lf_math.a(arm_rfft_fast_f32.o)
 .ARM.attributes
                0x00000383       0x34 ../Middlewares/ST/ARM/DSP/Lib/libarm_cortexM4lf_math.a(arm_cfft_f32.o)
 .ARM.attributes
                0x000003b7       0x34 ../Middlewares/ST/ARM/DSP/Lib/libarm_cortexM4lf_math.a(arm_bitreversal2.o)
 .ARM.attributes
                0x000003eb       0x34 ../Middlewares/ST/ARM/DSP/Lib/libarm_cortexM4lf_math.a(arm_cmplx_mag_f32.o)
 .ARM.attributes
                0x0000041f       0x39 ../Middlewares/ST/ARM/DSP/Lib/libarm_cortexM4lf_math.a(arm_common_tables.o)
 .ARM.attributes
                0x00000458       0x34 ../Middlewares/ST/ARM/DSP/Lib/libarm_cortexM4lf_math.a(arm_cfft_init_f32.o)
 .ARM.attributes
                0x0000048c       0x34 ../Middlewares/ST/ARM/DSP/Lib/libarm_cortexM4lf_math.a(arm_cfft_radix8_f32.o)
 .ARM.attributes
                0x000004c0       0x39 ../Middlewares/ST/ARM/DSP/Lib/libarm_cortexM4lf_math.a(arm_const_structs.o)
 .ARM.attributes
                0x000004f9       0x34 /Applications/STM32CubeIDE.app/Contents/Eclipse/plugins/com.st.stm32cube.ide.mcu.externaltools.gnu-tools-for-stm32.13.3.rel1.macos64_1.0.100.202509120712/tools/bin/../lib/gcc/arm-none-eabi/13.3.1/../../../../arm-none-eabi/lib/thumb/v7e-m+fp/hard/libc_nano.a(libc_a-findfp.o)
 .ARM.attributes
                0x0000052d       0x34 /Applications/STM32CubeIDE.app/Contents/Eclipse/plugins/com.st.stm32cube.ide.mcu.externaltools.gnu-tools-for-stm32.13.3.rel1.macos64_1.0.100.202509120712/tools/bin/../lib/gcc/arm-none-eabi/13.3.1/../../../../arm-none-eabi/lib/thumb/v7e-m+fp/hard/libc_nano.a(libc_a-memset.o)
 .ARM.attributes
                0x00000561       0x34 /Applications/STM32CubeIDE.app/Contents/Eclipse/plugins/com.st.stm32cube.ide.mcu.externaltools.gnu-tools-for-stm32.13.3.rel1.macos64_1.0.100.202509120712/tools/bin/../lib/gcc/arm-none-eabi/13.3.1/../../../../arm-none-eabi/lib/thumb/v7e-m+fp/hard/libc_nano.a(libc_a-errno.o)
 .ARM.attributes
                0x00000595       0x34 /Applications/STM32CubeIDE.app/Contents/Eclipse/plugins/com.st.stm32cube.ide.mcu.externaltools.gnu-tools-for-stm32.13.3.rel1.macos64_1.0.100.202509120712/tools/bin/../lib/gcc/arm-none-eabi/13.3.1/../../../../arm-none-eabi/lib/thumb/v7e-m+fp/hard/libc_nano.a(libc_a-init.o)
 .ARM.attributes
                0x000005c9       0x34 /Applications/STM32CubeIDE.app/Contents/Eclipse/plugins/com.st.stm32cube.ide.mcu.externaltools.gnu-tools-for-stm32.13.3.rel1.macos64_1.0.100.202509120712/tools/bin/../lib/gcc/arm-none-eabi/13.3.1/../../../../arm-none-eabi/lib/thumb/v7e-m+fp/hard/libc_nano.a(libc_a-impure.o)
 .ARM.attributes
                0x000005fd       0x34 /Applications/STM32CubeIDE.app/Contents/Eclipse/plugins/com.st.stm32cube.ide.mcu.externaltools.gnu-tools-for-stm32.13.3.rel1.macos64_1.0.100.202509120712/tools/bin/../lib/gcc/arm-none-eabi/13.3.1/../../../../arm-none-eabi/lib/thumb/v7e-m+fp/hard/libm.a(libm_a-wf_sqrt.o)
 .ARM.attributes
                0x00000631       0x34 /Applications/STM32CubeIDE.app/Contents/Eclipse/plugins/com.st.stm32cube.ide.mcu.externaltools.gnu-tools-for-stm32.13.3.rel1.macos64_1.0.100.202509120712/tools/bin/../lib/gcc/arm-none-eabi/13.3.1/../../../../arm-none-eabi/lib/thumb/v7e-m+fp/hard/libm.a(libm_a-ef_sqrt.o)
 .ARM.attributes
                0x00000665       0x22 /Applications/STM32CubeIDE.app/Contents/Eclipse/plugins/com.st.stm32cube.ide.mcu.externaltools.gnu-tools-for-stm32.13.3.rel1.macos64_1.0.100.202509120712/tools/bin/../lib/gcc/arm-none-eabi/13.3.1/thumb/v7e-m+fp/hard/libgcc.a(_aeabi_uldivmod.o)
 .ARM.attributes
                0x00000687       0x34 /Applications/STM32CubeIDE.app/Contents/Eclipse/plugins/com.st.stm32cube.ide.mcu.externaltools.gnu-tools-for-stm32.13.3.rel1.macos64_1.0.100.202509120712/tools/bin/../lib/gcc/arm-none-eabi/13.3.1/thumb/v7e-m+fp/hard/libgcc.a(_udivmoddi4.o)
 .ARM.attributes
                0x000006bb       0x22 /Applications/STM32CubeIDE.app/Contents/Eclipse/plugins/com.st.stm32cube.ide.mcu.externaltools.gnu-tools-for-stm32.13.3.rel1.macos64_1.0.100.202509120712/tools/bin/../lib/gcc/arm-none-eabi/13.3.1/thumb/v7e-m+fp/hard/libgcc.a(_dvmd_tls.o)
 .ARM.attributes
                0x000006dd       0x22 /Applications/STM32CubeIDE.app/Contents/Eclipse/plugins/com.st.stm32cube.ide.mcu.externaltools.gnu-tools-for-stm32.13.3.rel1.macos64_1.0.100.202509120712/tools/bin/../lib/gcc/arm-none-eabi/13.3.1/thumb/v7e-m+fp/hard/crtn.o
OUTPUT(HB100_RADAR_DETECTION_WITH_STM32F4.elf elf32-littlearm)
LOAD linker stubs
LOAD /Applications/STM32CubeIDE.app/Contents/Eclipse/plugins/com.st.stm32cube.ide.mcu.externaltools.gnu-tools-for-stm32.13.3.rel1.macos64_1.0.100.202509120712/tools/bin/../lib/gcc/arm-none-eabi/13.3.1/../../../../arm-none-eabi/lib/thumb/v7e-m+fp/hard/libc.a
LOAD /Applications/STM32CubeIDE.app/Contents/Eclipse/plugins/com.st.stm32cube.ide.mcu.externaltools.gnu-tools-for-stm32.13.3.rel1.macos64_1.0.100.202509120712/tools/bin/../lib/gcc/arm-none-eabi/13.3.1/../../../../arm-none-eabi/lib/thumb/v7e-m+fp/hard/libm.a
LOAD /Applications/STM32CubeIDE.app/Contents/Eclipse/plugins/com.st.stm32cube.ide.mcu.externaltools.gnu-tools-for-stm32.13.3.rel1.macos64_1.0.100.202509120712/tools/bin/../lib/gcc/arm-none-eabi/13.3.1/thumb/v7e-m+fp/hard/libgcc.a

.debug_info     0x00000000    0x13c73
 .debug_info    0x00000000      0xa51 ./Core/Src/main.o
 .debug_info    0x00000a51      0x92d ./Core/Src/stm32f4xx_hal_msp.o
 .debug_info    0x0000137e      0x112 ./Core/Src/stm32f4xx_it.o
 .debug_info    0x00001490      0x53e ./Core/Src/system_stm32f4xx.o
 .debug_info    0x000019ce       0x30 ./Core/Startup/startup_stm32f411retx.o
 .debug_info    0x000019fe      0xb17 ./Drivers/Modules/ADC_DMA_Config.o
 .debug_info    0x00002515      0x419 ./Drivers/Modules/FFT_DPS.o
 .debug_info    0x0000292e      0x515 ./Drivers/Modules/RadarSignalHelper.o
 .debug_info    0x00002e43      0x378 ./Drivers/Modules/TimerDriver.o
 .debug_info    0x000031bb      0x891 ./Drivers/Modules/UARTDriver.o
 .debug_info    0x00003a4c      0x8c4 ./Drivers/STM32F4xx_HAL_Driver/Src/stm32f4xx_hal.o
 .debug_info    0x00004310      0xcfc ./Drivers/STM32F4xx_HAL_Driver/Src/stm32f4xx_hal_cortex.o
 .debug_info    0x0000500c      0x6f9 ./Drivers/STM32F4xx_HAL_Driver/Src/stm32f4xx_hal_gpio.o
 .debug_info    0x00005705      0x904 ./Drivers/STM32F4xx_HAL_Driver/Src/stm32f4xx_hal_rcc.o
 .debug_info    0x00006009     0x1c2f ../Middlewares/ST/ARM/DSP/Lib/libarm_cortexM4lf_math.a(arm_rfft_fast_init_f32.o)
 .debug_info    0x00007c38      0xfb8 ../Middlewares/ST/ARM/DSP/Lib/libarm_cortexM4lf_math.a(arm_rfft_fast_f32.o)
 .debug_info    0x00008bf0     0x1ed6 ../Middlewares/ST/ARM/DSP/Lib/libarm_cortexM4lf_math.a(arm_cfft_f32.o)
 .debug_info    0x0000aac6     0x19aa ../Middlewares/ST/ARM/DSP/Lib/libarm_cortexM4lf_math.a(arm_bitreversal2.o)
 .debug_info    0x0000c470      0xcbb ../Middlewares/ST/ARM/DSP/Lib/libarm_cortexM4lf_math.a(arm_cmplx_mag_f32.o)
 .debug_info    0x0000d12b     0x1e86 ../Middlewares/ST/ARM/DSP/Lib/libarm_cortexM4lf_math.a(arm_common_tables.o)
 .debug_info    0x0000efb1     0x1c05 ../Middlewares/ST/ARM/DSP/Lib/libarm_cortexM4lf_math.a(arm_cfft_init_f32.o)
 .debug_info    0x00010bb6      0xeda ../Middlewares/ST/ARM/DSP/Lib/libarm_cortexM4lf_math.a(arm_cfft_radix8_f32.o)
 .debug_info    0x00011a90     0x21e3 ../Middlewares/ST/ARM/DSP/Lib/libarm_cortexM4lf_math.a(arm_const_structs.o)

.debug_abbrev   0x00000000     0x2c96
 .debug_abbrev  0x00000000      0x2a1 ./Core/Src/main.o
 .debug_abbrev  0x000002a1      0x1c1 ./Core/Src/stm32f4xx_hal_msp.o
 .debug_abbrev  0x00000462       0x73 ./Core/Src/stm32f4xx_it.o
 .debug_abbrev  0x000004d5      0x11a ./Core/Src/system_stm32f4xx.o
 .debug_abbrev  0x000005ef       0x24 ./Core/Startup/startup_stm32f411retx.o
 .debug_abbrev  0x00000613      0x204 ./Drivers/Modules/ADC_DMA_Config.o
 .debug_abbrev  0x00000817      0x19d ./Drivers/Modules/FFT_DPS.o
 .debug_abbrev  0x000009b4      0x148 ./Drivers/Modules/RadarSignalHelper.o
 .debug_abbrev  0x00000afc       0xc6 ./Drivers/Modules/TimerDriver.o
 .debug_abbrev  0x00000bc2      0x277 ./Drivers/Modules/UARTDriver.o
 .debug_abbrev  0x00000e39      0x24b ./Drivers/STM32F4xx_HAL_Driver/Src/stm32f4xx_hal.o
 .debug_abbrev  0x00001084      0x31d ./Drivers/STM32F4xx_HAL_Driver/Src/stm32f4xx_hal_cortex.o
 .debug_abbrev  0x000013a1      0x1d3 ./Drivers/STM32F4xx_HAL_Driver/Src/stm32f4xx_hal_gpio.o
 .debug_abbrev  0x00001574      0x2b6 ./Drivers/STM32F4xx_HAL_Driver/Src/stm32f4xx_hal_rcc.o
 .debug_abbrev  0x0000182a      0x2c9 ../Middlewares/ST/ARM/DSP/Lib/libarm_cortexM4lf_math.a(arm_rfft_fast_init_f32.o)
 .debug_abbrev  0x00001af3      0x260 ../Middlewares/ST/ARM/DSP/Lib/libarm_cortexM4lf_math.a(arm_rfft_fast_f32.o)
 .debug_abbrev  0x00001d53      0x288 ../Middlewares/ST/ARM/DSP/Lib/libarm_cortexM4lf_math.a(arm_cfft_f32.o)
 .debug_abbrev  0x00001fdb      0x21a ../Middlewares/ST/ARM/DSP/Lib/libarm_cortexM4lf_math.a(arm_bitreversal2.o)
 .debug_abbrev  0x000021f5      0x288 ../Middlewares/ST/ARM/DSP/Lib/libarm_cortexM4lf_math.a(arm_cmplx_mag_f32.o)
 .debug_abbrev  0x0000247d      0x1ec ../Middlewares/ST/ARM/DSP/Lib/libarm_cortexM4lf_math.a(arm_common_tables.o)
 .debug_abbrev  0x00002669      0x232 ../Middlewares/ST/ARM/DSP/Lib/libarm_cortexM4lf_math.a(arm_cfft_init_f32.o)
 .debug_abbrev  0x0000289b      0x20b ../Middlewares/ST/ARM/DSP/Lib/libarm_cortexM4lf_math.a(arm_cfft_radix8_f32.o)
 .debug_abbrev  0x00002aa6      0x1f0 ../Middlewares/ST/ARM/DSP/Lib/libarm_cortexM4lf_math.a(arm_const_structs.o)

.debug_aranges  0x00000000      0x700
 .debug_aranges
                0x00000000       0x40 ./Core/Src/main.o
 .debug_aranges
                0x00000040       0x30 ./Core/Src/stm32f4xx_hal_msp.o
 .debug_aranges
                0x00000070       0x60 ./Core/Src/stm32f4xx_it.o
 .debug_aranges
                0x000000d0       0x28 ./Core/Src/system_stm32f4xx.o
 .debug_aranges
                0x000000f8       0x28 ./Core/Startup/startup_stm32f411retx.o
 .debug_aranges
                0x00000120       0x40 ./Drivers/Modules/ADC_DMA_Config.o
 .debug_aranges
                0x00000160       0x20 ./Drivers/Modules/FFT_DPS.o
 .debug_aranges
                0x00000180       0x78 ./Drivers/Modules/RadarSignalHelper.o
 .debug_aranges
                0x000001f8       0x20 ./Drivers/Modules/TimerDriver.o
 .debug_aranges
                0x00000218       0x68 ./Drivers/Modules/UARTDriver.o
 .debug_aranges
                0x00000280       0xf0 ./Drivers/STM32F4xx_HAL_Driver/Src/stm32f4xx_hal.o
 .debug_aranges
                0x00000370      0x130 ./Drivers/STM32F4xx_HAL_Driver/Src/stm32f4xx_hal_cortex.o
 .debug_aranges
                0x000004a0       0x58 ./Drivers/STM32F4xx_HAL_Driver/Src/stm32f4xx_hal_gpio.o
 .debug_aranges
                0x000004f8       0x88 ./Drivers/STM32F4xx_HAL_Driver/Src/stm32f4xx_hal_rcc.o
 .debug_aranges
                0x00000580       0x60 ../Middlewares/ST/ARM/DSP/Lib/libarm_cortexM4lf_math.a(arm_rfft_fast_init_f32.o)
 .debug_aranges
                0x000005e0       0x30 ../Middlewares/ST/ARM/DSP/Lib/libarm_cortexM4lf_math.a(arm_rfft_fast_f32.o)
 .debug_aranges
                0x00000610       0x30 ../Middlewares/ST/ARM/DSP/Lib/libarm_cortexM4lf_math.a(arm_cfft_f32.o)
 .debug_aranges
                0x00000640       0x30 ../Middlewares/ST/ARM/DSP/Lib/libarm_cortexM4lf_math.a(arm_bitreversal2.o)
 .debug_aranges
                0x00000670       0x20 ../Middlewares/ST/ARM/DSP/Lib/libarm_cortexM4lf_math.a(arm_cmplx_mag_f32.o)
 .debug_aranges
                0x00000690       0x18 ../Middlewares/ST/ARM/DSP/Lib/libarm_cortexM4lf_math.a(arm_common_tables.o)
 .debug_aranges
                0x000006a8       0x20 ../Middlewares/ST/ARM/DSP/Lib/libarm_cortexM4lf_math.a(arm_cfft_init_f32.o)
 .debug_aranges
                0x000006c8       0x20 ../Middlewares/ST/ARM/DSP/Lib/libarm_cortexM4lf_math.a(arm_cfft_radix8_f32.o)
 .debug_aranges
                0x000006e8       0x18 ../Middlewares/ST/ARM/DSP/Lib/libarm_cortexM4lf_math.a(arm_const_structs.o)

.debug_rnglists
                0x00000000      0x3f3
 .debug_rnglists
                0x00000000       0x2e ./Core/Src/main.o
 .debug_rnglists
                0x0000002e       0x20 ./Core/Src/stm32f4xx_hal_msp.o
 .debug_rnglists
                0x0000004e       0x43 ./Core/Src/stm32f4xx_it.o
 .debug_rnglists
                0x00000091       0x1a ./Core/Src/system_stm32f4xx.o
 .debug_rnglists
                0x000000ab       0x19 ./Core/Startup/startup_stm32f411retx.o
 .debug_rnglists
                0x000000c4       0x2e ./Drivers/Modules/ADC_DMA_Config.o
 .debug_rnglists
                0x000000f2       0x14 ./Drivers/Modules/FFT_DPS.o
 .debug_rnglists
                0x00000106       0x59 ./Drivers/Modules/RadarSignalHelper.o
 .debug_rnglists
                0x0000015f       0x13 ./Drivers/Modules/TimerDriver.o
 .debug_rnglists
                0x00000172       0x4d ./Drivers/Modules/UARTDriver.o
 .debug_rnglists
                0x000001bf       0xaf ./Drivers/STM32F4xx_HAL_Driver/Src/stm32f4xx_hal.o
 .debug_rnglists
                0x0000026e       0xe0 ./Drivers/STM32F4xx_HAL_Driver/Src/stm32f4xx_hal_cortex.o
 .debug_rnglists
                0x0000034e       0x3f ./Drivers/STM32F4xx_HAL_Driver/Src/stm32f4xx_hal_gpio.o
 .debug_rnglists
                0x0000038d       0x66 ./Drivers/STM32F4xx_HAL_Driver/Src/stm32f4xx_hal_rcc.o

.debug_macro    0x00000000    0x1631a
 .debug_macro   0x00000000      0x356 ./Core/Src/main.o
 .debug_macro   0x00000356      0xad8 ./Core/Src/main.o
 .debug_macro   0x00000e2e      0x295 ./Core/Src/main.o
 .debug_macro   0x000010c3       0x2e ./Core/Src/main.o
 .debug_macro   0x000010f1       0x28 ./Core/Src/main.o
 .debug_macro   0x00001119       0x22 ./Core/Src/main.o
 .debug_macro   0x0000113b       0x8e ./Core/Src/main.o
 .debug_macro   0x000011c9       0x51 ./Core/Src/main.o
 .debug_macro   0x0000121a      0x103 ./Core/Src/main.o
 .debug_macro   0x0000131d       0x6a ./Core/Src/main.o
 .debug_macro   0x00001387      0x1df ./Core/Src/main.o
 .debug_macro   0x00001566       0x1c ./Core/Src/main.o
 .debug_macro   0x00001582       0x22 ./Core/Src/main.o
 .debug_macro   0x000015a4       0xfb ./Core/Src/main.o
 .debug_macro   0x0000169f     0x1011 ./Core/Src/main.o
 .debug_macro   0x000026b0      0x11f ./Core/Src/main.o
 .debug_macro   0x000027cf     0xb968 ./Core/Src/main.o
 .debug_macro   0x0000e137       0x6d ./Core/Src/main.o
 .debug_macro   0x0000e1a4     0x3693 ./Core/Src/main.o
 .debug_macro   0x00011837      0x190 ./Core/Src/main.o
 .debug_macro   0x000119c7       0x5c ./Core/Src/main.o
 .debug_macro   0x00011a23      0x45c ./Core/Src/main.o
 .debug_macro   0x00011e7f      0x9e9 ./Core/Src/main.o
 .debug_macro   0x00012868      0x115 ./Core/Src/main.o
 .debug_macro   0x0001297d      0x11b ./Core/Src/main.o
 .debug_macro   0x00012a98       0xa5 ./Core/Src/main.o
 .debug_macro   0x00012b3d      0x15f ./Core/Src/main.o
 .debug_macro   0x00012c9c      0x287 ./Core/Src/main.o
 .debug_macro   0x00012f23       0x5f ./Core/Src/main.o
 .debug_macro   0x00012f82      0x236 ./Core/Src/main.o
 .debug_macro   0x000131b8      0x132 ./Core/Src/main.o
 .debug_macro   0x000132ea      0x264 ./Core/Src/main.o
 .debug_macro   0x0001354e       0x2e ./Core/Src/main.o
 .debug_macro   0x0001357c      0x127 ./Core/Src/main.o
 .debug_macro   0x000136a3       0x85 ./Core/Src/main.o
 .debug_macro   0x00013728       0x89 ./Core/Src/main.o
 .debug_macro   0x000137b1      0x2aa ./Core/Src/main.o
 .debug_macro   0x00013a5b      0x126 ./Core/Src/main.o
 .debug_macro   0x00013b81       0x58 ./Core/Src/main.o
 .debug_macro   0x00013bd9       0x61 ./Core/Src/main.o
 .debug_macro   0x00013c3a       0x2a ./Core/Src/main.o
 .debug_macro   0x00013c64       0x43 ./Core/Src/main.o
 .debug_macro   0x00013ca7       0x34 ./Core/Src/main.o
 .debug_macro   0x00013cdb      0x370 ./Core/Src/main.o
 .debug_macro   0x0001404b       0x16 ./Core/Src/main.o
 .debug_macro   0x00014061       0x4a ./Core/Src/main.o
 .debug_macro   0x000140ab       0x34 ./Core/Src/main.o
 .debug_macro   0x000140df       0x10 ./Core/Src/main.o
 .debug_macro   0x000140ef       0x58 ./Core/Src/main.o
 .debug_macro   0x00014147       0x8e ./Core/Src/main.o
 .debug_macro   0x000141d5       0x1c ./Core/Src/main.o
 .debug_macro   0x000141f1      0x185 ./Core/Src/main.o
 .debug_macro   0x00014376       0x10 ./Core/Src/main.o
 .debug_macro   0x00014386       0x3c ./Core/Src/main.o
 .debug_macro   0x000143c2       0x20 ./Core/Src/main.o
 .debug_macro   0x000143e2      0x19b ./Core/Src/main.o
 .debug_macro   0x0001457d      0x201 ./Core/Src/main.o
 .debug_macro   0x0001477e       0x7c ./Core/Src/main.o
 .debug_macro   0x000147fa       0x17 ./Core/Src/main.o
 .debug_macro   0x00014811      0x118 ./Core/Src/main.o
 .debug_macro   0x00014929      0x169 ./Core/Src/main.o
 .debug_macro   0x00014a92       0x3a ./Core/Src/main.o
 .debug_macro   0x00014acc       0x16 ./Core/Src/main.o
 .debug_macro   0x00014ae2      0x1c9 ./Core/Src/stm32f4xx_hal_msp.o
 .debug_macro   0x00014cab      0x1d3 ./Core/Src/stm32f4xx_it.o
 .debug_macro   0x00014e7e      0x1ba ./Core/Src/system_stm32f4xx.o
 .debug_macro   0x00015038      0x322 ./Drivers/Modules/ADC_DMA_Config.o
 .debug_macro   0x0001535a       0x34 ./Drivers/Modules/ADC_DMA_Config.o
 .debug_macro   0x0001538e      0x1ce ./Drivers/Modules/FFT_DPS.o
 .debug_macro   0x0001555c       0x1c ./Drivers/Modules/FFT_DPS.o
 .debug_macro   0x00015578      0x1da ./Drivers/Modules/RadarSignalHelper.o
 .debug_macro   0x00015752      0x1c4 ./Drivers/Modules/TimerDriver.o
 .debug_macro   0x00015916      0x292 ./Drivers/Modules/UARTDriver.o
 .debug_macro   0x00015ba8      0x21a ./Drivers/STM32F4xx_HAL_Driver/Src/stm32f4xx_hal.o
 .debug_macro   0x00015dc2      0x1ba ./Drivers/STM32F4xx_HAL_Driver/Src/stm32f4xx_hal_cortex.o
 .debug_macro   0x00015f7c      0x1c0 ./Drivers/STM32F4xx_HAL_Driver/Src/stm32f4xx_hal_gpio.o
 .debug_macro   0x0001613c      0x1de ./Drivers/STM32F4xx_HAL_Driver/Src/stm32f4xx_hal_rcc.o

.debug_line     0x00000000     0xaf37
 .debug_line    0x00000000      0xa9b ./Core/Src/main.o
 .debug_line    0x00000a9b      0x700 ./Core/Src/stm32f4xx_hal_msp.o
 .debug_line    0x0000119b      0x761 ./Core/Src/stm32f4xx_it.o
 .debug_line    0x000018fc      0x728 ./Core/Src/system_stm32f4xx.o
 .debug_line    0x00002024       0x7a ./Core/Startup/startup_stm32f411retx.o
 .debug_line    0x0000209e      0xa73 ./Drivers/Modules/ADC_DMA_Config.o
 .debug_line    0x00002b11      0x6be ./Drivers/Modules/FFT_DPS.o
 .debug_line    0x000031cf      0x885 ./Drivers/Modules/RadarSignalHelper.o
 .debug_line    0x00003a54      0x6e2 ./Drivers/Modules/TimerDriver.o
 .debug_line    0x00004136      0xb28 ./Drivers/Modules/UARTDriver.o
 .debug_line    0x00004c5e      0x9a4 ./Drivers/STM32F4xx_HAL_Driver/Src/stm32f4xx_hal.o
 .debug_line    0x00005602      0xc74 ./Drivers/STM32F4xx_HAL_Driver/Src/stm32f4xx_hal_cortex.o
 .debug_line    0x00006276      0xac0 ./Drivers/STM32F4xx_HAL_Driver/Src/stm32f4xx_hal_gpio.o
 .debug_line    0x00006d36      0xdb3 ./Drivers/STM32F4xx_HAL_Driver/Src/stm32f4xx_hal_rcc.o
 .debug_line    0x00007ae9      0x4d0 ../Middlewares/ST/ARM/DSP/Lib/libarm_cortexM4lf_math.a(arm_rfft_fast_init_f32.o)
 .debug_line    0x00007fb9      0x4ab ../Middlewares/ST/ARM/DSP/Lib/libarm_cortexM4lf_math.a(arm_rfft_fast_f32.o)
 .debug_line    0x00008464      0xef2 ../Middlewares/ST/ARM/DSP/Lib/libarm_cortexM4lf_math.a(arm_cfft_f32.o)
 .debug_line    0x00009356      0x39a ../Middlewares/ST/ARM/DSP/Lib/libarm_cortexM4lf_math.a(arm_bitreversal2.o)
 .debug_line    0x000096f0      0x501 ../Middlewares/ST/ARM/DSP/Lib/libarm_cortexM4lf_math.a(arm_cmplx_mag_f32.o)
 .debug_line    0x00009bf1      0x1f7 ../Middlewares/ST/ARM/DSP/Lib/libarm_cortexM4lf_math.a(arm_common_tables.o)
 .debug_line    0x00009de8      0x2a5 ../Middlewares/ST/ARM/DSP/Lib/libarm_cortexM4lf_math.a(arm_cfft_init_f32.o)
 .debug_line    0x0000a08d      0xc9c ../Middlewares/ST/ARM/DSP/Lib/libarm_cortexM4lf_math.a(arm_cfft_radix8_f32.o)
 .debug_line    0x0000ad29      0x20e ../Middlewares/ST/ARM/DSP/Lib/libarm_cortexM4lf_math.a(arm_const_structs.o)

.debug_str      0x00000000    0x88738
 .debug_str     0x00000000    0x88738 ./Core/Src/main.o
                              0x85508 (size before relaxing)
 .debug_str     0x00088738        0x0 ./Core/Src/stm32f4xx_hal_msp.o
                              0x806d4 (size before relaxing)
 .debug_str     0x00088738        0x0 ./Core/Src/stm32f4xx_it.o
                              0x8010c (size before relaxing)
 .debug_str     0x00088738        0x0 ./Core/Src/system_stm32f4xx.o
                              0x80122 (size before relaxing)
 .debug_str     0x00088738        0x0 ./Core/Startup/startup_stm32f411retx.o
                                 0x8e (size before relaxing)
 .debug_str     0x00088738        0x0 ./Drivers/Modules/ADC_DMA_Config.o
                              0x85428 (size before relaxing)
 .debug_str     0x00088738        0x0 ./Drivers/Modules/FFT_DPS.o
                               0x9bed (size before relaxing)
 .debug_str     0x00088738        0x0 ./Drivers/Modules/RadarSignalHelper.o
                               0x9bf3 (size before relaxing)
 .debug_str     0x00088738        0x0 ./Drivers/Modules/TimerDriver.o
                              0x800d2 (size before relaxing)
 .debug_str     0x00088738        0x0 ./Drivers/Modules/UARTDriver.o
                              0x837a1 (size before relaxing)
 .debug_str     0x00088738        0x0 ./Drivers/STM32F4xx_HAL_Driver/Src/stm32f4xx_hal.o
                              0x80b4e (size before relaxing)
 .debug_str     0x00088738        0x0 ./Drivers/STM32F4xx_HAL_Driver/Src/stm32f4xx_hal_cortex.o
                              0x808b8 (size before relaxing)
 .debug_str     0x00088738        0x0 ./Drivers/STM32F4xx_HAL_Driver/Src/stm32f4xx_hal_gpio.o
                              0x8029d (size before relaxing)
 .debug_str     0x00088738        0x0 ./Drivers/STM32F4xx_HAL_Driver/Src/stm32f4xx_hal_rcc.o
                              0x80556 (size before relaxing)
 .debug_str     0x00088738        0x0 ../Middlewares/ST/ARM/DSP/Lib/libarm_cortexM4lf_math.a(arm_rfft_fast_init_f32.o)
                               0x11c9 (size before relaxing)
 .debug_str     0x00088738        0x0 ../Middlewares/ST/ARM/DSP/Lib/libarm_cortexM4lf_math.a(arm_rfft_fast_f32.o)
                                0x73b (size before relaxing)
 .debug_str     0x00088738        0x0 ../Middlewares/ST/ARM/DSP/Lib/libarm_cortexM4lf_math.a(arm_cfft_f32.o)
                               0x10f3 (size before relaxing)
 .debug_str     0x00088738        0x0 ../Middlewares/ST/ARM/DSP/Lib/libarm_cortexM4lf_math.a(arm_bitreversal2.o)
                                0xffe (size before relaxing)
 .debug_str     0x00088738        0x0 ../Middlewares/ST/ARM/DSP/Lib/libarm_cortexM4lf_math.a(arm_cmplx_mag_f32.o)
                                0x736 (size before relaxing)
 .debug_str     0x00088738        0x0 ../Middlewares/ST/ARM/DSP/Lib/libarm_cortexM4lf_math.a(arm_common_tables.o)
                                0xf92 (size before relaxing)
 .debug_str     0x00088738        0x0 ../Middlewares/ST/ARM/DSP/Lib/libarm_cortexM4lf_math.a(arm_cfft_init_f32.o)
                               0x1412 (size before relaxing)
 .debug_str     0x00088738        0x0 ../Middlewares/ST/ARM/DSP/Lib/libarm_cortexM4lf_math.a(arm_cfft_radix8_f32.o)
                                0x69d (size before relaxing)
 .debug_str     0x00088738        0x0 ../Middlewares/ST/ARM/DSP/Lib/libarm_cortexM4lf_math.a(arm_const_structs.o)
                               0x17bc (size before relaxing)

.comment        0x00000000       0xbc
 .comment       0x00000000       0xbc ./Core/Src/main.o
                                 0x44 (size before relaxing)
 .comment       0x000000bc        0x0 ./Core/Src/stm32f4xx_hal_msp.o
                                 0x44 (size before relaxing)
 .comment       0x000000bc        0x0 ./Core/Src/stm32f4xx_it.o
                                 0x44 (size before relaxing)
 .comment       0x000000bc        0x0 ./Core/Src/system_stm32f4xx.o
                                 0x44 (size before relaxing)
 .comment       0x000000bc        0x0 ./Drivers/Modules/ADC_DMA_Config.o
                                 0x44 (size before relaxing)
 .comment       0x000000bc        0x0 ./Drivers/Modules/FFT_DPS.o
                                 0x44 (size before relaxing)
 .comment       0x000000bc        0x0 ./Drivers/Modules/RadarSignalHelper.o
                                 0x44 (size before relaxing)
 .comment       0x000000bc        0x0 ./Drivers/Modules/TimerDriver.o
                                 0x44 (size before relaxing)
 .comment       0x000000bc        0x0 ./Drivers/Modules/UARTDriver.o
                                 0x44 (size before relaxing)
 .comment       0x000000bc        0x0 ./Drivers/STM32F4xx_HAL_Driver/Src/stm32f4xx_hal.o
                                 0x44 (size before relaxing)
 .comment       0x000000bc        0x0 ./Drivers/STM32F4xx_HAL_Driver/Src/stm32f4xx_hal_cortex.o
                                 0x44 (size before relaxing)
 .comment       0x000000bc        0x0 ./Drivers/STM32F4xx_HAL_Driver/Src/stm32f4xx_hal_gpio.o
                                 0x44 (size before relaxing)
 .comment       0x000000bc        0x0 ./Drivers/STM32F4xx_HAL_Driver/Src/stm32f4xx_hal_rcc.o
                                 0x44 (size before relaxing)
 .comment       0x000000bc        0x0 ../Middlewares/ST/ARM/DSP/Lib/libarm_cortexM4lf_math.a(arm_rfft_fast_init_f32.o)
                                 0x7a (size before relaxing)
 .comment       0x000000bc        0x0 ../Middlewares/ST/ARM/DSP/Lib/libarm_cortexM4lf_math.a(arm_rfft_fast_f32.o)
                                 0x7a (size before relaxing)
 .comment       0x000000bc        0x0 ../Middlewares/ST/ARM/DSP/Lib/libarm_cortexM4lf_math.a(arm_cfft_f32.o)
                                 0x7a (size before relaxing)
 .comment       0x000000bc        0x0 ../Middlewares/ST/ARM/DSP/Lib/libarm_cortexM4lf_math.a(arm_bitreversal2.o)
                                 0x7a (size before relaxing)
 .comment       0x000000bc        0x0 ../Middlewares/ST/ARM/DSP/Lib/libarm_cortexM4lf_math.a(arm_cmplx_mag_f32.o)
                                 0x7a (size before relaxing)
 .comment       0x000000bc        0x0 ../Middlewares/ST/ARM/DSP/Lib/libarm_cortexM4lf_math.a(arm_common_tables.o)
                                 0x7a (size before relaxing)
 .comment       0x000000bc        0x0 ../Middlewares/ST/ARM/DSP/Lib/libarm_cortexM4lf_math.a(arm_cfft_init_f32.o)
                                 0x7a (size before relaxing)
 .comment       0x000000bc        0x0 ../Middlewares/ST/ARM/DSP/Lib/libarm_cortexM4lf_math.a(arm_cfft_radix8_f32.o)
                                 0x7a (size before relaxing)
 .comment       0x000000bc        0x0 ../Middlewares/ST/ARM/DSP/Lib/libarm_cortexM4lf_math.a(arm_const_structs.o)
                                 0x7a (size before relaxing)

.debug_frame    0x00000000     0x1940
 .debug_frame   0x00000000       0xb8 ./Core/Src/main.o
 .debug_frame   0x000000b8       0x7c ./Core/Src/stm32f4xx_hal_msp.o
 .debug_frame   0x00000134      0x104 ./Core/Src/stm32f4xx_it.o
 .debug_frame   0x00000238       0x58 ./Core/Src/system_stm32f4xx.o
 .debug_frame   0x00000290       0xc0 ./Drivers/Modules/ADC_DMA_Config.o
 .debug_frame   0x00000350       0x38 ./Drivers/Modules/FFT_DPS.o
 .debug_frame   0x00000388      0x1d8 ./Drivers/Modules/RadarSignalHelper.o
 .debug_frame   0x00000560       0x38 ./Drivers/Modules/TimerDriver.o
 .debug_frame   0x00000598      0x168 ./Drivers/Modules/UARTDriver.o
 .debug_frame   0x00000700      0x374 ./Drivers/STM32F4xx_HAL_Driver/Src/stm32f4xx_hal.o
 .debug_frame   0x00000a74      0x508 ./Drivers/STM32F4xx_HAL_Driver/Src/stm32f4xx_hal_cortex.o
 .debug_frame   0x00000f7c      0x14c ./Drivers/STM32F4xx_HAL_Driver/Src/stm32f4xx_hal_gpio.o
 .debug_frame   0x000010c8      0x1f4 ./Drivers/STM32F4xx_HAL_Driver/Src/stm32f4xx_hal_rcc.o
 .debug_frame   0x000012bc      0x100 ../Middlewares/ST/ARM/DSP/Lib/libarm_cortexM4lf_math.a(arm_rfft_fast_init_f32.o)
 .debug_frame   0x000013bc       0x7c ../Middlewares/ST/ARM/DSP/Lib/libarm_cortexM4lf_math.a(arm_rfft_fast_f32.o)
 .debug_frame   0x00001438      0x108 ../Middlewares/ST/ARM/DSP/Lib/libarm_cortexM4lf_math.a(arm_cfft_f32.o)
 .debug_frame   0x00001540       0x84 ../Middlewares/ST/ARM/DSP/Lib/libarm_cortexM4lf_math.a(arm_bitreversal2.o)
 .debug_frame   0x000015c4       0x4c ../Middlewares/ST/ARM/DSP/Lib/libarm_cortexM4lf_math.a(arm_cmplx_mag_f32.o)
 .debug_frame   0x00001610       0x34 ../Middlewares/ST/ARM/DSP/Lib/libarm_cortexM4lf_math.a(arm_cfft_init_f32.o)
 .debug_frame   0x00001644       0x94 ../Middlewares/ST/ARM/DSP/Lib/libarm_cortexM4lf_math.a(arm_cfft_radix8_f32.o)
 .debug_frame   0x000016d8      0x144 /Applications/STM32CubeIDE.app/Contents/Eclipse/plugins/com.st.stm32cube.ide.mcu.externaltools.gnu-tools-for-stm32.13.3.rel1.macos64_1.0.100.202509120712/tools/bin/../lib/gcc/arm-none-eabi/13.3.1/../../../../arm-none-eabi/lib/thumb/v7e-m+fp/hard/libc_nano.a(libc_a-findfp.o)
 .debug_frame   0x0000181c       0x20 /Applications/STM32CubeIDE.app/Contents/Eclipse/plugins/com.st.stm32cube.ide.mcu.externaltools.gnu-tools-for-stm32.13.3.rel1.macos64_1.0.100.202509120712/tools/bin/../lib/gcc/arm-none-eabi/13.3.1/../../../../arm-none-eabi/lib/thumb/v7e-m+fp/hard/libc_nano.a(libc_a-memset.o)
 .debug_frame   0x0000183c       0x20 /Applications/STM32CubeIDE.app/Contents/Eclipse/plugins/com.st.stm32cube.ide.mcu.externaltools.gnu-tools-for-stm32.13.3.rel1.macos64_1.0.100.202509120712/tools/bin/../lib/gcc/arm-none-eabi/13.3.1/../../../../arm-none-eabi/lib/thumb/v7e-m+fp/hard/libc_nano.a(libc_a-errno.o)
 .debug_frame   0x0000185c       0x2c /Applications/STM32CubeIDE.app/Contents/Eclipse/plugins/com.st.stm32cube.ide.mcu.externaltools.gnu-tools-for-stm32.13.3.rel1.macos64_1.0.100.202509120712/tools/bin/../lib/gcc/arm-none-eabi/13.3.1/../../../../arm-none-eabi/lib/thumb/v7e-m+fp/hard/libc_nano.a(libc_a-init.o)
 .debug_frame   0x00001888       0x38 /Applications/STM32CubeIDE.app/Contents/Eclipse/plugins/com.st.stm32cube.ide.mcu.externaltools.gnu-tools-for-stm32.13.3.rel1.macos64_1.0.100.202509120712/tools/bin/../lib/gcc/arm-none-eabi/13.3.1/../../../../arm-none-eabi/lib/thumb/v7e-m+fp/hard/libm.a(libm_a-wf_sqrt.o)
 .debug_frame   0x000018c0       0x20 /Applications/STM32CubeIDE.app/Contents/Eclipse/plugins/com.st.stm32cube.ide.mcu.externaltools.gnu-tools-for-stm32.13.3.rel1.macos64_1.0.100.202509120712/tools/bin/../lib/gcc/arm-none-eabi/13.3.1/../../../../arm-none-eabi/lib/thumb/v7e-m+fp/hard/libm.a(libm_a-ef_sqrt.o)
 .debug_frame   0x000018e0       0x2c /Applications/STM32CubeIDE.app/Contents/Eclipse/plugins/com.st.stm32cube.ide.mcu.externaltools.gnu-tools-for-stm32.13.3.rel1.macos64_1.0.100.202509120712/tools/bin/../lib/gcc/arm-none-eabi/13.3.1/thumb/v7e-m+fp/hard/libgcc.a(_aeabi_uldivmod.o)
 .debug_frame   0x0000190c       0x34 /Applications/STM32CubeIDE.app/Contents/Eclipse/plugins/com.st.stm32cube.ide.mcu.externaltools.gnu-tools-for-stm32.13.3.rel1.macos64_1.0.100.202509120712/tools/bin/../lib/gcc/arm-none-eabi/13.3.1/thumb/v7e-m+fp/hard/libgcc.a(_udivmoddi4.o)

.debug_line_str
                0x00000000       0x72
 .debug_line_str
                0x00000000       0x72 ./Core/Startup/startup_stm32f411retx.o

.debug_loc      0x00000000     0x391c
 .debug_loc     0x00000000      0x519 ../Middlewares/ST/ARM/DSP/Lib/libarm_cortexM4lf_math.a(arm_rfft_fast_init_f32.o)
 .debug_loc     0x00000519      0x9d7 ../Middlewares/ST/ARM/DSP/Lib/libarm_cortexM4lf_math.a(arm_rfft_fast_f32.o)
 .debug_loc     0x00000ef0     0x1406 ../Middlewares/ST/ARM/DSP/Lib/libarm_cortexM4lf_math.a(arm_cfft_f32.o)
 .debug_loc     0x000022f6      0x2cf ../Middlewares/ST/ARM/DSP/Lib/libarm_cortexM4lf_math.a(arm_bitreversal2.o)
 .debug_loc     0x000025c5      0x961 ../Middlewares/ST/ARM/DSP/Lib/libarm_cortexM4lf_math.a(arm_cmplx_mag_f32.o)
 .debug_loc     0x00002f26       0xee ../Middlewares/ST/ARM/DSP/Lib/libarm_cortexM4lf_math.a(arm_cfft_init_f32.o)
 .debug_loc     0x00003014      0x908 ../Middlewares/ST/ARM/DSP/Lib/libarm_cortexM4lf_math.a(arm_cfft_radix8_f32.o)

.debug_ranges   0x00000000      0x1b0
 .debug_ranges  0x00000000       0x50 ../Middlewares/ST/ARM/DSP/Lib/libarm_cortexM4lf_math.a(arm_rfft_fast_init_f32.o)
 .debug_ranges  0x00000050       0x20 ../Middlewares/ST/ARM/DSP/Lib/libarm_cortexM4lf_math.a(arm_rfft_fast_f32.o)
 .debug_ranges  0x00000070       0x20 ../Middlewares/ST/ARM/DSP/Lib/libarm_cortexM4lf_math.a(arm_cfft_f32.o)
 .debug_ranges  0x00000090       0x20 ../Middlewares/ST/ARM/DSP/Lib/libarm_cortexM4lf_math.a(arm_bitreversal2.o)
 .debug_ranges  0x000000b0       0xe0 ../Middlewares/ST/ARM/DSP/Lib/libarm_cortexM4lf_math.a(arm_cmplx_mag_f32.o)
 .debug_ranges  0x00000190       0x10 ../Middlewares/ST/ARM/DSP/Lib/libarm_cortexM4lf_math.a(arm_cfft_init_f32.o)
 .debug_ranges  0x000001a0       0x10 ../Middlewares/ST/ARM/DSP/Lib/libarm_cortexM4lf_math.a(arm_cfft_radix8_f32.o)
