../Drivers/CMSIS/Include/core_cm4.h:1684:22:__NVIC_EnableIRQ	16	static,ignoring_inline_asm
../Drivers/Modules/UARTDriver.c:21:6:uart_init	8	static
../Drivers/Modules/UARTDriver.c:84:6:USART1_IRQHandler	4	static
../Drivers/Modules/UARTDriver.c:104:6:uart_init_eski	8	static
../Drivers/Modules/UARTDriver.c:183:6:uart_send_char	16	static
../Drivers/Modules/UARTDriver.c:210:6:uart_send_string	16	static
../Drivers/Modules/UARTDriver.c:230:9:uart_read_char	16	static
../Drivers/Modules/UARTDriver.c:268:9:uart_read_char_IT	4	static
../Drivers/Modules/UARTDriver.c:279:6:uart_send_string_IT	16	static
../Drivers/Modules/UARTDriver.c:305:6:USART2_IRQHandler	4	static
